<!doctype html public "-//w3c//dtd html 4.0 transitional//en">
<html><head>
<title>Static Call Graph - [..\OBJ\PICTURE.axf]</title></head>
<body><HR>
<H1>Static Call Graph for image ..\OBJ\PICTURE.axf</H1><HR>
<BR><P>#&#060CALLGRAPH&#062# ARM Linker, 5060300: Last Updated: Sun Jul 18 19:36:40 2021
<BR><P>
<H3>Maximum Stack Usage =       1200 bytes + Unknown(Functions without stacksize, Cycles, Untraceable Function Pointers)</H3><H3>
Call chain for Maximum Stack Depth:</H3>
__rt_entry_main &rArr; main &rArr; audio_play &rArr; audio_play_song &rArr; wav_play_song &rArr; wav_decode_init &rArr; f_open &rArr; dir_register &rArr; dir_find &rArr; dir_read &rArr; load_xdir &rArr; dir_next &rArr; create_chain &rArr; put_fat &rArr; move_window &rArr; sync_window &rArr; disk_write &rArr; FTL_WriteSectors &rArr; FTL_CopyAndWriteToBlock &rArr; FTL_FindSamePlaneUnusedBlock &rArr; FTL_FindUnusedBlock &rArr; NAND_ReadSpare &rArr; NAND_ReadPage &rArr; NAND_ECC_Correction &rArr; __2printf &rArr; _printf_char_file &rArr; _printf_char_common &rArr; __printf
<P>
<H3>
Functions with no stack information
</H3><UL>
 <LI><a href="#[a6]">__user_initial_stackheap</a>
</UL>
</UL>
<P>
<H3>
Mutually Recursive functions
</H3> <LI><a href="#[24]">ADC_IRQHandler</a>&nbsp;&nbsp;&nbsp;&rArr;&nbsp;&nbsp;&nbsp;<a href="#[24]">ADC_IRQHandler</a><BR>
 <LI><a href="#[c]">BusFault_Handler</a>&nbsp;&nbsp;&nbsp;&rArr;&nbsp;&nbsp;&nbsp;<a href="#[c]">BusFault_Handler</a><BR>
 <LI><a href="#[a]">HardFault_Handler</a>&nbsp;&nbsp;&nbsp;&rArr;&nbsp;&nbsp;&nbsp;<a href="#[a]">HardFault_Handler</a><BR>
 <LI><a href="#[b]">MemManage_Handler</a>&nbsp;&nbsp;&nbsp;&rArr;&nbsp;&nbsp;&nbsp;<a href="#[b]">MemManage_Handler</a><BR>
 <LI><a href="#[d]">UsageFault_Handler</a>&nbsp;&nbsp;&nbsp;&rArr;&nbsp;&nbsp;&nbsp;<a href="#[d]">UsageFault_Handler</a><BR>
</UL>
<P>
<H3>
Function Pointers
</H3><UL>
 <LI><a href="#[24]">ADC_IRQHandler</a> from startup_stm32f429xx.o(.text) referenced from startup_stm32f429xx.o(RESET)
 <LI><a href="#[c]">BusFault_Handler</a> from stm32f4xx_it.o(i.BusFault_Handler) referenced from startup_stm32f429xx.o(RESET)
 <LI><a href="#[26]">CAN1_RX0_IRQHandler</a> from startup_stm32f429xx.o(.text) referenced from startup_stm32f429xx.o(RESET)
 <LI><a href="#[27]">CAN1_RX1_IRQHandler</a> from startup_stm32f429xx.o(.text) referenced from startup_stm32f429xx.o(RESET)
 <LI><a href="#[28]">CAN1_SCE_IRQHandler</a> from startup_stm32f429xx.o(.text) referenced from startup_stm32f429xx.o(RESET)
 <LI><a href="#[25]">CAN1_TX_IRQHandler</a> from startup_stm32f429xx.o(.text) referenced from startup_stm32f429xx.o(RESET)
 <LI><a href="#[52]">CAN2_RX0_IRQHandler</a> from startup_stm32f429xx.o(.text) referenced from startup_stm32f429xx.o(RESET)
 <LI><a href="#[53]">CAN2_RX1_IRQHandler</a> from startup_stm32f429xx.o(.text) referenced from startup_stm32f429xx.o(RESET)
 <LI><a href="#[54]">CAN2_SCE_IRQHandler</a> from startup_stm32f429xx.o(.text) referenced from startup_stm32f429xx.o(RESET)
 <LI><a href="#[51]">CAN2_TX_IRQHandler</a> from startup_stm32f429xx.o(.text) referenced from startup_stm32f429xx.o(RESET)
 <LI><a href="#[60]">DCMI_IRQHandler</a> from startup_stm32f429xx.o(.text) referenced from startup_stm32f429xx.o(RESET)
 <LI><a href="#[1d]">DMA1_Stream0_IRQHandler</a> from startup_stm32f429xx.o(.text) referenced from startup_stm32f429xx.o(RESET)
 <LI><a href="#[1e]">DMA1_Stream1_IRQHandler</a> from startup_stm32f429xx.o(.text) referenced from startup_stm32f429xx.o(RESET)
 <LI><a href="#[1f]">DMA1_Stream2_IRQHandler</a> from startup_stm32f429xx.o(.text) referenced from startup_stm32f429xx.o(RESET)
 <LI><a href="#[20]">DMA1_Stream3_IRQHandler</a> from startup_stm32f429xx.o(.text) referenced from startup_stm32f429xx.o(RESET)
 <LI><a href="#[21]">DMA1_Stream4_IRQHandler</a> from startup_stm32f429xx.o(.text) referenced from startup_stm32f429xx.o(RESET)
 <LI><a href="#[22]">DMA1_Stream5_IRQHandler</a> from startup_stm32f429xx.o(.text) referenced from startup_stm32f429xx.o(RESET)
 <LI><a href="#[23]">DMA1_Stream6_IRQHandler</a> from startup_stm32f429xx.o(.text) referenced from startup_stm32f429xx.o(RESET)
 <LI><a href="#[41]">DMA1_Stream7_IRQHandler</a> from startup_stm32f429xx.o(.text) referenced from startup_stm32f429xx.o(RESET)
 <LI><a href="#[6b]">DMA2D_IRQHandler</a> from startup_stm32f429xx.o(.text) referenced from startup_stm32f429xx.o(RESET)
 <LI><a href="#[4a]">DMA2_Stream0_IRQHandler</a> from startup_stm32f429xx.o(.text) referenced from startup_stm32f429xx.o(RESET)
 <LI><a href="#[4b]">DMA2_Stream1_IRQHandler</a> from startup_stm32f429xx.o(.text) referenced from startup_stm32f429xx.o(RESET)
 <LI><a href="#[4c]">DMA2_Stream2_IRQHandler</a> from startup_stm32f429xx.o(.text) referenced from startup_stm32f429xx.o(RESET)
 <LI><a href="#[4d]">DMA2_Stream3_IRQHandler</a> from sai.o(i.DMA2_Stream3_IRQHandler) referenced from startup_stm32f429xx.o(RESET)
 <LI><a href="#[4e]">DMA2_Stream4_IRQHandler</a> from startup_stm32f429xx.o(.text) referenced from startup_stm32f429xx.o(RESET)
 <LI><a href="#[56]">DMA2_Stream5_IRQHandler</a> from startup_stm32f429xx.o(.text) referenced from startup_stm32f429xx.o(RESET)
 <LI><a href="#[57]">DMA2_Stream6_IRQHandler</a> from startup_stm32f429xx.o(.text) referenced from startup_stm32f429xx.o(RESET)
 <LI><a href="#[58]">DMA2_Stream7_IRQHandler</a> from startup_stm32f429xx.o(.text) referenced from startup_stm32f429xx.o(RESET)
 <LI><a href="#[f]">DebugMon_Handler</a> from stm32f4xx_it.o(i.DebugMon_Handler) referenced from startup_stm32f429xx.o(RESET)
 <LI><a href="#[4f]">ETH_IRQHandler</a> from startup_stm32f429xx.o(.text) referenced from startup_stm32f429xx.o(RESET)
 <LI><a href="#[50]">ETH_WKUP_IRQHandler</a> from startup_stm32f429xx.o(.text) referenced from startup_stm32f429xx.o(RESET)
 <LI><a href="#[18]">EXTI0_IRQHandler</a> from startup_stm32f429xx.o(.text) referenced from startup_stm32f429xx.o(RESET)
 <LI><a href="#[3a]">EXTI15_10_IRQHandler</a> from exti.o(i.EXTI15_10_IRQHandler) referenced from startup_stm32f429xx.o(RESET)
 <LI><a href="#[19]">EXTI1_IRQHandler</a> from startup_stm32f429xx.o(.text) referenced from startup_stm32f429xx.o(RESET)
 <LI><a href="#[1a]">EXTI2_IRQHandler</a> from startup_stm32f429xx.o(.text) referenced from startup_stm32f429xx.o(RESET)
 <LI><a href="#[1b]">EXTI3_IRQHandler</a> from startup_stm32f429xx.o(.text) referenced from startup_stm32f429xx.o(RESET)
 <LI><a href="#[1c]">EXTI4_IRQHandler</a> from startup_stm32f429xx.o(.text) referenced from startup_stm32f429xx.o(RESET)
 <LI><a href="#[29]">EXTI9_5_IRQHandler</a> from exti.o(i.EXTI9_5_IRQHandler) referenced from startup_stm32f429xx.o(RESET)
 <LI><a href="#[16]">FLASH_IRQHandler</a> from startup_stm32f429xx.o(.text) referenced from startup_stm32f429xx.o(RESET)
 <LI><a href="#[42]">FMC_IRQHandler</a> from startup_stm32f429xx.o(.text) referenced from startup_stm32f429xx.o(RESET)
 <LI><a href="#[62]">FPU_IRQHandler</a> from startup_stm32f429xx.o(.text) referenced from startup_stm32f429xx.o(RESET)
 <LI><a href="#[72]">FT5206_Scan</a> from ft5206.o(i.FT5206_Scan) referenced from touch.o(i.TP_Init)
 <LI><a href="#[71]">GT9147_Scan</a> from gt9147.o(i.GT9147_Scan) referenced from touch.o(i.TP_Init)
 <LI><a href="#[73]">GT9271_Scan</a> from gt9271.o(i.GT9271_Scan) referenced from touch.o(i.TP_Init)
 <LI><a href="#[61]">HASH_RNG_IRQHandler</a> from startup_stm32f429xx.o(.text) referenced from startup_stm32f429xx.o(RESET)
 <LI><a href="#[a]">HardFault_Handler</a> from stm32f4xx_it.o(i.HardFault_Handler) referenced from startup_stm32f429xx.o(RESET)
 <LI><a href="#[32]">I2C1_ER_IRQHandler</a> from startup_stm32f429xx.o(.text) referenced from startup_stm32f429xx.o(RESET)
 <LI><a href="#[31]">I2C1_EV_IRQHandler</a> from startup_stm32f429xx.o(.text) referenced from startup_stm32f429xx.o(RESET)
 <LI><a href="#[34]">I2C2_ER_IRQHandler</a> from startup_stm32f429xx.o(.text) referenced from startup_stm32f429xx.o(RESET)
 <LI><a href="#[33]">I2C2_EV_IRQHandler</a> from startup_stm32f429xx.o(.text) referenced from startup_stm32f429xx.o(RESET)
 <LI><a href="#[5b]">I2C3_ER_IRQHandler</a> from startup_stm32f429xx.o(.text) referenced from startup_stm32f429xx.o(RESET)
 <LI><a href="#[5a]">I2C3_EV_IRQHandler</a> from startup_stm32f429xx.o(.text) referenced from startup_stm32f429xx.o(RESET)
 <LI><a href="#[78]">LCD_Fast_DrawPoint</a> from lcd.o(i.LCD_Fast_DrawPoint) referenced from piclib.o(i.piclib_init)
 <LI><a href="#[79]">LCD_Fill</a> from lcd.o(i.LCD_Fill) referenced from piclib.o(i.piclib_init)
 <LI><a href="#[77]">LCD_ReadPoint</a> from lcd.o(i.LCD_ReadPoint) referenced from piclib.o(i.piclib_init)
 <LI><a href="#[6a]">LTDC_ER_IRQHandler</a> from startup_stm32f429xx.o(.text) referenced from startup_stm32f429xx.o(RESET)
 <LI><a href="#[69]">LTDC_IRQHandler</a> from startup_stm32f429xx.o(.text) referenced from startup_stm32f429xx.o(RESET)
 <LI><a href="#[b]">MemManage_Handler</a> from stm32f4xx_it.o(i.MemManage_Handler) referenced from startup_stm32f429xx.o(RESET)
 <LI><a href="#[9]">NMI_Handler</a> from stm32f4xx_it.o(i.NMI_Handler) referenced from startup_stm32f429xx.o(RESET)
 <LI><a href="#[55]">OTG_FS_IRQHandler</a> from startup_stm32f429xx.o(.text) referenced from startup_stm32f429xx.o(RESET)
 <LI><a href="#[3c]">OTG_FS_WKUP_IRQHandler</a> from startup_stm32f429xx.o(.text) referenced from startup_stm32f429xx.o(RESET)
 <LI><a href="#[5d]">OTG_HS_EP1_IN_IRQHandler</a> from startup_stm32f429xx.o(.text) referenced from startup_stm32f429xx.o(RESET)
 <LI><a href="#[5c]">OTG_HS_EP1_OUT_IRQHandler</a> from startup_stm32f429xx.o(.text) referenced from startup_stm32f429xx.o(RESET)
 <LI><a href="#[5f]">OTG_HS_IRQHandler</a> from startup_stm32f429xx.o(.text) referenced from startup_stm32f429xx.o(RESET)
 <LI><a href="#[5e]">OTG_HS_WKUP_IRQHandler</a> from startup_stm32f429xx.o(.text) referenced from startup_stm32f429xx.o(RESET)
 <LI><a href="#[70]">OTT2001A_Scan</a> from ott2001a.o(i.OTT2001A_Scan) referenced from touch.o(i.TP_Init)
 <LI><a href="#[13]">PVD_IRQHandler</a> from startup_stm32f429xx.o(.text) referenced from startup_stm32f429xx.o(RESET)
 <LI><a href="#[10]">PendSV_Handler</a> from stm32f4xx_it.o(i.PendSV_Handler) referenced from startup_stm32f429xx.o(RESET)
 <LI><a href="#[17]">RCC_IRQHandler</a> from startup_stm32f429xx.o(.text) referenced from startup_stm32f429xx.o(RESET)
 <LI><a href="#[3b]">RTC_Alarm_IRQHandler</a> from startup_stm32f429xx.o(.text) referenced from startup_stm32f429xx.o(RESET)
 <LI><a href="#[15]">RTC_WKUP_IRQHandler</a> from startup_stm32f429xx.o(.text) referenced from startup_stm32f429xx.o(RESET)
 <LI><a href="#[8]">Reset_Handler</a> from startup_stm32f429xx.o(.text) referenced from startup_stm32f429xx.o(RESET)
 <LI><a href="#[68]">SAI1_IRQHandler</a> from startup_stm32f429xx.o(.text) referenced from startup_stm32f429xx.o(RESET)
 <LI><a href="#[43]">SDIO_IRQHandler</a> from startup_stm32f429xx.o(.text) referenced from startup_stm32f429xx.o(RESET)
 <LI><a href="#[35]">SPI1_IRQHandler</a> from startup_stm32f429xx.o(.text) referenced from startup_stm32f429xx.o(RESET)
 <LI><a href="#[36]">SPI2_IRQHandler</a> from startup_stm32f429xx.o(.text) referenced from startup_stm32f429xx.o(RESET)
 <LI><a href="#[45]">SPI3_IRQHandler</a> from startup_stm32f429xx.o(.text) referenced from startup_stm32f429xx.o(RESET)
 <LI><a href="#[65]">SPI4_IRQHandler</a> from startup_stm32f429xx.o(.text) referenced from startup_stm32f429xx.o(RESET)
 <LI><a href="#[66]">SPI5_IRQHandler</a> from startup_stm32f429xx.o(.text) referenced from startup_stm32f429xx.o(RESET)
 <LI><a href="#[67]">SPI6_IRQHandler</a> from startup_stm32f429xx.o(.text) referenced from startup_stm32f429xx.o(RESET)
 <LI><a href="#[e]">SVC_Handler</a> from stm32f4xx_it.o(i.SVC_Handler) referenced from startup_stm32f429xx.o(RESET)
 <LI><a href="#[11]">SysTick_Handler</a> from stm32f4xx_it.o(i.SysTick_Handler) referenced from startup_stm32f429xx.o(RESET)
 <LI><a href="#[6c]">SystemInit</a> from system_stm32f4xx.o(i.SystemInit) referenced from startup_stm32f429xx.o(.text)
 <LI><a href="#[14]">TAMP_STAMP_IRQHandler</a> from startup_stm32f429xx.o(.text) referenced from startup_stm32f429xx.o(RESET)
 <LI><a href="#[2a]">TIM1_BRK_TIM9_IRQHandler</a> from startup_stm32f429xx.o(.text) referenced from startup_stm32f429xx.o(RESET)
 <LI><a href="#[2d]">TIM1_CC_IRQHandler</a> from startup_stm32f429xx.o(.text) referenced from startup_stm32f429xx.o(RESET)
 <LI><a href="#[2c]">TIM1_TRG_COM_TIM11_IRQHandler</a> from startup_stm32f429xx.o(.text) referenced from startup_stm32f429xx.o(RESET)
 <LI><a href="#[2b]">TIM1_UP_TIM10_IRQHandler</a> from startup_stm32f429xx.o(.text) referenced from startup_stm32f429xx.o(RESET)
 <LI><a href="#[2e]">TIM2_IRQHandler</a> from startup_stm32f429xx.o(.text) referenced from startup_stm32f429xx.o(RESET)
 <LI><a href="#[2f]">TIM3_IRQHandler</a> from timer.o(i.TIM3_IRQHandler) referenced from startup_stm32f429xx.o(RESET)
 <LI><a href="#[30]">TIM4_IRQHandler</a> from startup_stm32f429xx.o(.text) referenced from startup_stm32f429xx.o(RESET)
 <LI><a href="#[44]">TIM5_IRQHandler</a> from startup_stm32f429xx.o(.text) referenced from startup_stm32f429xx.o(RESET)
 <LI><a href="#[48]">TIM6_DAC_IRQHandler</a> from startup_stm32f429xx.o(.text) referenced from startup_stm32f429xx.o(RESET)
 <LI><a href="#[49]">TIM7_IRQHandler</a> from startup_stm32f429xx.o(.text) referenced from startup_stm32f429xx.o(RESET)
 <LI><a href="#[3d]">TIM8_BRK_TIM12_IRQHandler</a> from startup_stm32f429xx.o(.text) referenced from startup_stm32f429xx.o(RESET)
 <LI><a href="#[40]">TIM8_CC_IRQHandler</a> from startup_stm32f429xx.o(.text) referenced from startup_stm32f429xx.o(RESET)
 <LI><a href="#[3f]">TIM8_TRG_COM_TIM14_IRQHandler</a> from startup_stm32f429xx.o(.text) referenced from startup_stm32f429xx.o(RESET)
 <LI><a href="#[3e]">TIM8_UP_TIM13_IRQHandler</a> from startup_stm32f429xx.o(.text) referenced from startup_stm32f429xx.o(RESET)
 <LI><a href="#[5]">TP_Adjust</a> from touch.o(i.TP_Adjust) referenced 2 times from touch.o(.data)
 <LI><a href="#[3]">TP_Init</a> from touch.o(i.TP_Init) referenced 2 times from touch.o(.data)
 <LI><a href="#[4]">TP_Scan</a> from touch.o(i.TP_Scan) referenced 2 times from touch.o(.data)
 <LI><a href="#[46]">UART4_IRQHandler</a> from startup_stm32f429xx.o(.text) referenced from startup_stm32f429xx.o(RESET)
 <LI><a href="#[47]">UART5_IRQHandler</a> from startup_stm32f429xx.o(.text) referenced from startup_stm32f429xx.o(RESET)
 <LI><a href="#[63]">UART7_IRQHandler</a> from startup_stm32f429xx.o(.text) referenced from startup_stm32f429xx.o(RESET)
 <LI><a href="#[64]">UART8_IRQHandler</a> from startup_stm32f429xx.o(.text) referenced from startup_stm32f429xx.o(RESET)
 <LI><a href="#[37]">USART1_IRQHandler</a> from usart.o(i.USART1_IRQHandler) referenced from startup_stm32f429xx.o(RESET)
 <LI><a href="#[38]">USART2_IRQHandler</a> from startup_stm32f429xx.o(.text) referenced from startup_stm32f429xx.o(RESET)
 <LI><a href="#[39]">USART3_IRQHandler</a> from startup_stm32f429xx.o(.text) referenced from startup_stm32f429xx.o(RESET)
 <LI><a href="#[59]">USART6_IRQHandler</a> from startup_stm32f429xx.o(.text) referenced from startup_stm32f429xx.o(RESET)
 <LI><a href="#[d]">UsageFault_Handler</a> from stm32f4xx_it.o(i.UsageFault_Handler) referenced from startup_stm32f429xx.o(RESET)
 <LI><a href="#[12]">WWDG_IRQHandler</a> from startup_stm32f429xx.o(.text) referenced from startup_stm32f429xx.o(RESET)
 <LI><a href="#[7d]">__main</a> from __main.o(!!!main) referenced from startup_stm32f429xx.o(.text)
 <LI><a href="#[6f]">_printf_input_char</a> from _printf_char_common.o(.text) referenced from _printf_char_common.o(.text)
 <LI><a href="#[6e]">fputc</a> from usart.o(i.fputc) referenced from _printf_char_file.o(.text)
 <LI><a href="#[74]">jpeg_in_func</a> from tjpgd.o(i.jpeg_in_func) referenced from tjpgd.o(i.jpg_decode)
 <LI><a href="#[76]">jpeg_out_func_fill</a> from tjpgd.o(i.jpeg_out_func_fill) referenced from tjpgd.o(i.jpg_decode)
 <LI><a href="#[75]">jpeg_out_func_point</a> from tjpgd.o(i.jpeg_out_func_point) referenced from tjpgd.o(i.jpg_decode)
 <LI><a href="#[6]">my_mem_init</a> from malloc.o(i.my_mem_init) referenced 2 times from malloc.o(.data)
 <LI><a href="#[7]">my_mem_perused</a> from malloc.o(i.my_mem_perused) referenced 2 times from malloc.o(.data)
 <LI><a href="#[7a]">piclib_draw_hline</a> from piclib.o(i.piclib_draw_hline) referenced from piclib.o(i.piclib_init)
 <LI><a href="#[7b]">piclib_fill_color</a> from piclib.o(i.piclib_fill_color) referenced from piclib.o(i.piclib_init)
 <LI><a href="#[7c]">wav_sai_dma_tx_callback</a> from wavplay.o(i.wav_sai_dma_tx_callback) referenced from wavplay.o(i.wav_play_song)
</UL>
<P>
<H3>
Global Symbols
</H3>
<P><STRONG><a name="[7d]"></a>__main</STRONG> (Thumb, 8 bytes, Stack size 0 bytes, __main.o(!!!main))
<BR><BR>[Calls]<UL><LI><a href="#[7e]">&gt;&gt;</a>&nbsp;&nbsp;&nbsp;__scatterload
<LI><a href="#[7f]">&gt;&gt;</a>&nbsp;&nbsp;&nbsp;__rt_entry
</UL>

<P><STRONG><a name="[7e]"></a>__scatterload</STRONG> (Thumb, 0 bytes, Stack size unknown bytes, __scatter.o(!!!scatter))
<BR><BR>[Called By]<UL><LI><a href="#[7d]">&gt;&gt;</a>&nbsp;&nbsp;&nbsp;__main
</UL>

<P><STRONG><a name="[80]"></a>__scatterload_rt2</STRONG> (Thumb, 44 bytes, Stack size unknown bytes, __scatter.o(!!!scatter), UNUSED)
<BR><BR>[Calls]<UL><LI><a href="#[7f]">&gt;&gt;</a>&nbsp;&nbsp;&nbsp;__rt_entry
</UL>

<P><STRONG><a name="[24a]"></a>__scatterload_rt2_thumb_only</STRONG> (Thumb, 0 bytes, Stack size unknown bytes, __scatter.o(!!!scatter), UNUSED)

<P><STRONG><a name="[24b]"></a>__scatterload_null</STRONG> (Thumb, 0 bytes, Stack size unknown bytes, __scatter.o(!!!scatter), UNUSED)

<P><STRONG><a name="[24c]"></a>__decompress</STRONG> (Thumb, 90 bytes, Stack size unknown bytes, __dczerorl2.o(!!dczerorl2), UNUSED)

<P><STRONG><a name="[24d]"></a>__decompress1</STRONG> (Thumb, 0 bytes, Stack size unknown bytes, __dczerorl2.o(!!dczerorl2), UNUSED)

<P><STRONG><a name="[24e]"></a>__scatterload_zeroinit</STRONG> (Thumb, 28 bytes, Stack size unknown bytes, __scatter_zi.o(!!handler_zi), UNUSED)

<P><STRONG><a name="[81]"></a>_printf_d</STRONG> (Thumb, 0 bytes, Stack size unknown bytes, _printf_d.o(.ARM.Collect$$_printf_percent$$00000009))
<BR><BR>[Stack]<UL><LI>Max Depth = 56 + Unknown Stack Size
<LI>Call Chain = _printf_d &rArr; _printf_int_dec &rArr; _printf_int_common
</UL>
<BR>[Calls]<UL><LI><a href="#[82]">&gt;&gt;</a>&nbsp;&nbsp;&nbsp;_printf_int_dec
</UL>

<P><STRONG><a name="[98]"></a>_printf_percent</STRONG> (Thumb, 0 bytes, Stack size unknown bytes, _printf_percent.o(.ARM.Collect$$_printf_percent$$00000000))
<BR><BR>[Called By]<UL><LI><a href="#[97]">&gt;&gt;</a>&nbsp;&nbsp;&nbsp;__printf
</UL>

<P><STRONG><a name="[83]"></a>_printf_x</STRONG> (Thumb, 0 bytes, Stack size unknown bytes, _printf_x.o(.ARM.Collect$$_printf_percent$$0000000C))
<BR><BR>[Stack]<UL><LI>Max Depth = 48 + Unknown Stack Size
<LI>Call Chain = _printf_x &rArr; _printf_int_hex &rArr; _printf_int_common
</UL>
<BR>[Calls]<UL><LI><a href="#[84]">&gt;&gt;</a>&nbsp;&nbsp;&nbsp;_printf_int_hex
</UL>

<P><STRONG><a name="[85]"></a>_printf_s</STRONG> (Thumb, 0 bytes, Stack size unknown bytes, _printf_s.o(.ARM.Collect$$_printf_percent$$00000014))
<BR><BR>[Stack]<UL><LI>Max Depth = 24 + Unknown Stack Size
<LI>Call Chain = _printf_s &rArr; _printf_string &rArr; _printf_cs_common &rArr; _printf_str
</UL>
<BR>[Calls]<UL><LI><a href="#[86]">&gt;&gt;</a>&nbsp;&nbsp;&nbsp;_printf_string
</UL>

<P><STRONG><a name="[24f]"></a>_printf_percent_end</STRONG> (Thumb, 0 bytes, Stack size unknown bytes, _printf_percent_end.o(.ARM.Collect$$_printf_percent$$00000017))

<P><STRONG><a name="[8c]"></a>__rt_lib_init</STRONG> (Thumb, 0 bytes, Stack size unknown bytes, libinit.o(.ARM.Collect$$libinit$$00000000))
<BR><BR>[Called By]<UL><LI><a href="#[8b]">&gt;&gt;</a>&nbsp;&nbsp;&nbsp;__rt_entry_li
</UL>

<P><STRONG><a name="[87]"></a>__rt_lib_init_fp_1</STRONG> (Thumb, 0 bytes, Stack size unknown bytes, libinit2.o(.ARM.Collect$$libinit$$00000001))
<BR><BR>[Calls]<UL><LI><a href="#[88]">&gt;&gt;</a>&nbsp;&nbsp;&nbsp;_fp_init
</UL>

<P><STRONG><a name="[250]"></a>__rt_lib_init_alloca_1</STRONG> (Thumb, 0 bytes, Stack size unknown bytes, libinit2.o(.ARM.Collect$$libinit$$0000002E))

<P><STRONG><a name="[251]"></a>__rt_lib_init_argv_1</STRONG> (Thumb, 0 bytes, Stack size unknown bytes, libinit2.o(.ARM.Collect$$libinit$$0000002C))

<P><STRONG><a name="[252]"></a>__rt_lib_init_atexit_1</STRONG> (Thumb, 0 bytes, Stack size unknown bytes, libinit2.o(.ARM.Collect$$libinit$$0000001B))

<P><STRONG><a name="[253]"></a>__rt_lib_init_clock_1</STRONG> (Thumb, 0 bytes, Stack size unknown bytes, libinit2.o(.ARM.Collect$$libinit$$00000021))

<P><STRONG><a name="[254]"></a>__rt_lib_init_cpp_1</STRONG> (Thumb, 0 bytes, Stack size unknown bytes, libinit2.o(.ARM.Collect$$libinit$$00000032))

<P><STRONG><a name="[255]"></a>__rt_lib_init_exceptions_1</STRONG> (Thumb, 0 bytes, Stack size unknown bytes, libinit2.o(.ARM.Collect$$libinit$$00000030))

<P><STRONG><a name="[256]"></a>__rt_lib_init_fp_trap_1</STRONG> (Thumb, 0 bytes, Stack size unknown bytes, libinit2.o(.ARM.Collect$$libinit$$0000001F))

<P><STRONG><a name="[257]"></a>__rt_lib_init_getenv_1</STRONG> (Thumb, 0 bytes, Stack size unknown bytes, libinit2.o(.ARM.Collect$$libinit$$00000023))

<P><STRONG><a name="[258]"></a>__rt_lib_init_heap_1</STRONG> (Thumb, 0 bytes, Stack size unknown bytes, libinit2.o(.ARM.Collect$$libinit$$0000000A))

<P><STRONG><a name="[259]"></a>__rt_lib_init_lc_collate_1</STRONG> (Thumb, 0 bytes, Stack size unknown bytes, libinit2.o(.ARM.Collect$$libinit$$00000011))

<P><STRONG><a name="[25a]"></a>__rt_lib_init_lc_ctype_1</STRONG> (Thumb, 0 bytes, Stack size unknown bytes, libinit2.o(.ARM.Collect$$libinit$$00000013))

<P><STRONG><a name="[25b]"></a>__rt_lib_init_lc_monetary_1</STRONG> (Thumb, 0 bytes, Stack size unknown bytes, libinit2.o(.ARM.Collect$$libinit$$00000015))

<P><STRONG><a name="[25c]"></a>__rt_lib_init_lc_numeric_1</STRONG> (Thumb, 0 bytes, Stack size unknown bytes, libinit2.o(.ARM.Collect$$libinit$$00000017))

<P><STRONG><a name="[25d]"></a>__rt_lib_init_lc_time_1</STRONG> (Thumb, 0 bytes, Stack size unknown bytes, libinit2.o(.ARM.Collect$$libinit$$00000019))

<P><STRONG><a name="[25e]"></a>__rt_lib_init_preinit_1</STRONG> (Thumb, 0 bytes, Stack size unknown bytes, libinit2.o(.ARM.Collect$$libinit$$00000004))

<P><STRONG><a name="[25f]"></a>__rt_lib_init_rand_1</STRONG> (Thumb, 0 bytes, Stack size unknown bytes, libinit2.o(.ARM.Collect$$libinit$$0000000E))

<P><STRONG><a name="[260]"></a>__rt_lib_init_return</STRONG> (Thumb, 0 bytes, Stack size unknown bytes, libinit2.o(.ARM.Collect$$libinit$$00000033))

<P><STRONG><a name="[261]"></a>__rt_lib_init_signal_1</STRONG> (Thumb, 0 bytes, Stack size unknown bytes, libinit2.o(.ARM.Collect$$libinit$$0000001D))

<P><STRONG><a name="[262]"></a>__rt_lib_init_stdio_1</STRONG> (Thumb, 0 bytes, Stack size unknown bytes, libinit2.o(.ARM.Collect$$libinit$$00000025))

<P><STRONG><a name="[263]"></a>__rt_lib_init_user_alloc_1</STRONG> (Thumb, 0 bytes, Stack size unknown bytes, libinit2.o(.ARM.Collect$$libinit$$0000000C))

<P><STRONG><a name="[91]"></a>__rt_lib_shutdown</STRONG> (Thumb, 0 bytes, Stack size unknown bytes, libshutdown.o(.ARM.Collect$$libshutdown$$00000000))
<BR><BR>[Called By]<UL><LI><a href="#[90]">&gt;&gt;</a>&nbsp;&nbsp;&nbsp;__rt_exit_ls
</UL>

<P><STRONG><a name="[264]"></a>__rt_lib_shutdown_cpp_1</STRONG> (Thumb, 0 bytes, Stack size unknown bytes, libshutdown2.o(.ARM.Collect$$libshutdown$$00000002))

<P><STRONG><a name="[265]"></a>__rt_lib_shutdown_fp_trap_1</STRONG> (Thumb, 0 bytes, Stack size unknown bytes, libshutdown2.o(.ARM.Collect$$libshutdown$$00000007))

<P><STRONG><a name="[266]"></a>__rt_lib_shutdown_heap_1</STRONG> (Thumb, 0 bytes, Stack size unknown bytes, libshutdown2.o(.ARM.Collect$$libshutdown$$0000000F))

<P><STRONG><a name="[267]"></a>__rt_lib_shutdown_return</STRONG> (Thumb, 0 bytes, Stack size unknown bytes, libshutdown2.o(.ARM.Collect$$libshutdown$$00000010))

<P><STRONG><a name="[268]"></a>__rt_lib_shutdown_signal_1</STRONG> (Thumb, 0 bytes, Stack size unknown bytes, libshutdown2.o(.ARM.Collect$$libshutdown$$0000000A))

<P><STRONG><a name="[269]"></a>__rt_lib_shutdown_stdio_1</STRONG> (Thumb, 0 bytes, Stack size unknown bytes, libshutdown2.o(.ARM.Collect$$libshutdown$$00000004))

<P><STRONG><a name="[26a]"></a>__rt_lib_shutdown_user_alloc_1</STRONG> (Thumb, 0 bytes, Stack size unknown bytes, libshutdown2.o(.ARM.Collect$$libshutdown$$0000000C))

<P><STRONG><a name="[7f]"></a>__rt_entry</STRONG> (Thumb, 0 bytes, Stack size unknown bytes, __rtentry.o(.ARM.Collect$$rtentry$$00000000))
<BR><BR>[Called By]<UL><LI><a href="#[80]">&gt;&gt;</a>&nbsp;&nbsp;&nbsp;__scatterload_rt2
<LI><a href="#[7d]">&gt;&gt;</a>&nbsp;&nbsp;&nbsp;__main
</UL>

<P><STRONG><a name="[26b]"></a>__rt_entry_presh_1</STRONG> (Thumb, 0 bytes, Stack size unknown bytes, __rtentry2.o(.ARM.Collect$$rtentry$$00000002))

<P><STRONG><a name="[89]"></a>__rt_entry_sh</STRONG> (Thumb, 0 bytes, Stack size unknown bytes, __rtentry4.o(.ARM.Collect$$rtentry$$00000004))
<BR><BR>[Stack]<UL><LI>Max Depth = 8 + Unknown Stack Size
<LI>Call Chain = __rt_entry_sh &rArr; __user_setup_stackheap
</UL>
<BR>[Calls]<UL><LI><a href="#[8a]">&gt;&gt;</a>&nbsp;&nbsp;&nbsp;__user_setup_stackheap
</UL>

<P><STRONG><a name="[8b]"></a>__rt_entry_li</STRONG> (Thumb, 0 bytes, Stack size unknown bytes, __rtentry2.o(.ARM.Collect$$rtentry$$0000000A))
<BR><BR>[Calls]<UL><LI><a href="#[8c]">&gt;&gt;</a>&nbsp;&nbsp;&nbsp;__rt_lib_init
</UL>

<P><STRONG><a name="[26c]"></a>__rt_entry_postsh_1</STRONG> (Thumb, 0 bytes, Stack size unknown bytes, __rtentry2.o(.ARM.Collect$$rtentry$$00000009))

<P><STRONG><a name="[8d]"></a>__rt_entry_main</STRONG> (Thumb, 0 bytes, Stack size unknown bytes, __rtentry2.o(.ARM.Collect$$rtentry$$0000000D))
<BR><BR>[Stack]<UL><LI>Max Depth = 1200 + Unknown Stack Size
<LI>Call Chain = __rt_entry_main &rArr; main &rArr; audio_play &rArr; audio_play_song &rArr; wav_play_song &rArr; wav_decode_init &rArr; f_open &rArr; dir_register &rArr; dir_find &rArr; dir_read &rArr; load_xdir &rArr; dir_next &rArr; create_chain &rArr; put_fat &rArr; move_window &rArr; sync_window &rArr; disk_write &rArr; FTL_WriteSectors &rArr; FTL_CopyAndWriteToBlock &rArr; FTL_FindSamePlaneUnusedBlock &rArr; FTL_FindUnusedBlock &rArr; NAND_ReadSpare &rArr; NAND_ReadPage &rArr; NAND_ECC_Correction &rArr; __2printf &rArr; _printf_char_file &rArr; _printf_char_common &rArr; __printf
</UL>
<BR>[Calls]<UL><LI><a href="#[8e]">&gt;&gt;</a>&nbsp;&nbsp;&nbsp;main
<LI><a href="#[8f]">&gt;&gt;</a>&nbsp;&nbsp;&nbsp;exit
</UL>

<P><STRONG><a name="[26d]"></a>__rt_entry_postli_1</STRONG> (Thumb, 0 bytes, Stack size unknown bytes, __rtentry2.o(.ARM.Collect$$rtentry$$0000000C))

<P><STRONG><a name="[a7]"></a>__rt_exit</STRONG> (Thumb, 0 bytes, Stack size unknown bytes, rtexit.o(.ARM.Collect$$rtexit$$00000000))
<BR><BR>[Called By]<UL><LI><a href="#[8f]">&gt;&gt;</a>&nbsp;&nbsp;&nbsp;exit
</UL>

<P><STRONG><a name="[90]"></a>__rt_exit_ls</STRONG> (Thumb, 0 bytes, Stack size unknown bytes, rtexit2.o(.ARM.Collect$$rtexit$$00000003))
<BR><BR>[Calls]<UL><LI><a href="#[91]">&gt;&gt;</a>&nbsp;&nbsp;&nbsp;__rt_lib_shutdown
</UL>

<P><STRONG><a name="[26e]"></a>__rt_exit_prels_1</STRONG> (Thumb, 0 bytes, Stack size unknown bytes, rtexit2.o(.ARM.Collect$$rtexit$$00000002))

<P><STRONG><a name="[92]"></a>__rt_exit_exit</STRONG> (Thumb, 0 bytes, Stack size unknown bytes, rtexit2.o(.ARM.Collect$$rtexit$$00000004))
<BR><BR>[Calls]<UL><LI><a href="#[93]">&gt;&gt;</a>&nbsp;&nbsp;&nbsp;_sys_exit
</UL>

<P><STRONG><a name="[26f]"></a>WFI_SET</STRONG> (Thumb, 2 bytes, Stack size 0 bytes, sys.o(.emb_text), UNUSED)

<P><STRONG><a name="[191]"></a>INTX_DISABLE</STRONG> (Thumb, 4 bytes, Stack size 0 bytes, sys.o(.emb_text))
<BR><BR>[Called By]<UL><LI><a href="#[194]">&gt;&gt;</a>&nbsp;&nbsp;&nbsp;SD_WriteDisk
<LI><a href="#[190]">&gt;&gt;</a>&nbsp;&nbsp;&nbsp;SD_ReadDisk
</UL>

<P><STRONG><a name="[193]"></a>INTX_ENABLE</STRONG> (Thumb, 4 bytes, Stack size 0 bytes, sys.o(.emb_text))
<BR><BR>[Called By]<UL><LI><a href="#[194]">&gt;&gt;</a>&nbsp;&nbsp;&nbsp;SD_WriteDisk
<LI><a href="#[190]">&gt;&gt;</a>&nbsp;&nbsp;&nbsp;SD_ReadDisk
</UL>

<P><STRONG><a name="[270]"></a>MSR_MSP</STRONG> (Thumb, 6 bytes, Stack size 0 bytes, sys.o(.emb_text), UNUSED)

<P><STRONG><a name="[8]"></a>Reset_Handler</STRONG> (Thumb, 8 bytes, Stack size 0 bytes, startup_stm32f429xx.o(.text))
<BR>[Address Reference Count : 1]<UL><LI> startup_stm32f429xx.o(RESET)
</UL>
<P><STRONG><a name="[24]"></a>ADC_IRQHandler</STRONG> (Thumb, 0 bytes, Stack size 0 bytes, startup_stm32f429xx.o(.text))
<BR><BR>[Calls]<UL><LI><a href="#[24]">&gt;&gt;</a>&nbsp;&nbsp;&nbsp;ADC_IRQHandler
</UL>
<BR>[Called By]<UL><LI><a href="#[24]">&gt;&gt;</a>&nbsp;&nbsp;&nbsp;ADC_IRQHandler
</UL>
<BR>[Address Reference Count : 1]<UL><LI> startup_stm32f429xx.o(RESET)
</UL>
<P><STRONG><a name="[26]"></a>CAN1_RX0_IRQHandler</STRONG> (Thumb, 0 bytes, Stack size 0 bytes, startup_stm32f429xx.o(.text))
<BR>[Address Reference Count : 1]<UL><LI> startup_stm32f429xx.o(RESET)
</UL>
<P><STRONG><a name="[27]"></a>CAN1_RX1_IRQHandler</STRONG> (Thumb, 0 bytes, Stack size 0 bytes, startup_stm32f429xx.o(.text))
<BR>[Address Reference Count : 1]<UL><LI> startup_stm32f429xx.o(RESET)
</UL>
<P><STRONG><a name="[28]"></a>CAN1_SCE_IRQHandler</STRONG> (Thumb, 0 bytes, Stack size 0 bytes, startup_stm32f429xx.o(.text))
<BR>[Address Reference Count : 1]<UL><LI> startup_stm32f429xx.o(RESET)
</UL>
<P><STRONG><a name="[25]"></a>CAN1_TX_IRQHandler</STRONG> (Thumb, 0 bytes, Stack size 0 bytes, startup_stm32f429xx.o(.text))
<BR>[Address Reference Count : 1]<UL><LI> startup_stm32f429xx.o(RESET)
</UL>
<P><STRONG><a name="[52]"></a>CAN2_RX0_IRQHandler</STRONG> (Thumb, 0 bytes, Stack size 0 bytes, startup_stm32f429xx.o(.text))
<BR>[Address Reference Count : 1]<UL><LI> startup_stm32f429xx.o(RESET)
</UL>
<P><STRONG><a name="[53]"></a>CAN2_RX1_IRQHandler</STRONG> (Thumb, 0 bytes, Stack size 0 bytes, startup_stm32f429xx.o(.text))
<BR>[Address Reference Count : 1]<UL><LI> startup_stm32f429xx.o(RESET)
</UL>
<P><STRONG><a name="[54]"></a>CAN2_SCE_IRQHandler</STRONG> (Thumb, 0 bytes, Stack size 0 bytes, startup_stm32f429xx.o(.text))
<BR>[Address Reference Count : 1]<UL><LI> startup_stm32f429xx.o(RESET)
</UL>
<P><STRONG><a name="[51]"></a>CAN2_TX_IRQHandler</STRONG> (Thumb, 0 bytes, Stack size 0 bytes, startup_stm32f429xx.o(.text))
<BR>[Address Reference Count : 1]<UL><LI> startup_stm32f429xx.o(RESET)
</UL>
<P><STRONG><a name="[60]"></a>DCMI_IRQHandler</STRONG> (Thumb, 0 bytes, Stack size 0 bytes, startup_stm32f429xx.o(.text))
<BR>[Address Reference Count : 1]<UL><LI> startup_stm32f429xx.o(RESET)
</UL>
<P><STRONG><a name="[1d]"></a>DMA1_Stream0_IRQHandler</STRONG> (Thumb, 0 bytes, Stack size 0 bytes, startup_stm32f429xx.o(.text))
<BR>[Address Reference Count : 1]<UL><LI> startup_stm32f429xx.o(RESET)
</UL>
<P><STRONG><a name="[1e]"></a>DMA1_Stream1_IRQHandler</STRONG> (Thumb, 0 bytes, Stack size 0 bytes, startup_stm32f429xx.o(.text))
<BR>[Address Reference Count : 1]<UL><LI> startup_stm32f429xx.o(RESET)
</UL>
<P><STRONG><a name="[1f]"></a>DMA1_Stream2_IRQHandler</STRONG> (Thumb, 0 bytes, Stack size 0 bytes, startup_stm32f429xx.o(.text))
<BR>[Address Reference Count : 1]<UL><LI> startup_stm32f429xx.o(RESET)
</UL>
<P><STRONG><a name="[20]"></a>DMA1_Stream3_IRQHandler</STRONG> (Thumb, 0 bytes, Stack size 0 bytes, startup_stm32f429xx.o(.text))
<BR>[Address Reference Count : 1]<UL><LI> startup_stm32f429xx.o(RESET)
</UL>
<P><STRONG><a name="[21]"></a>DMA1_Stream4_IRQHandler</STRONG> (Thumb, 0 bytes, Stack size 0 bytes, startup_stm32f429xx.o(.text))
<BR>[Address Reference Count : 1]<UL><LI> startup_stm32f429xx.o(RESET)
</UL>
<P><STRONG><a name="[22]"></a>DMA1_Stream5_IRQHandler</STRONG> (Thumb, 0 bytes, Stack size 0 bytes, startup_stm32f429xx.o(.text))
<BR>[Address Reference Count : 1]<UL><LI> startup_stm32f429xx.o(RESET)
</UL>
<P><STRONG><a name="[23]"></a>DMA1_Stream6_IRQHandler</STRONG> (Thumb, 0 bytes, Stack size 0 bytes, startup_stm32f429xx.o(.text))
<BR>[Address Reference Count : 1]<UL><LI> startup_stm32f429xx.o(RESET)
</UL>
<P><STRONG><a name="[41]"></a>DMA1_Stream7_IRQHandler</STRONG> (Thumb, 0 bytes, Stack size 0 bytes, startup_stm32f429xx.o(.text))
<BR>[Address Reference Count : 1]<UL><LI> startup_stm32f429xx.o(RESET)
</UL>
<P><STRONG><a name="[6b]"></a>DMA2D_IRQHandler</STRONG> (Thumb, 0 bytes, Stack size 0 bytes, startup_stm32f429xx.o(.text))
<BR>[Address Reference Count : 1]<UL><LI> startup_stm32f429xx.o(RESET)
</UL>
<P><STRONG><a name="[4a]"></a>DMA2_Stream0_IRQHandler</STRONG> (Thumb, 0 bytes, Stack size 0 bytes, startup_stm32f429xx.o(.text))
<BR>[Address Reference Count : 1]<UL><LI> startup_stm32f429xx.o(RESET)
</UL>
<P><STRONG><a name="[4b]"></a>DMA2_Stream1_IRQHandler</STRONG> (Thumb, 0 bytes, Stack size 0 bytes, startup_stm32f429xx.o(.text))
<BR>[Address Reference Count : 1]<UL><LI> startup_stm32f429xx.o(RESET)
</UL>
<P><STRONG><a name="[4c]"></a>DMA2_Stream2_IRQHandler</STRONG> (Thumb, 0 bytes, Stack size 0 bytes, startup_stm32f429xx.o(.text))
<BR>[Address Reference Count : 1]<UL><LI> startup_stm32f429xx.o(RESET)
</UL>
<P><STRONG><a name="[4e]"></a>DMA2_Stream4_IRQHandler</STRONG> (Thumb, 0 bytes, Stack size 0 bytes, startup_stm32f429xx.o(.text))
<BR>[Address Reference Count : 1]<UL><LI> startup_stm32f429xx.o(RESET)
</UL>
<P><STRONG><a name="[56]"></a>DMA2_Stream5_IRQHandler</STRONG> (Thumb, 0 bytes, Stack size 0 bytes, startup_stm32f429xx.o(.text))
<BR>[Address Reference Count : 1]<UL><LI> startup_stm32f429xx.o(RESET)
</UL>
<P><STRONG><a name="[57]"></a>DMA2_Stream6_IRQHandler</STRONG> (Thumb, 0 bytes, Stack size 0 bytes, startup_stm32f429xx.o(.text))
<BR>[Address Reference Count : 1]<UL><LI> startup_stm32f429xx.o(RESET)
</UL>
<P><STRONG><a name="[58]"></a>DMA2_Stream7_IRQHandler</STRONG> (Thumb, 0 bytes, Stack size 0 bytes, startup_stm32f429xx.o(.text))
<BR>[Address Reference Count : 1]<UL><LI> startup_stm32f429xx.o(RESET)
</UL>
<P><STRONG><a name="[4f]"></a>ETH_IRQHandler</STRONG> (Thumb, 0 bytes, Stack size 0 bytes, startup_stm32f429xx.o(.text))
<BR>[Address Reference Count : 1]<UL><LI> startup_stm32f429xx.o(RESET)
</UL>
<P><STRONG><a name="[50]"></a>ETH_WKUP_IRQHandler</STRONG> (Thumb, 0 bytes, Stack size 0 bytes, startup_stm32f429xx.o(.text))
<BR>[Address Reference Count : 1]<UL><LI> startup_stm32f429xx.o(RESET)
</UL>
<P><STRONG><a name="[18]"></a>EXTI0_IRQHandler</STRONG> (Thumb, 0 bytes, Stack size 0 bytes, startup_stm32f429xx.o(.text))
<BR>[Address Reference Count : 1]<UL><LI> startup_stm32f429xx.o(RESET)
</UL>
<P><STRONG><a name="[19]"></a>EXTI1_IRQHandler</STRONG> (Thumb, 0 bytes, Stack size 0 bytes, startup_stm32f429xx.o(.text))
<BR>[Address Reference Count : 1]<UL><LI> startup_stm32f429xx.o(RESET)
</UL>
<P><STRONG><a name="[1a]"></a>EXTI2_IRQHandler</STRONG> (Thumb, 0 bytes, Stack size 0 bytes, startup_stm32f429xx.o(.text))
<BR>[Address Reference Count : 1]<UL><LI> startup_stm32f429xx.o(RESET)
</UL>
<P><STRONG><a name="[1b]"></a>EXTI3_IRQHandler</STRONG> (Thumb, 0 bytes, Stack size 0 bytes, startup_stm32f429xx.o(.text))
<BR>[Address Reference Count : 1]<UL><LI> startup_stm32f429xx.o(RESET)
</UL>
<P><STRONG><a name="[1c]"></a>EXTI4_IRQHandler</STRONG> (Thumb, 0 bytes, Stack size 0 bytes, startup_stm32f429xx.o(.text))
<BR>[Address Reference Count : 1]<UL><LI> startup_stm32f429xx.o(RESET)
</UL>
<P><STRONG><a name="[16]"></a>FLASH_IRQHandler</STRONG> (Thumb, 0 bytes, Stack size 0 bytes, startup_stm32f429xx.o(.text))
<BR>[Address Reference Count : 1]<UL><LI> startup_stm32f429xx.o(RESET)
</UL>
<P><STRONG><a name="[42]"></a>FMC_IRQHandler</STRONG> (Thumb, 0 bytes, Stack size 0 bytes, startup_stm32f429xx.o(.text))
<BR>[Address Reference Count : 1]<UL><LI> startup_stm32f429xx.o(RESET)
</UL>
<P><STRONG><a name="[62]"></a>FPU_IRQHandler</STRONG> (Thumb, 0 bytes, Stack size 0 bytes, startup_stm32f429xx.o(.text))
<BR>[Address Reference Count : 1]<UL><LI> startup_stm32f429xx.o(RESET)
</UL>
<P><STRONG><a name="[61]"></a>HASH_RNG_IRQHandler</STRONG> (Thumb, 0 bytes, Stack size 0 bytes, startup_stm32f429xx.o(.text))
<BR>[Address Reference Count : 1]<UL><LI> startup_stm32f429xx.o(RESET)
</UL>
<P><STRONG><a name="[32]"></a>I2C1_ER_IRQHandler</STRONG> (Thumb, 0 bytes, Stack size 0 bytes, startup_stm32f429xx.o(.text))
<BR>[Address Reference Count : 1]<UL><LI> startup_stm32f429xx.o(RESET)
</UL>
<P><STRONG><a name="[31]"></a>I2C1_EV_IRQHandler</STRONG> (Thumb, 0 bytes, Stack size 0 bytes, startup_stm32f429xx.o(.text))
<BR>[Address Reference Count : 1]<UL><LI> startup_stm32f429xx.o(RESET)
</UL>
<P><STRONG><a name="[34]"></a>I2C2_ER_IRQHandler</STRONG> (Thumb, 0 bytes, Stack size 0 bytes, startup_stm32f429xx.o(.text))
<BR>[Address Reference Count : 1]<UL><LI> startup_stm32f429xx.o(RESET)
</UL>
<P><STRONG><a name="[33]"></a>I2C2_EV_IRQHandler</STRONG> (Thumb, 0 bytes, Stack size 0 bytes, startup_stm32f429xx.o(.text))
<BR>[Address Reference Count : 1]<UL><LI> startup_stm32f429xx.o(RESET)
</UL>
<P><STRONG><a name="[5b]"></a>I2C3_ER_IRQHandler</STRONG> (Thumb, 0 bytes, Stack size 0 bytes, startup_stm32f429xx.o(.text))
<BR>[Address Reference Count : 1]<UL><LI> startup_stm32f429xx.o(RESET)
</UL>
<P><STRONG><a name="[5a]"></a>I2C3_EV_IRQHandler</STRONG> (Thumb, 0 bytes, Stack size 0 bytes, startup_stm32f429xx.o(.text))
<BR>[Address Reference Count : 1]<UL><LI> startup_stm32f429xx.o(RESET)
</UL>
<P><STRONG><a name="[6a]"></a>LTDC_ER_IRQHandler</STRONG> (Thumb, 0 bytes, Stack size 0 bytes, startup_stm32f429xx.o(.text))
<BR>[Address Reference Count : 1]<UL><LI> startup_stm32f429xx.o(RESET)
</UL>
<P><STRONG><a name="[69]"></a>LTDC_IRQHandler</STRONG> (Thumb, 0 bytes, Stack size 0 bytes, startup_stm32f429xx.o(.text))
<BR>[Address Reference Count : 1]<UL><LI> startup_stm32f429xx.o(RESET)
</UL>
<P><STRONG><a name="[55]"></a>OTG_FS_IRQHandler</STRONG> (Thumb, 0 bytes, Stack size 0 bytes, startup_stm32f429xx.o(.text))
<BR>[Address Reference Count : 1]<UL><LI> startup_stm32f429xx.o(RESET)
</UL>
<P><STRONG><a name="[3c]"></a>OTG_FS_WKUP_IRQHandler</STRONG> (Thumb, 0 bytes, Stack size 0 bytes, startup_stm32f429xx.o(.text))
<BR>[Address Reference Count : 1]<UL><LI> startup_stm32f429xx.o(RESET)
</UL>
<P><STRONG><a name="[5d]"></a>OTG_HS_EP1_IN_IRQHandler</STRONG> (Thumb, 0 bytes, Stack size 0 bytes, startup_stm32f429xx.o(.text))
<BR>[Address Reference Count : 1]<UL><LI> startup_stm32f429xx.o(RESET)
</UL>
<P><STRONG><a name="[5c]"></a>OTG_HS_EP1_OUT_IRQHandler</STRONG> (Thumb, 0 bytes, Stack size 0 bytes, startup_stm32f429xx.o(.text))
<BR>[Address Reference Count : 1]<UL><LI> startup_stm32f429xx.o(RESET)
</UL>
<P><STRONG><a name="[5f]"></a>OTG_HS_IRQHandler</STRONG> (Thumb, 0 bytes, Stack size 0 bytes, startup_stm32f429xx.o(.text))
<BR>[Address Reference Count : 1]<UL><LI> startup_stm32f429xx.o(RESET)
</UL>
<P><STRONG><a name="[5e]"></a>OTG_HS_WKUP_IRQHandler</STRONG> (Thumb, 0 bytes, Stack size 0 bytes, startup_stm32f429xx.o(.text))
<BR>[Address Reference Count : 1]<UL><LI> startup_stm32f429xx.o(RESET)
</UL>
<P><STRONG><a name="[13]"></a>PVD_IRQHandler</STRONG> (Thumb, 0 bytes, Stack size 0 bytes, startup_stm32f429xx.o(.text))
<BR>[Address Reference Count : 1]<UL><LI> startup_stm32f429xx.o(RESET)
</UL>
<P><STRONG><a name="[17]"></a>RCC_IRQHandler</STRONG> (Thumb, 0 bytes, Stack size 0 bytes, startup_stm32f429xx.o(.text))
<BR>[Address Reference Count : 1]<UL><LI> startup_stm32f429xx.o(RESET)
</UL>
<P><STRONG><a name="[3b]"></a>RTC_Alarm_IRQHandler</STRONG> (Thumb, 0 bytes, Stack size 0 bytes, startup_stm32f429xx.o(.text))
<BR>[Address Reference Count : 1]<UL><LI> startup_stm32f429xx.o(RESET)
</UL>
<P><STRONG><a name="[15]"></a>RTC_WKUP_IRQHandler</STRONG> (Thumb, 0 bytes, Stack size 0 bytes, startup_stm32f429xx.o(.text))
<BR>[Address Reference Count : 1]<UL><LI> startup_stm32f429xx.o(RESET)
</UL>
<P><STRONG><a name="[68]"></a>SAI1_IRQHandler</STRONG> (Thumb, 0 bytes, Stack size 0 bytes, startup_stm32f429xx.o(.text))
<BR>[Address Reference Count : 1]<UL><LI> startup_stm32f429xx.o(RESET)
</UL>
<P><STRONG><a name="[43]"></a>SDIO_IRQHandler</STRONG> (Thumb, 0 bytes, Stack size 0 bytes, startup_stm32f429xx.o(.text))
<BR>[Address Reference Count : 1]<UL><LI> startup_stm32f429xx.o(RESET)
</UL>
<P><STRONG><a name="[35]"></a>SPI1_IRQHandler</STRONG> (Thumb, 0 bytes, Stack size 0 bytes, startup_stm32f429xx.o(.text))
<BR>[Address Reference Count : 1]<UL><LI> startup_stm32f429xx.o(RESET)
</UL>
<P><STRONG><a name="[36]"></a>SPI2_IRQHandler</STRONG> (Thumb, 0 bytes, Stack size 0 bytes, startup_stm32f429xx.o(.text))
<BR>[Address Reference Count : 1]<UL><LI> startup_stm32f429xx.o(RESET)
</UL>
<P><STRONG><a name="[45]"></a>SPI3_IRQHandler</STRONG> (Thumb, 0 bytes, Stack size 0 bytes, startup_stm32f429xx.o(.text))
<BR>[Address Reference Count : 1]<UL><LI> startup_stm32f429xx.o(RESET)
</UL>
<P><STRONG><a name="[65]"></a>SPI4_IRQHandler</STRONG> (Thumb, 0 bytes, Stack size 0 bytes, startup_stm32f429xx.o(.text))
<BR>[Address Reference Count : 1]<UL><LI> startup_stm32f429xx.o(RESET)
</UL>
<P><STRONG><a name="[66]"></a>SPI5_IRQHandler</STRONG> (Thumb, 0 bytes, Stack size 0 bytes, startup_stm32f429xx.o(.text))
<BR>[Address Reference Count : 1]<UL><LI> startup_stm32f429xx.o(RESET)
</UL>
<P><STRONG><a name="[67]"></a>SPI6_IRQHandler</STRONG> (Thumb, 0 bytes, Stack size 0 bytes, startup_stm32f429xx.o(.text))
<BR>[Address Reference Count : 1]<UL><LI> startup_stm32f429xx.o(RESET)
</UL>
<P><STRONG><a name="[14]"></a>TAMP_STAMP_IRQHandler</STRONG> (Thumb, 0 bytes, Stack size 0 bytes, startup_stm32f429xx.o(.text))
<BR>[Address Reference Count : 1]<UL><LI> startup_stm32f429xx.o(RESET)
</UL>
<P><STRONG><a name="[2a]"></a>TIM1_BRK_TIM9_IRQHandler</STRONG> (Thumb, 0 bytes, Stack size 0 bytes, startup_stm32f429xx.o(.text))
<BR>[Address Reference Count : 1]<UL><LI> startup_stm32f429xx.o(RESET)
</UL>
<P><STRONG><a name="[2d]"></a>TIM1_CC_IRQHandler</STRONG> (Thumb, 0 bytes, Stack size 0 bytes, startup_stm32f429xx.o(.text))
<BR>[Address Reference Count : 1]<UL><LI> startup_stm32f429xx.o(RESET)
</UL>
<P><STRONG><a name="[2c]"></a>TIM1_TRG_COM_TIM11_IRQHandler</STRONG> (Thumb, 0 bytes, Stack size 0 bytes, startup_stm32f429xx.o(.text))
<BR>[Address Reference Count : 1]<UL><LI> startup_stm32f429xx.o(RESET)
</UL>
<P><STRONG><a name="[2b]"></a>TIM1_UP_TIM10_IRQHandler</STRONG> (Thumb, 0 bytes, Stack size 0 bytes, startup_stm32f429xx.o(.text))
<BR>[Address Reference Count : 1]<UL><LI> startup_stm32f429xx.o(RESET)
</UL>
<P><STRONG><a name="[2e]"></a>TIM2_IRQHandler</STRONG> (Thumb, 0 bytes, Stack size 0 bytes, startup_stm32f429xx.o(.text))
<BR>[Address Reference Count : 1]<UL><LI> startup_stm32f429xx.o(RESET)
</UL>
<P><STRONG><a name="[30]"></a>TIM4_IRQHandler</STRONG> (Thumb, 0 bytes, Stack size 0 bytes, startup_stm32f429xx.o(.text))
<BR>[Address Reference Count : 1]<UL><LI> startup_stm32f429xx.o(RESET)
</UL>
<P><STRONG><a name="[44]"></a>TIM5_IRQHandler</STRONG> (Thumb, 0 bytes, Stack size 0 bytes, startup_stm32f429xx.o(.text))
<BR>[Address Reference Count : 1]<UL><LI> startup_stm32f429xx.o(RESET)
</UL>
<P><STRONG><a name="[48]"></a>TIM6_DAC_IRQHandler</STRONG> (Thumb, 0 bytes, Stack size 0 bytes, startup_stm32f429xx.o(.text))
<BR>[Address Reference Count : 1]<UL><LI> startup_stm32f429xx.o(RESET)
</UL>
<P><STRONG><a name="[49]"></a>TIM7_IRQHandler</STRONG> (Thumb, 0 bytes, Stack size 0 bytes, startup_stm32f429xx.o(.text))
<BR>[Address Reference Count : 1]<UL><LI> startup_stm32f429xx.o(RESET)
</UL>
<P><STRONG><a name="[3d]"></a>TIM8_BRK_TIM12_IRQHandler</STRONG> (Thumb, 0 bytes, Stack size 0 bytes, startup_stm32f429xx.o(.text))
<BR>[Address Reference Count : 1]<UL><LI> startup_stm32f429xx.o(RESET)
</UL>
<P><STRONG><a name="[40]"></a>TIM8_CC_IRQHandler</STRONG> (Thumb, 0 bytes, Stack size 0 bytes, startup_stm32f429xx.o(.text))
<BR>[Address Reference Count : 1]<UL><LI> startup_stm32f429xx.o(RESET)
</UL>
<P><STRONG><a name="[3f]"></a>TIM8_TRG_COM_TIM14_IRQHandler</STRONG> (Thumb, 0 bytes, Stack size 0 bytes, startup_stm32f429xx.o(.text))
<BR>[Address Reference Count : 1]<UL><LI> startup_stm32f429xx.o(RESET)
</UL>
<P><STRONG><a name="[3e]"></a>TIM8_UP_TIM13_IRQHandler</STRONG> (Thumb, 0 bytes, Stack size 0 bytes, startup_stm32f429xx.o(.text))
<BR>[Address Reference Count : 1]<UL><LI> startup_stm32f429xx.o(RESET)
</UL>
<P><STRONG><a name="[46]"></a>UART4_IRQHandler</STRONG> (Thumb, 0 bytes, Stack size 0 bytes, startup_stm32f429xx.o(.text))
<BR>[Address Reference Count : 1]<UL><LI> startup_stm32f429xx.o(RESET)
</UL>
<P><STRONG><a name="[47]"></a>UART5_IRQHandler</STRONG> (Thumb, 0 bytes, Stack size 0 bytes, startup_stm32f429xx.o(.text))
<BR>[Address Reference Count : 1]<UL><LI> startup_stm32f429xx.o(RESET)
</UL>
<P><STRONG><a name="[63]"></a>UART7_IRQHandler</STRONG> (Thumb, 0 bytes, Stack size 0 bytes, startup_stm32f429xx.o(.text))
<BR>[Address Reference Count : 1]<UL><LI> startup_stm32f429xx.o(RESET)
</UL>
<P><STRONG><a name="[64]"></a>UART8_IRQHandler</STRONG> (Thumb, 0 bytes, Stack size 0 bytes, startup_stm32f429xx.o(.text))
<BR>[Address Reference Count : 1]<UL><LI> startup_stm32f429xx.o(RESET)
</UL>
<P><STRONG><a name="[38]"></a>USART2_IRQHandler</STRONG> (Thumb, 0 bytes, Stack size 0 bytes, startup_stm32f429xx.o(.text))
<BR>[Address Reference Count : 1]<UL><LI> startup_stm32f429xx.o(RESET)
</UL>
<P><STRONG><a name="[39]"></a>USART3_IRQHandler</STRONG> (Thumb, 0 bytes, Stack size 0 bytes, startup_stm32f429xx.o(.text))
<BR>[Address Reference Count : 1]<UL><LI> startup_stm32f429xx.o(RESET)
</UL>
<P><STRONG><a name="[59]"></a>USART6_IRQHandler</STRONG> (Thumb, 0 bytes, Stack size 0 bytes, startup_stm32f429xx.o(.text))
<BR>[Address Reference Count : 1]<UL><LI> startup_stm32f429xx.o(RESET)
</UL>
<P><STRONG><a name="[12]"></a>WWDG_IRQHandler</STRONG> (Thumb, 0 bytes, Stack size 0 bytes, startup_stm32f429xx.o(.text))
<BR>[Address Reference Count : 1]<UL><LI> startup_stm32f429xx.o(RESET)
</UL>
<P><STRONG><a name="[a6]"></a>__user_initial_stackheap</STRONG> (Thumb, 0 bytes, Stack size unknown bytes, startup_stm32f429xx.o(.text))
<BR><BR>[Called By]<UL><LI><a href="#[8a]">&gt;&gt;</a>&nbsp;&nbsp;&nbsp;__user_setup_stackheap
</UL>

<P><STRONG><a name="[271]"></a>__use_no_semihosting</STRONG> (Thumb, 2 bytes, Stack size 0 bytes, use_no_semi_2.o(.text), UNUSED)

<P><STRONG><a name="[1d8]"></a>__aeabi_uldivmod</STRONG> (Thumb, 0 bytes, Stack size 48 bytes, lludivv7m.o(.text))
<BR><BR>[Stack]<UL><LI>Max Depth = 48<LI>Call Chain = __aeabi_uldivmod
</UL>
<BR>[Called By]<UL><LI><a href="#[1d7]">&gt;&gt;</a>&nbsp;&nbsp;&nbsp;clmt_clust
<LI><a href="#[201]">&gt;&gt;</a>&nbsp;&nbsp;&nbsp;f_lseek
</UL>

<P><STRONG><a name="[272]"></a>_ll_udiv</STRONG> (Thumb, 238 bytes, Stack size 48 bytes, lludivv7m.o(.text), UNUSED)

<P><STRONG><a name="[94]"></a>__2printf</STRONG> (Thumb, 20 bytes, Stack size 24 bytes, noretval__2printf.o(.text))
<BR><BR>[Stack]<UL><LI>Max Depth = 128 + Unknown Stack Size
<LI>Call Chain = __2printf &rArr; _printf_char_file &rArr; _printf_char_common &rArr; __printf
</UL>
<BR>[Calls]<UL><LI><a href="#[95]">&gt;&gt;</a>&nbsp;&nbsp;&nbsp;_printf_char_file
</UL>
<BR>[Called By]<UL><LI><a href="#[15f]">&gt;&gt;</a>&nbsp;&nbsp;&nbsp;LCD_Init
<LI><a href="#[1cb]">&gt;&gt;</a>&nbsp;&nbsp;&nbsp;audio_play_song
<LI><a href="#[174]">&gt;&gt;</a>&nbsp;&nbsp;&nbsp;NAND_ECC_Correction
<LI><a href="#[df]">&gt;&gt;</a>&nbsp;&nbsp;&nbsp;NAND_ReadPage
<LI><a href="#[d8]">&gt;&gt;</a>&nbsp;&nbsp;&nbsp;FTL_Init
<LI><a href="#[d7]">&gt;&gt;</a>&nbsp;&nbsp;&nbsp;FTL_Format
<LI><a href="#[d4]">&gt;&gt;</a>&nbsp;&nbsp;&nbsp;FTL_CreateLUT
<LI><a href="#[ca]">&gt;&gt;</a>&nbsp;&nbsp;&nbsp;FTL_BlockCompare
<LI><a href="#[23a]">&gt;&gt;</a>&nbsp;&nbsp;&nbsp;wav_decode_init
<LI><a href="#[17a]">&gt;&gt;</a>&nbsp;&nbsp;&nbsp;OTT2001A_Init
<LI><a href="#[e4]">&gt;&gt;</a>&nbsp;&nbsp;&nbsp;GT9271_Init
<LI><a href="#[e2]">&gt;&gt;</a>&nbsp;&nbsp;&nbsp;GT9147_Init
<LI><a href="#[c2]">&gt;&gt;</a>&nbsp;&nbsp;&nbsp;FT5206_Init
</UL>

<P><STRONG><a name="[a1]"></a>_printf_str</STRONG> (Thumb, 82 bytes, Stack size 16 bytes, _printf_str.o(.text))
<BR><BR>[Stack]<UL><LI>Max Depth = 16<LI>Call Chain = _printf_str
</UL>
<BR>[Called By]<UL><LI><a href="#[a0]">&gt;&gt;</a>&nbsp;&nbsp;&nbsp;_printf_cs_common
</UL>

<P><STRONG><a name="[82]"></a>_printf_int_dec</STRONG> (Thumb, 104 bytes, Stack size 24 bytes, _printf_dec.o(.text))
<BR><BR>[Stack]<UL><LI>Max Depth = 56<LI>Call Chain = _printf_int_dec &rArr; _printf_int_common
</UL>
<BR>[Calls]<UL><LI><a href="#[96]">&gt;&gt;</a>&nbsp;&nbsp;&nbsp;_printf_int_common
</UL>
<BR>[Called By]<UL><LI><a href="#[81]">&gt;&gt;</a>&nbsp;&nbsp;&nbsp;_printf_d
</UL>

<P><STRONG><a name="[84]"></a>_printf_int_hex</STRONG> (Thumb, 84 bytes, Stack size 16 bytes, _printf_hex_int.o(.text))
<BR><BR>[Stack]<UL><LI>Max Depth = 48<LI>Call Chain = _printf_int_hex &rArr; _printf_int_common
</UL>
<BR>[Calls]<UL><LI><a href="#[96]">&gt;&gt;</a>&nbsp;&nbsp;&nbsp;_printf_int_common
</UL>
<BR>[Called By]<UL><LI><a href="#[83]">&gt;&gt;</a>&nbsp;&nbsp;&nbsp;_printf_x
</UL>

<P><STRONG><a name="[273]"></a>_printf_longlong_hex</STRONG> (Thumb, 0 bytes, Stack size 16 bytes, _printf_hex_int.o(.text), UNUSED)

<P><STRONG><a name="[97]"></a>__printf</STRONG> (Thumb, 184 bytes, Stack size 24 bytes, __printf_ss.o(.text))
<BR><BR>[Stack]<UL><LI>Max Depth = 24 + Unknown Stack Size
<LI>Call Chain = __printf
</UL>
<BR>[Calls]<UL><LI><a href="#[98]">&gt;&gt;</a>&nbsp;&nbsp;&nbsp;_printf_percent
</UL>
<BR>[Called By]<UL><LI><a href="#[a3]">&gt;&gt;</a>&nbsp;&nbsp;&nbsp;_printf_char_common
</UL>

<P><STRONG><a name="[1c9]"></a>strcpy</STRONG> (Thumb, 72 bytes, Stack size 12 bytes, strcpy.o(.text))
<BR><BR>[Stack]<UL><LI>Max Depth = 12<LI>Call Chain = strcpy
</UL>
<BR>[Called By]<UL><LI><a href="#[1c0]">&gt;&gt;</a>&nbsp;&nbsp;&nbsp;f_typetell
<LI><a href="#[1c7]">&gt;&gt;</a>&nbsp;&nbsp;&nbsp;audio_play
<LI><a href="#[8e]">&gt;&gt;</a>&nbsp;&nbsp;&nbsp;main
</UL>

<P><STRONG><a name="[1ca]"></a>strcat</STRONG> (Thumb, 24 bytes, Stack size 0 bytes, strcat.o(.text))
<BR><BR>[Called By]<UL><LI><a href="#[1c7]">&gt;&gt;</a>&nbsp;&nbsp;&nbsp;audio_play
<LI><a href="#[8e]">&gt;&gt;</a>&nbsp;&nbsp;&nbsp;main
</UL>

<P><STRONG><a name="[192]"></a>__aeabi_memcpy</STRONG> (Thumb, 0 bytes, Stack size 0 bytes, rt_memcpy_v6.o(.text))
<BR><BR>[Called By]<UL><LI><a href="#[194]">&gt;&gt;</a>&nbsp;&nbsp;&nbsp;SD_WriteDisk
<LI><a href="#[190]">&gt;&gt;</a>&nbsp;&nbsp;&nbsp;SD_ReadDisk
</UL>

<P><STRONG><a name="[99]"></a>__rt_memcpy</STRONG> (Thumb, 138 bytes, Stack size 0 bytes, rt_memcpy_v6.o(.text), UNUSED)
<BR><BR>[Calls]<UL><LI><a href="#[9a]">&gt;&gt;</a>&nbsp;&nbsp;&nbsp;__aeabi_memcpy4
</UL>

<P><STRONG><a name="[274]"></a>_memcpy_lastbytes</STRONG> (Thumb, 0 bytes, Stack size unknown bytes, rt_memcpy_v6.o(.text), UNUSED)

<P><STRONG><a name="[9a]"></a>__aeabi_memcpy4</STRONG> (Thumb, 0 bytes, Stack size 8 bytes, rt_memcpy_w.o(.text))
<BR><BR>[Stack]<UL><LI>Max Depth = 8<LI>Call Chain = __aeabi_memcpy4
</UL>
<BR>[Called By]<UL><LI><a href="#[f8]">&gt;&gt;</a>&nbsp;&nbsp;&nbsp;HAL_LTDC_ConfigLayer
<LI><a href="#[99]">&gt;&gt;</a>&nbsp;&nbsp;&nbsp;__rt_memcpy
</UL>

<P><STRONG><a name="[275]"></a>__aeabi_memcpy8</STRONG> (Thumb, 0 bytes, Stack size 8 bytes, rt_memcpy_w.o(.text), UNUSED)

<P><STRONG><a name="[276]"></a>__rt_memcpy_w</STRONG> (Thumb, 100 bytes, Stack size 8 bytes, rt_memcpy_w.o(.text), UNUSED)

<P><STRONG><a name="[277]"></a>_memcpy_lastbytes_aligned</STRONG> (Thumb, 0 bytes, Stack size unknown bytes, rt_memcpy_w.o(.text), UNUSED)

<P><STRONG><a name="[dc]"></a>__aeabi_memclr</STRONG> (Thumb, 0 bytes, Stack size 0 bytes, rt_memclr.o(.text))
<BR><BR>[Called By]<UL><LI><a href="#[d8]">&gt;&gt;</a>&nbsp;&nbsp;&nbsp;FTL_Init
</UL>

<P><STRONG><a name="[9b]"></a>__rt_memclr</STRONG> (Thumb, 68 bytes, Stack size 0 bytes, rt_memclr.o(.text), UNUSED)
<BR><BR>[Calls]<UL><LI><a href="#[9c]">&gt;&gt;</a>&nbsp;&nbsp;&nbsp;_memset_w
</UL>

<P><STRONG><a name="[278]"></a>_memset</STRONG> (Thumb, 0 bytes, Stack size unknown bytes, rt_memclr.o(.text), UNUSED)

<P><STRONG><a name="[279]"></a>__aeabi_memclr4</STRONG> (Thumb, 0 bytes, Stack size 4 bytes, rt_memclr_w.o(.text), UNUSED)

<P><STRONG><a name="[27a]"></a>__aeabi_memclr8</STRONG> (Thumb, 0 bytes, Stack size 4 bytes, rt_memclr_w.o(.text), UNUSED)

<P><STRONG><a name="[27b]"></a>__rt_memclr_w</STRONG> (Thumb, 78 bytes, Stack size 4 bytes, rt_memclr_w.o(.text), UNUSED)

<P><STRONG><a name="[9c]"></a>_memset_w</STRONG> (Thumb, 0 bytes, Stack size unknown bytes, rt_memclr_w.o(.text), UNUSED)
<BR><BR>[Called By]<UL><LI><a href="#[9b]">&gt;&gt;</a>&nbsp;&nbsp;&nbsp;__rt_memclr
</UL>

<P><STRONG><a name="[c7]"></a>strcmp</STRONG> (Thumb, 128 bytes, Stack size 0 bytes, strcmpv7m.o(.text))
<BR><BR>[Called By]<UL><LI><a href="#[1c0]">&gt;&gt;</a>&nbsp;&nbsp;&nbsp;f_typetell
<LI><a href="#[e4]">&gt;&gt;</a>&nbsp;&nbsp;&nbsp;GT9271_Init
<LI><a href="#[e2]">&gt;&gt;</a>&nbsp;&nbsp;&nbsp;GT9147_Init
<LI><a href="#[72]">&gt;&gt;</a>&nbsp;&nbsp;&nbsp;FT5206_Scan
</UL>

<P><STRONG><a name="[27c]"></a>__use_two_region_memory</STRONG> (Thumb, 2 bytes, Stack size 0 bytes, heapauxi.o(.text), UNUSED)

<P><STRONG><a name="[27d]"></a>__rt_heap_escrow$2region</STRONG> (Thumb, 2 bytes, Stack size 0 bytes, heapauxi.o(.text), UNUSED)

<P><STRONG><a name="[27e]"></a>__rt_heap_expand$2region</STRONG> (Thumb, 2 bytes, Stack size 0 bytes, heapauxi.o(.text), UNUSED)

<P><STRONG><a name="[27f]"></a>__I$use$semihosting</STRONG> (Thumb, 0 bytes, Stack size 0 bytes, use_no_semi.o(.text), UNUSED)

<P><STRONG><a name="[280]"></a>__use_no_semihosting_swi</STRONG> (Thumb, 2 bytes, Stack size 0 bytes, use_no_semi.o(.text), UNUSED)

<P><STRONG><a name="[9d]"></a>__read_errno</STRONG> (Thumb, 10 bytes, Stack size 8 bytes, _rserrno.o(.text), UNUSED)
<BR><BR>[Calls]<UL><LI><a href="#[9e]">&gt;&gt;</a>&nbsp;&nbsp;&nbsp;__aeabi_errno_addr
</UL>

<P><STRONG><a name="[9f]"></a>__set_errno</STRONG> (Thumb, 12 bytes, Stack size 8 bytes, _rserrno.o(.text))
<BR><BR>[Stack]<UL><LI>Max Depth = 8<LI>Call Chain = __set_errno
</UL>
<BR>[Calls]<UL><LI><a href="#[9e]">&gt;&gt;</a>&nbsp;&nbsp;&nbsp;__aeabi_errno_addr
</UL>
<BR>[Called By]<UL><LI><a href="#[19f]">&gt;&gt;</a>&nbsp;&nbsp;&nbsp;__hardfp_sqrt
</UL>

<P><STRONG><a name="[96]"></a>_printf_int_common</STRONG> (Thumb, 178 bytes, Stack size 32 bytes, _printf_intcommon.o(.text))
<BR><BR>[Stack]<UL><LI>Max Depth = 32<LI>Call Chain = _printf_int_common
</UL>
<BR>[Called By]<UL><LI><a href="#[84]">&gt;&gt;</a>&nbsp;&nbsp;&nbsp;_printf_int_hex
<LI><a href="#[82]">&gt;&gt;</a>&nbsp;&nbsp;&nbsp;_printf_int_dec
</UL>

<P><STRONG><a name="[a0]"></a>_printf_cs_common</STRONG> (Thumb, 20 bytes, Stack size 8 bytes, _printf_char.o(.text))
<BR><BR>[Stack]<UL><LI>Max Depth = 24<LI>Call Chain = _printf_cs_common &rArr; _printf_str
</UL>
<BR>[Calls]<UL><LI><a href="#[a1]">&gt;&gt;</a>&nbsp;&nbsp;&nbsp;_printf_str
</UL>
<BR>[Called By]<UL><LI><a href="#[86]">&gt;&gt;</a>&nbsp;&nbsp;&nbsp;_printf_string
<LI><a href="#[a2]">&gt;&gt;</a>&nbsp;&nbsp;&nbsp;_printf_char
</UL>

<P><STRONG><a name="[a2]"></a>_printf_char</STRONG> (Thumb, 16 bytes, Stack size 0 bytes, _printf_char.o(.text), UNUSED)
<BR><BR>[Calls]<UL><LI><a href="#[a0]">&gt;&gt;</a>&nbsp;&nbsp;&nbsp;_printf_cs_common
</UL>

<P><STRONG><a name="[86]"></a>_printf_string</STRONG> (Thumb, 8 bytes, Stack size 0 bytes, _printf_char.o(.text))
<BR><BR>[Stack]<UL><LI>Max Depth = 24<LI>Call Chain = _printf_string &rArr; _printf_cs_common &rArr; _printf_str
</UL>
<BR>[Calls]<UL><LI><a href="#[a0]">&gt;&gt;</a>&nbsp;&nbsp;&nbsp;_printf_cs_common
</UL>
<BR>[Called By]<UL><LI><a href="#[85]">&gt;&gt;</a>&nbsp;&nbsp;&nbsp;_printf_s
</UL>

<P><STRONG><a name="[95]"></a>_printf_char_file</STRONG> (Thumb, 32 bytes, Stack size 16 bytes, _printf_char_file.o(.text))
<BR><BR>[Stack]<UL><LI>Max Depth = 104 + Unknown Stack Size
<LI>Call Chain = _printf_char_file &rArr; _printf_char_common &rArr; __printf
</UL>
<BR>[Calls]<UL><LI><a href="#[a4]">&gt;&gt;</a>&nbsp;&nbsp;&nbsp;ferror
<LI><a href="#[a3]">&gt;&gt;</a>&nbsp;&nbsp;&nbsp;_printf_char_common
</UL>
<BR>[Called By]<UL><LI><a href="#[94]">&gt;&gt;</a>&nbsp;&nbsp;&nbsp;__2printf
</UL>

<P><STRONG><a name="[9e]"></a>__aeabi_errno_addr</STRONG> (Thumb, 8 bytes, Stack size 0 bytes, rt_errno_addr_intlibspace.o(.text))
<BR><BR>[Called By]<UL><LI><a href="#[9f]">&gt;&gt;</a>&nbsp;&nbsp;&nbsp;__set_errno
<LI><a href="#[9d]">&gt;&gt;</a>&nbsp;&nbsp;&nbsp;__read_errno
</UL>

<P><STRONG><a name="[281]"></a>__errno$intlibspace</STRONG> (Thumb, 0 bytes, Stack size 0 bytes, rt_errno_addr_intlibspace.o(.text), UNUSED)

<P><STRONG><a name="[282]"></a>__rt_errno_addr$intlibspace</STRONG> (Thumb, 0 bytes, Stack size 0 bytes, rt_errno_addr_intlibspace.o(.text), UNUSED)

<P><STRONG><a name="[a3]"></a>_printf_char_common</STRONG> (Thumb, 32 bytes, Stack size 64 bytes, _printf_char_common.o(.text))
<BR><BR>[Stack]<UL><LI>Max Depth = 88 + Unknown Stack Size
<LI>Call Chain = _printf_char_common &rArr; __printf
</UL>
<BR>[Calls]<UL><LI><a href="#[97]">&gt;&gt;</a>&nbsp;&nbsp;&nbsp;__printf
</UL>
<BR>[Called By]<UL><LI><a href="#[95]">&gt;&gt;</a>&nbsp;&nbsp;&nbsp;_printf_char_file
</UL>

<P><STRONG><a name="[a4]"></a>ferror</STRONG> (Thumb, 8 bytes, Stack size 0 bytes, ferror.o(.text))
<BR><BR>[Called By]<UL><LI><a href="#[95]">&gt;&gt;</a>&nbsp;&nbsp;&nbsp;_printf_char_file
</UL>

<P><STRONG><a name="[283]"></a>__user_libspace</STRONG> (Thumb, 8 bytes, Stack size 0 bytes, libspace.o(.text), UNUSED)

<P><STRONG><a name="[a5]"></a>__user_perproc_libspace</STRONG> (Thumb, 0 bytes, Stack size 0 bytes, libspace.o(.text))
<BR><BR>[Called By]<UL><LI><a href="#[8a]">&gt;&gt;</a>&nbsp;&nbsp;&nbsp;__user_setup_stackheap
</UL>

<P><STRONG><a name="[284]"></a>__user_perthread_libspace</STRONG> (Thumb, 0 bytes, Stack size 0 bytes, libspace.o(.text), UNUSED)

<P><STRONG><a name="[8a]"></a>__user_setup_stackheap</STRONG> (Thumb, 74 bytes, Stack size 8 bytes, sys_stackheap_outer.o(.text))
<BR><BR>[Stack]<UL><LI>Max Depth = 8 + Unknown Stack Size
<LI>Call Chain = __user_setup_stackheap
</UL>
<BR>[Calls]<UL><LI><a href="#[a6]">&gt;&gt;</a>&nbsp;&nbsp;&nbsp;__user_initial_stackheap
<LI><a href="#[a5]">&gt;&gt;</a>&nbsp;&nbsp;&nbsp;__user_perproc_libspace
</UL>
<BR>[Called By]<UL><LI><a href="#[89]">&gt;&gt;</a>&nbsp;&nbsp;&nbsp;__rt_entry_sh
</UL>

<P><STRONG><a name="[8f]"></a>exit</STRONG> (Thumb, 18 bytes, Stack size 8 bytes, exit.o(.text))
<BR><BR>[Stack]<UL><LI>Max Depth = 8 + Unknown Stack Size
<LI>Call Chain = exit
</UL>
<BR>[Calls]<UL><LI><a href="#[a7]">&gt;&gt;</a>&nbsp;&nbsp;&nbsp;__rt_exit
</UL>
<BR>[Called By]<UL><LI><a href="#[8d]">&gt;&gt;</a>&nbsp;&nbsp;&nbsp;__rt_entry_main
</UL>

<P><STRONG><a name="[a8]"></a>AT24CXX_Init</STRONG> (Thumb, 4 bytes, Stack size 0 bytes, 24cxx.o(i.AT24CXX_Init))
<BR><BR>[Stack]<UL><LI>Max Depth = 72<LI>Call Chain = AT24CXX_Init &rArr; IIC_Init &rArr; HAL_GPIO_Init
</UL>
<BR>[Calls]<UL><LI><a href="#[a9]">&gt;&gt;</a>&nbsp;&nbsp;&nbsp;IIC_Init
</UL>
<BR>[Called By]<UL><LI><a href="#[3]">&gt;&gt;</a>&nbsp;&nbsp;&nbsp;TP_Init
</UL>

<P><STRONG><a name="[aa]"></a>AT24CXX_ReadLenByte</STRONG> (Thumb, 42 bytes, Stack size 24 bytes, 24cxx.o(i.AT24CXX_ReadLenByte))
<BR><BR>[Stack]<UL><LI>Max Depth = 96<LI>Call Chain = AT24CXX_ReadLenByte &rArr; AT24CXX_ReadOneByte &rArr; IIC_Read_Byte &rArr; IIC_NAck &rArr; delay_us
</UL>
<BR>[Calls]<UL><LI><a href="#[ab]">&gt;&gt;</a>&nbsp;&nbsp;&nbsp;AT24CXX_ReadOneByte
</UL>
<BR>[Called By]<UL><LI><a href="#[19e]">&gt;&gt;</a>&nbsp;&nbsp;&nbsp;TP_Get_Adjdata
</UL>

<P><STRONG><a name="[ab]"></a>AT24CXX_ReadOneByte</STRONG> (Thumb, 66 bytes, Stack size 8 bytes, 24cxx.o(i.AT24CXX_ReadOneByte))
<BR><BR>[Stack]<UL><LI>Max Depth = 72<LI>Call Chain = AT24CXX_ReadOneByte &rArr; IIC_Read_Byte &rArr; IIC_NAck &rArr; delay_us
</UL>
<BR>[Calls]<UL><LI><a href="#[ae]">&gt;&gt;</a>&nbsp;&nbsp;&nbsp;IIC_Wait_Ack
<LI><a href="#[b0]">&gt;&gt;</a>&nbsp;&nbsp;&nbsp;IIC_Stop
<LI><a href="#[ac]">&gt;&gt;</a>&nbsp;&nbsp;&nbsp;IIC_Start
<LI><a href="#[ad]">&gt;&gt;</a>&nbsp;&nbsp;&nbsp;IIC_Send_Byte
<LI><a href="#[af]">&gt;&gt;</a>&nbsp;&nbsp;&nbsp;IIC_Read_Byte
</UL>
<BR>[Called By]<UL><LI><a href="#[aa]">&gt;&gt;</a>&nbsp;&nbsp;&nbsp;AT24CXX_ReadLenByte
<LI><a href="#[19e]">&gt;&gt;</a>&nbsp;&nbsp;&nbsp;TP_Get_Adjdata
</UL>

<P><STRONG><a name="[b1]"></a>AT24CXX_WriteLenByte</STRONG> (Thumb, 42 bytes, Stack size 24 bytes, 24cxx.o(i.AT24CXX_WriteLenByte))
<BR><BR>[Stack]<UL><LI>Max Depth = 88<LI>Call Chain = AT24CXX_WriteLenByte &rArr; AT24CXX_WriteOneByte &rArr; IIC_Wait_Ack &rArr; IIC_Stop &rArr; delay_us
</UL>
<BR>[Calls]<UL><LI><a href="#[b2]">&gt;&gt;</a>&nbsp;&nbsp;&nbsp;AT24CXX_WriteOneByte
</UL>
<BR>[Called By]<UL><LI><a href="#[1a3]">&gt;&gt;</a>&nbsp;&nbsp;&nbsp;TP_Save_Adjdata
</UL>

<P><STRONG><a name="[b2]"></a>AT24CXX_WriteOneByte</STRONG> (Thumb, 62 bytes, Stack size 16 bytes, 24cxx.o(i.AT24CXX_WriteOneByte))
<BR><BR>[Stack]<UL><LI>Max Depth = 64<LI>Call Chain = AT24CXX_WriteOneByte &rArr; IIC_Wait_Ack &rArr; IIC_Stop &rArr; delay_us
</UL>
<BR>[Calls]<UL><LI><a href="#[b3]">&gt;&gt;</a>&nbsp;&nbsp;&nbsp;delay_ms
<LI><a href="#[ae]">&gt;&gt;</a>&nbsp;&nbsp;&nbsp;IIC_Wait_Ack
<LI><a href="#[b0]">&gt;&gt;</a>&nbsp;&nbsp;&nbsp;IIC_Stop
<LI><a href="#[ac]">&gt;&gt;</a>&nbsp;&nbsp;&nbsp;IIC_Start
<LI><a href="#[ad]">&gt;&gt;</a>&nbsp;&nbsp;&nbsp;IIC_Send_Byte
</UL>
<BR>[Called By]<UL><LI><a href="#[b1]">&gt;&gt;</a>&nbsp;&nbsp;&nbsp;AT24CXX_WriteLenByte
<LI><a href="#[1a3]">&gt;&gt;</a>&nbsp;&nbsp;&nbsp;TP_Save_Adjdata
</UL>

<P><STRONG><a name="[c]"></a>BusFault_Handler</STRONG> (Thumb, 2 bytes, Stack size 0 bytes, stm32f4xx_it.o(i.BusFault_Handler))
<BR><BR>[Calls]<UL><LI><a href="#[c]">&gt;&gt;</a>&nbsp;&nbsp;&nbsp;BusFault_Handler
</UL>
<BR>[Called By]<UL><LI><a href="#[c]">&gt;&gt;</a>&nbsp;&nbsp;&nbsp;BusFault_Handler
</UL>
<BR>[Address Reference Count : 1]<UL><LI> startup_stm32f429xx.o(RESET)
</UL>
<P><STRONG><a name="[b4]"></a>CT_IIC_Ack</STRONG> (Thumb, 58 bytes, Stack size 16 bytes, ctiic.o(i.CT_IIC_Ack))
<BR><BR>[Stack]<UL><LI>Max Depth = 32<LI>Call Chain = CT_IIC_Ack &rArr; delay_us
</UL>
<BR>[Calls]<UL><LI><a href="#[b5]">&gt;&gt;</a>&nbsp;&nbsp;&nbsp;delay_us
</UL>
<BR>[Called By]<UL><LI><a href="#[b9]">&gt;&gt;</a>&nbsp;&nbsp;&nbsp;CT_IIC_Read_Byte
</UL>

<P><STRONG><a name="[b6]"></a>CT_IIC_Init</STRONG> (Thumb, 88 bytes, Stack size 32 bytes, ctiic.o(i.CT_IIC_Init))
<BR><BR>[Stack]<UL><LI>Max Depth = 72<LI>Call Chain = CT_IIC_Init &rArr; HAL_GPIO_Init
</UL>
<BR>[Calls]<UL><LI><a href="#[b7]">&gt;&gt;</a>&nbsp;&nbsp;&nbsp;HAL_GPIO_Init
</UL>
<BR>[Called By]<UL><LI><a href="#[17a]">&gt;&gt;</a>&nbsp;&nbsp;&nbsp;OTT2001A_Init
<LI><a href="#[e4]">&gt;&gt;</a>&nbsp;&nbsp;&nbsp;GT9271_Init
<LI><a href="#[e2]">&gt;&gt;</a>&nbsp;&nbsp;&nbsp;GT9147_Init
<LI><a href="#[c2]">&gt;&gt;</a>&nbsp;&nbsp;&nbsp;FT5206_Init
</UL>

<P><STRONG><a name="[b8]"></a>CT_IIC_NAck</STRONG> (Thumb, 58 bytes, Stack size 16 bytes, ctiic.o(i.CT_IIC_NAck))
<BR><BR>[Stack]<UL><LI>Max Depth = 32<LI>Call Chain = CT_IIC_NAck &rArr; delay_us
</UL>
<BR>[Calls]<UL><LI><a href="#[b5]">&gt;&gt;</a>&nbsp;&nbsp;&nbsp;delay_us
</UL>
<BR>[Called By]<UL><LI><a href="#[b9]">&gt;&gt;</a>&nbsp;&nbsp;&nbsp;CT_IIC_Read_Byte
</UL>

<P><STRONG><a name="[b9]"></a>CT_IIC_Read_Byte</STRONG> (Thumb, 106 bytes, Stack size 32 bytes, ctiic.o(i.CT_IIC_Read_Byte))
<BR><BR>[Stack]<UL><LI>Max Depth = 64<LI>Call Chain = CT_IIC_Read_Byte &rArr; CT_IIC_NAck &rArr; delay_us
</UL>
<BR>[Calls]<UL><LI><a href="#[b5]">&gt;&gt;</a>&nbsp;&nbsp;&nbsp;delay_us
<LI><a href="#[b8]">&gt;&gt;</a>&nbsp;&nbsp;&nbsp;CT_IIC_NAck
<LI><a href="#[b4]">&gt;&gt;</a>&nbsp;&nbsp;&nbsp;CT_IIC_Ack
</UL>
<BR>[Called By]<UL><LI><a href="#[17c]">&gt;&gt;</a>&nbsp;&nbsp;&nbsp;OTT2001A_RD_Reg
<LI><a href="#[e6]">&gt;&gt;</a>&nbsp;&nbsp;&nbsp;GT9271_RD_Reg
<LI><a href="#[c4]">&gt;&gt;</a>&nbsp;&nbsp;&nbsp;GT9147_RD_Reg
<LI><a href="#[c3]">&gt;&gt;</a>&nbsp;&nbsp;&nbsp;FT5206_RD_Reg
</UL>

<P><STRONG><a name="[ba]"></a>CT_IIC_Send_Byte</STRONG> (Thumb, 90 bytes, Stack size 32 bytes, ctiic.o(i.CT_IIC_Send_Byte))
<BR><BR>[Stack]<UL><LI>Max Depth = 48<LI>Call Chain = CT_IIC_Send_Byte &rArr; delay_us
</UL>
<BR>[Calls]<UL><LI><a href="#[b5]">&gt;&gt;</a>&nbsp;&nbsp;&nbsp;delay_us
</UL>
<BR>[Called By]<UL><LI><a href="#[17e]">&gt;&gt;</a>&nbsp;&nbsp;&nbsp;OTT2001A_WR_Reg
<LI><a href="#[17c]">&gt;&gt;</a>&nbsp;&nbsp;&nbsp;OTT2001A_RD_Reg
<LI><a href="#[e8]">&gt;&gt;</a>&nbsp;&nbsp;&nbsp;GT9271_WR_Reg
<LI><a href="#[e6]">&gt;&gt;</a>&nbsp;&nbsp;&nbsp;GT9271_RD_Reg
<LI><a href="#[c5]">&gt;&gt;</a>&nbsp;&nbsp;&nbsp;GT9147_WR_Reg
<LI><a href="#[c4]">&gt;&gt;</a>&nbsp;&nbsp;&nbsp;GT9147_RD_Reg
<LI><a href="#[c6]">&gt;&gt;</a>&nbsp;&nbsp;&nbsp;FT5206_WR_Reg
<LI><a href="#[c3]">&gt;&gt;</a>&nbsp;&nbsp;&nbsp;FT5206_RD_Reg
</UL>

<P><STRONG><a name="[bb]"></a>CT_IIC_Start</STRONG> (Thumb, 62 bytes, Stack size 16 bytes, ctiic.o(i.CT_IIC_Start))
<BR><BR>[Stack]<UL><LI>Max Depth = 32<LI>Call Chain = CT_IIC_Start &rArr; delay_us
</UL>
<BR>[Calls]<UL><LI><a href="#[b5]">&gt;&gt;</a>&nbsp;&nbsp;&nbsp;delay_us
</UL>
<BR>[Called By]<UL><LI><a href="#[17e]">&gt;&gt;</a>&nbsp;&nbsp;&nbsp;OTT2001A_WR_Reg
<LI><a href="#[17c]">&gt;&gt;</a>&nbsp;&nbsp;&nbsp;OTT2001A_RD_Reg
<LI><a href="#[e8]">&gt;&gt;</a>&nbsp;&nbsp;&nbsp;GT9271_WR_Reg
<LI><a href="#[e6]">&gt;&gt;</a>&nbsp;&nbsp;&nbsp;GT9271_RD_Reg
<LI><a href="#[c5]">&gt;&gt;</a>&nbsp;&nbsp;&nbsp;GT9147_WR_Reg
<LI><a href="#[c4]">&gt;&gt;</a>&nbsp;&nbsp;&nbsp;GT9147_RD_Reg
<LI><a href="#[c6]">&gt;&gt;</a>&nbsp;&nbsp;&nbsp;FT5206_WR_Reg
<LI><a href="#[c3]">&gt;&gt;</a>&nbsp;&nbsp;&nbsp;FT5206_RD_Reg
</UL>

<P><STRONG><a name="[bc]"></a>CT_IIC_Stop</STRONG> (Thumb, 62 bytes, Stack size 16 bytes, ctiic.o(i.CT_IIC_Stop))
<BR><BR>[Stack]<UL><LI>Max Depth = 32<LI>Call Chain = CT_IIC_Stop &rArr; delay_us
</UL>
<BR>[Calls]<UL><LI><a href="#[b5]">&gt;&gt;</a>&nbsp;&nbsp;&nbsp;delay_us
</UL>
<BR>[Called By]<UL><LI><a href="#[17e]">&gt;&gt;</a>&nbsp;&nbsp;&nbsp;OTT2001A_WR_Reg
<LI><a href="#[17c]">&gt;&gt;</a>&nbsp;&nbsp;&nbsp;OTT2001A_RD_Reg
<LI><a href="#[e8]">&gt;&gt;</a>&nbsp;&nbsp;&nbsp;GT9271_WR_Reg
<LI><a href="#[e6]">&gt;&gt;</a>&nbsp;&nbsp;&nbsp;GT9271_RD_Reg
<LI><a href="#[c5]">&gt;&gt;</a>&nbsp;&nbsp;&nbsp;GT9147_WR_Reg
<LI><a href="#[c4]">&gt;&gt;</a>&nbsp;&nbsp;&nbsp;GT9147_RD_Reg
<LI><a href="#[c6]">&gt;&gt;</a>&nbsp;&nbsp;&nbsp;FT5206_WR_Reg
<LI><a href="#[c3]">&gt;&gt;</a>&nbsp;&nbsp;&nbsp;FT5206_RD_Reg
<LI><a href="#[bd]">&gt;&gt;</a>&nbsp;&nbsp;&nbsp;CT_IIC_Wait_Ack
</UL>

<P><STRONG><a name="[bd]"></a>CT_IIC_Wait_Ack</STRONG> (Thumb, 70 bytes, Stack size 16 bytes, ctiic.o(i.CT_IIC_Wait_Ack))
<BR><BR>[Stack]<UL><LI>Max Depth = 48<LI>Call Chain = CT_IIC_Wait_Ack &rArr; CT_IIC_Stop &rArr; delay_us
</UL>
<BR>[Calls]<UL><LI><a href="#[b5]">&gt;&gt;</a>&nbsp;&nbsp;&nbsp;delay_us
<LI><a href="#[bc]">&gt;&gt;</a>&nbsp;&nbsp;&nbsp;CT_IIC_Stop
</UL>
<BR>[Called By]<UL><LI><a href="#[17e]">&gt;&gt;</a>&nbsp;&nbsp;&nbsp;OTT2001A_WR_Reg
<LI><a href="#[17c]">&gt;&gt;</a>&nbsp;&nbsp;&nbsp;OTT2001A_RD_Reg
<LI><a href="#[e8]">&gt;&gt;</a>&nbsp;&nbsp;&nbsp;GT9271_WR_Reg
<LI><a href="#[e6]">&gt;&gt;</a>&nbsp;&nbsp;&nbsp;GT9271_RD_Reg
<LI><a href="#[c5]">&gt;&gt;</a>&nbsp;&nbsp;&nbsp;GT9147_WR_Reg
<LI><a href="#[c4]">&gt;&gt;</a>&nbsp;&nbsp;&nbsp;GT9147_RD_Reg
<LI><a href="#[c6]">&gt;&gt;</a>&nbsp;&nbsp;&nbsp;FT5206_WR_Reg
<LI><a href="#[c3]">&gt;&gt;</a>&nbsp;&nbsp;&nbsp;FT5206_RD_Reg
</UL>

<P><STRONG><a name="[be]"></a>Curtain_Init</STRONG> (Thumb, 116 bytes, Stack size 24 bytes, main.o(i.Curtain_Init))
<BR><BR>[Stack]<UL><LI>Max Depth = 360<LI>Call Chain = Curtain_Init &rArr; Show_Str &rArr; Show_Font &rArr; Get_HzMat &rArr; W25QXX_Read &rArr; SPI5_ReadWriteByte &rArr; HAL_SPI_TransmitReceive &rArr; SPI_WaitOnFlagUntilTimeout
</UL>
<BR>[Calls]<UL><LI><a href="#[bf]">&gt;&gt;</a>&nbsp;&nbsp;&nbsp;Show_Str
</UL>
<BR>[Called By]<UL><LI><a href="#[8e]">&gt;&gt;</a>&nbsp;&nbsp;&nbsp;main
</UL>

<P><STRONG><a name="[4d]"></a>DMA2_Stream3_IRQHandler</STRONG> (Thumb, 104 bytes, Stack size 8 bytes, sai.o(i.DMA2_Stream3_IRQHandler))
<BR><BR>[Stack]<UL><LI>Max Depth = 8<LI>Call Chain = DMA2_Stream3_IRQHandler
</UL>
<BR>[Address Reference Count : 1]<UL><LI> startup_stm32f429xx.o(RESET)
</UL>
<P><STRONG><a name="[f]"></a>DebugMon_Handler</STRONG> (Thumb, 2 bytes, Stack size 0 bytes, stm32f4xx_it.o(i.DebugMon_Handler))
<BR>[Address Reference Count : 1]<UL><LI> startup_stm32f429xx.o(RESET)
</UL>
<P><STRONG><a name="[3a]"></a>EXTI15_10_IRQHandler</STRONG> (Thumb, 2 bytes, Stack size 0 bytes, exti.o(i.EXTI15_10_IRQHandler))
<BR>[Address Reference Count : 1]<UL><LI> startup_stm32f429xx.o(RESET)
</UL>
<P><STRONG><a name="[29]"></a>EXTI9_5_IRQHandler</STRONG> (Thumb, 2 bytes, Stack size 0 bytes, exti.o(i.EXTI9_5_IRQHandler))
<BR>[Address Reference Count : 1]<UL><LI> startup_stm32f429xx.o(RESET)
</UL>
<P><STRONG><a name="[102]"></a>FMC_NAND_AttributeSpace_Timing_Init</STRONG> (Thumb, 48 bytes, Stack size 0 bytes, stm32f4xx_ll_fmc.o(i.FMC_NAND_AttributeSpace_Timing_Init))
<BR><BR>[Called By]<UL><LI><a href="#[fe]">&gt;&gt;</a>&nbsp;&nbsp;&nbsp;HAL_NAND_Init
</UL>

<P><STRONG><a name="[101]"></a>FMC_NAND_CommonSpace_Timing_Init</STRONG> (Thumb, 48 bytes, Stack size 0 bytes, stm32f4xx_ll_fmc.o(i.FMC_NAND_CommonSpace_Timing_Init))
<BR><BR>[Called By]<UL><LI><a href="#[fe]">&gt;&gt;</a>&nbsp;&nbsp;&nbsp;HAL_NAND_Init
</UL>

<P><STRONG><a name="[100]"></a>FMC_NAND_Init</STRONG> (Thumb, 74 bytes, Stack size 12 bytes, stm32f4xx_ll_fmc.o(i.FMC_NAND_Init))
<BR><BR>[Stack]<UL><LI>Max Depth = 12<LI>Call Chain = FMC_NAND_Init
</UL>
<BR>[Called By]<UL><LI><a href="#[fe]">&gt;&gt;</a>&nbsp;&nbsp;&nbsp;HAL_NAND_Init
</UL>

<P><STRONG><a name="[133]"></a>FMC_NORSRAM_Extended_Timing_Init</STRONG> (Thumb, 60 bytes, Stack size 16 bytes, stm32f4xx_ll_fmc.o(i.FMC_NORSRAM_Extended_Timing_Init))
<BR><BR>[Stack]<UL><LI>Max Depth = 16<LI>Call Chain = FMC_NORSRAM_Extended_Timing_Init
</UL>
<BR>[Called By]<UL><LI><a href="#[15f]">&gt;&gt;</a>&nbsp;&nbsp;&nbsp;LCD_Init
<LI><a href="#[12f]">&gt;&gt;</a>&nbsp;&nbsp;&nbsp;HAL_SRAM_Init
</UL>

<P><STRONG><a name="[131]"></a>FMC_NORSRAM_Init</STRONG> (Thumb, 110 bytes, Stack size 20 bytes, stm32f4xx_ll_fmc.o(i.FMC_NORSRAM_Init))
<BR><BR>[Stack]<UL><LI>Max Depth = 20<LI>Call Chain = FMC_NORSRAM_Init
</UL>
<BR>[Called By]<UL><LI><a href="#[12f]">&gt;&gt;</a>&nbsp;&nbsp;&nbsp;HAL_SRAM_Init
</UL>

<P><STRONG><a name="[132]"></a>FMC_NORSRAM_Timing_Init</STRONG> (Thumb, 86 bytes, Stack size 20 bytes, stm32f4xx_ll_fmc.o(i.FMC_NORSRAM_Timing_Init))
<BR><BR>[Stack]<UL><LI>Max Depth = 20<LI>Call Chain = FMC_NORSRAM_Timing_Init
</UL>
<BR>[Called By]<UL><LI><a href="#[12f]">&gt;&gt;</a>&nbsp;&nbsp;&nbsp;HAL_SRAM_Init
</UL>

<P><STRONG><a name="[114]"></a>FMC_SDRAM_Init</STRONG> (Thumb, 76 bytes, Stack size 12 bytes, stm32f4xx_ll_fmc.o(i.FMC_SDRAM_Init))
<BR><BR>[Stack]<UL><LI>Max Depth = 12<LI>Call Chain = FMC_SDRAM_Init
</UL>
<BR>[Called By]<UL><LI><a href="#[112]">&gt;&gt;</a>&nbsp;&nbsp;&nbsp;HAL_SDRAM_Init
</UL>

<P><STRONG><a name="[117]"></a>FMC_SDRAM_ProgramRefreshRate</STRONG> (Thumb, 12 bytes, Stack size 0 bytes, stm32f4xx_ll_fmc.o(i.FMC_SDRAM_ProgramRefreshRate))
<BR><BR>[Called By]<UL><LI><a href="#[116]">&gt;&gt;</a>&nbsp;&nbsp;&nbsp;HAL_SDRAM_ProgramRefreshRate
</UL>

<P><STRONG><a name="[c0]"></a>FMC_SDRAM_SendCommand</STRONG> (Thumb, 72 bytes, Stack size 24 bytes, stm32f4xx_ll_fmc.o(i.FMC_SDRAM_SendCommand))
<BR><BR>[Stack]<UL><LI>Max Depth = 24<LI>Call Chain = FMC_SDRAM_SendCommand
</UL>
<BR>[Calls]<UL><LI><a href="#[c1]">&gt;&gt;</a>&nbsp;&nbsp;&nbsp;HAL_GetTick
</UL>
<BR>[Called By]<UL><LI><a href="#[118]">&gt;&gt;</a>&nbsp;&nbsp;&nbsp;HAL_SDRAM_SendCommand
</UL>

<P><STRONG><a name="[115]"></a>FMC_SDRAM_Timing_Init</STRONG> (Thumb, 124 bytes, Stack size 20 bytes, stm32f4xx_ll_fmc.o(i.FMC_SDRAM_Timing_Init))
<BR><BR>[Stack]<UL><LI>Max Depth = 20<LI>Call Chain = FMC_SDRAM_Timing_Init
</UL>
<BR>[Called By]<UL><LI><a href="#[112]">&gt;&gt;</a>&nbsp;&nbsp;&nbsp;HAL_SDRAM_Init
</UL>

<P><STRONG><a name="[c2]"></a>FT5206_Init</STRONG> (Thumb, 298 bytes, Stack size 48 bytes, ft5206.o(i.FT5206_Init))
<BR><BR>[Stack]<UL><LI>Max Depth = 176 + Unknown Stack Size
<LI>Call Chain = FT5206_Init &rArr; __2printf &rArr; _printf_char_file &rArr; _printf_char_common &rArr; __printf
</UL>
<BR>[Calls]<UL><LI><a href="#[b3]">&gt;&gt;</a>&nbsp;&nbsp;&nbsp;delay_ms
<LI><a href="#[b7]">&gt;&gt;</a>&nbsp;&nbsp;&nbsp;HAL_GPIO_Init
<LI><a href="#[94]">&gt;&gt;</a>&nbsp;&nbsp;&nbsp;__2printf
<LI><a href="#[c5]">&gt;&gt;</a>&nbsp;&nbsp;&nbsp;GT9147_WR_Reg
<LI><a href="#[c4]">&gt;&gt;</a>&nbsp;&nbsp;&nbsp;GT9147_RD_Reg
<LI><a href="#[c6]">&gt;&gt;</a>&nbsp;&nbsp;&nbsp;FT5206_WR_Reg
<LI><a href="#[c3]">&gt;&gt;</a>&nbsp;&nbsp;&nbsp;FT5206_RD_Reg
<LI><a href="#[b6]">&gt;&gt;</a>&nbsp;&nbsp;&nbsp;CT_IIC_Init
</UL>
<BR>[Called By]<UL><LI><a href="#[3]">&gt;&gt;</a>&nbsp;&nbsp;&nbsp;TP_Init
</UL>

<P><STRONG><a name="[c3]"></a>FT5206_RD_Reg</STRONG> (Thumb, 86 bytes, Stack size 24 bytes, ft5206.o(i.FT5206_RD_Reg))
<BR><BR>[Stack]<UL><LI>Max Depth = 88<LI>Call Chain = FT5206_RD_Reg &rArr; CT_IIC_Read_Byte &rArr; CT_IIC_NAck &rArr; delay_us
</UL>
<BR>[Calls]<UL><LI><a href="#[bd]">&gt;&gt;</a>&nbsp;&nbsp;&nbsp;CT_IIC_Wait_Ack
<LI><a href="#[bc]">&gt;&gt;</a>&nbsp;&nbsp;&nbsp;CT_IIC_Stop
<LI><a href="#[bb]">&gt;&gt;</a>&nbsp;&nbsp;&nbsp;CT_IIC_Start
<LI><a href="#[ba]">&gt;&gt;</a>&nbsp;&nbsp;&nbsp;CT_IIC_Send_Byte
<LI><a href="#[b9]">&gt;&gt;</a>&nbsp;&nbsp;&nbsp;CT_IIC_Read_Byte
</UL>
<BR>[Called By]<UL><LI><a href="#[72]">&gt;&gt;</a>&nbsp;&nbsp;&nbsp;FT5206_Scan
<LI><a href="#[c2]">&gt;&gt;</a>&nbsp;&nbsp;&nbsp;FT5206_Init
</UL>

<P><STRONG><a name="[72]"></a>FT5206_Scan</STRONG> (Thumb, 580 bytes, Stack size 48 bytes, ft5206.o(i.FT5206_Scan))
<BR><BR>[Stack]<UL><LI>Max Depth = 136<LI>Call Chain = FT5206_Scan &rArr; GT9147_RD_Reg &rArr; CT_IIC_Read_Byte &rArr; CT_IIC_NAck &rArr; delay_us
</UL>
<BR>[Calls]<UL><LI><a href="#[b3]">&gt;&gt;</a>&nbsp;&nbsp;&nbsp;delay_ms
<LI><a href="#[c5]">&gt;&gt;</a>&nbsp;&nbsp;&nbsp;GT9147_WR_Reg
<LI><a href="#[c4]">&gt;&gt;</a>&nbsp;&nbsp;&nbsp;GT9147_RD_Reg
<LI><a href="#[c3]">&gt;&gt;</a>&nbsp;&nbsp;&nbsp;FT5206_RD_Reg
<LI><a href="#[c7]">&gt;&gt;</a>&nbsp;&nbsp;&nbsp;strcmp
</UL>
<BR>[Address Reference Count : 1]<UL><LI> touch.o(i.TP_Init)
</UL>
<P><STRONG><a name="[c6]"></a>FT5206_WR_Reg</STRONG> (Thumb, 72 bytes, Stack size 24 bytes, ft5206.o(i.FT5206_WR_Reg))
<BR><BR>[Stack]<UL><LI>Max Depth = 72<LI>Call Chain = FT5206_WR_Reg &rArr; CT_IIC_Wait_Ack &rArr; CT_IIC_Stop &rArr; delay_us
</UL>
<BR>[Calls]<UL><LI><a href="#[bd]">&gt;&gt;</a>&nbsp;&nbsp;&nbsp;CT_IIC_Wait_Ack
<LI><a href="#[bc]">&gt;&gt;</a>&nbsp;&nbsp;&nbsp;CT_IIC_Stop
<LI><a href="#[bb]">&gt;&gt;</a>&nbsp;&nbsp;&nbsp;CT_IIC_Start
<LI><a href="#[ba]">&gt;&gt;</a>&nbsp;&nbsp;&nbsp;CT_IIC_Send_Byte
</UL>
<BR>[Called By]<UL><LI><a href="#[c2]">&gt;&gt;</a>&nbsp;&nbsp;&nbsp;FT5206_Init
</UL>

<P><STRONG><a name="[c8]"></a>FTL_BadBlockMark</STRONG> (Thumb, 44 bytes, Stack size 16 bytes, ftl.o(i.FTL_BadBlockMark))
<BR><BR>[Stack]<UL><LI>Max Depth = 88<LI>Call Chain = FTL_BadBlockMark &rArr; NAND_WriteSpare &rArr; NAND_WritePage &rArr; NAND_WaitForReady &rArr; NAND_ReadStatus &rArr; NAND_Delay
</UL>
<BR>[Calls]<UL><LI><a href="#[c9]">&gt;&gt;</a>&nbsp;&nbsp;&nbsp;NAND_WriteSpare
</UL>
<BR>[Called By]<UL><LI><a href="#[dd]">&gt;&gt;</a>&nbsp;&nbsp;&nbsp;FTL_ReadSectors
<LI><a href="#[d7]">&gt;&gt;</a>&nbsp;&nbsp;&nbsp;FTL_Format
<LI><a href="#[d0]">&gt;&gt;</a>&nbsp;&nbsp;&nbsp;FTL_CopyAndWriteToBlock
</UL>

<P><STRONG><a name="[ca]"></a>FTL_BlockCompare</STRONG> (Thumb, 156 bytes, Stack size 40 bytes, ftl.o(i.FTL_BlockCompare))
<BR><BR>[Stack]<UL><LI>Max Depth = 168 + Unknown Stack Size
<LI>Call Chain = FTL_BlockCompare &rArr; __2printf &rArr; _printf_char_file &rArr; _printf_char_common &rArr; __printf
</UL>
<BR>[Calls]<UL><LI><a href="#[94]">&gt;&gt;</a>&nbsp;&nbsp;&nbsp;__2printf
<LI><a href="#[cd]">&gt;&gt;</a>&nbsp;&nbsp;&nbsp;NAND_WritePageConst
<LI><a href="#[cb]">&gt;&gt;</a>&nbsp;&nbsp;&nbsp;NAND_ReadPageComp
<LI><a href="#[cc]">&gt;&gt;</a>&nbsp;&nbsp;&nbsp;NAND_EraseBlock
</UL>
<BR>[Called By]<UL><LI><a href="#[dd]">&gt;&gt;</a>&nbsp;&nbsp;&nbsp;FTL_ReadSectors
</UL>

<P><STRONG><a name="[ce]"></a>FTL_CheckBadBlock</STRONG> (Thumb, 70 bytes, Stack size 16 bytes, ftl.o(i.FTL_CheckBadBlock))
<BR><BR>[Stack]<UL><LI>Max Depth = 216 + Unknown Stack Size
<LI>Call Chain = FTL_CheckBadBlock &rArr; NAND_ReadSpare &rArr; NAND_ReadPage &rArr; NAND_ECC_Correction &rArr; __2printf &rArr; _printf_char_file &rArr; _printf_char_common &rArr; __printf
</UL>
<BR>[Calls]<UL><LI><a href="#[cf]">&gt;&gt;</a>&nbsp;&nbsp;&nbsp;NAND_ReadSpare
</UL>
<BR>[Called By]<UL><LI><a href="#[d7]">&gt;&gt;</a>&nbsp;&nbsp;&nbsp;FTL_Format
</UL>

<P><STRONG><a name="[d0]"></a>FTL_CopyAndWriteToBlock</STRONG> (Thumb, 196 bytes, Stack size 40 bytes, ftl.o(i.FTL_CopyAndWriteToBlock))
<BR><BR>[Stack]<UL><LI>Max Depth = 280 + Unknown Stack Size
<LI>Call Chain = FTL_CopyAndWriteToBlock &rArr; FTL_FindSamePlaneUnusedBlock &rArr; FTL_FindUnusedBlock &rArr; NAND_ReadSpare &rArr; NAND_ReadPage &rArr; NAND_ECC_Correction &rArr; __2printf &rArr; _printf_char_file &rArr; _printf_char_common &rArr; __printf
</UL>
<BR>[Calls]<UL><LI><a href="#[cc]">&gt;&gt;</a>&nbsp;&nbsp;&nbsp;NAND_EraseBlock
<LI><a href="#[d3]">&gt;&gt;</a>&nbsp;&nbsp;&nbsp;NAND_CopyPageWithoutWrite
<LI><a href="#[d2]">&gt;&gt;</a>&nbsp;&nbsp;&nbsp;NAND_CopyPageWithWrite
<LI><a href="#[d5]">&gt;&gt;</a>&nbsp;&nbsp;&nbsp;FTL_UsedBlockMark
<LI><a href="#[d1]">&gt;&gt;</a>&nbsp;&nbsp;&nbsp;FTL_FindSamePlaneUnusedBlock
<LI><a href="#[d4]">&gt;&gt;</a>&nbsp;&nbsp;&nbsp;FTL_CreateLUT
<LI><a href="#[c8]">&gt;&gt;</a>&nbsp;&nbsp;&nbsp;FTL_BadBlockMark
</UL>
<BR>[Called By]<UL><LI><a href="#[e0]">&gt;&gt;</a>&nbsp;&nbsp;&nbsp;FTL_WriteSectors
<LI><a href="#[dd]">&gt;&gt;</a>&nbsp;&nbsp;&nbsp;FTL_ReadSectors
</UL>

<P><STRONG><a name="[d4]"></a>FTL_CreateLUT</STRONG> (Thumb, 170 bytes, Stack size 24 bytes, ftl.o(i.FTL_CreateLUT))
<BR><BR>[Stack]<UL><LI>Max Depth = 224 + Unknown Stack Size
<LI>Call Chain = FTL_CreateLUT &rArr; NAND_ReadSpare &rArr; NAND_ReadPage &rArr; NAND_ECC_Correction &rArr; __2printf &rArr; _printf_char_file &rArr; _printf_char_common &rArr; __printf
</UL>
<BR>[Calls]<UL><LI><a href="#[94]">&gt;&gt;</a>&nbsp;&nbsp;&nbsp;__2printf
<LI><a href="#[cf]">&gt;&gt;</a>&nbsp;&nbsp;&nbsp;NAND_ReadSpare
</UL>
<BR>[Called By]<UL><LI><a href="#[dd]">&gt;&gt;</a>&nbsp;&nbsp;&nbsp;FTL_ReadSectors
<LI><a href="#[d8]">&gt;&gt;</a>&nbsp;&nbsp;&nbsp;FTL_Init
<LI><a href="#[d7]">&gt;&gt;</a>&nbsp;&nbsp;&nbsp;FTL_Format
<LI><a href="#[d0]">&gt;&gt;</a>&nbsp;&nbsp;&nbsp;FTL_CopyAndWriteToBlock
</UL>

<P><STRONG><a name="[d1]"></a>FTL_FindSamePlaneUnusedBlock</STRONG> (Thumb, 66 bytes, Stack size 16 bytes, ftl.o(i.FTL_FindSamePlaneUnusedBlock))
<BR><BR>[Stack]<UL><LI>Max Depth = 240 + Unknown Stack Size
<LI>Call Chain = FTL_FindSamePlaneUnusedBlock &rArr; FTL_FindUnusedBlock &rArr; NAND_ReadSpare &rArr; NAND_ReadPage &rArr; NAND_ECC_Correction &rArr; __2printf &rArr; _printf_char_file &rArr; _printf_char_common &rArr; __printf
</UL>
<BR>[Calls]<UL><LI><a href="#[d6]">&gt;&gt;</a>&nbsp;&nbsp;&nbsp;FTL_FindUnusedBlock
</UL>
<BR>[Called By]<UL><LI><a href="#[d0]">&gt;&gt;</a>&nbsp;&nbsp;&nbsp;FTL_CopyAndWriteToBlock
</UL>

<P><STRONG><a name="[d6]"></a>FTL_FindUnusedBlock</STRONG> (Thumb, 62 bytes, Stack size 24 bytes, ftl.o(i.FTL_FindUnusedBlock))
<BR><BR>[Stack]<UL><LI>Max Depth = 224 + Unknown Stack Size
<LI>Call Chain = FTL_FindUnusedBlock &rArr; NAND_ReadSpare &rArr; NAND_ReadPage &rArr; NAND_ECC_Correction &rArr; __2printf &rArr; _printf_char_file &rArr; _printf_char_common &rArr; __printf
</UL>
<BR>[Calls]<UL><LI><a href="#[cf]">&gt;&gt;</a>&nbsp;&nbsp;&nbsp;NAND_ReadSpare
</UL>
[...]
</UL>
<BR>[Calls]<UL><LI><a href="#[1e2]">&gt;&gt;</a>&nbsp;&nbsp;&nbsp;ff_convert
<LI><a href="#[1d4]">&gt;&gt;</a>&nbsp;&nbsp;&nbsp;ld_word
<LI><a href="#[1d5]">&gt;&gt;</a>&nbsp;&nbsp;&nbsp;ld_dword
<LI><a href="#[215]">&gt;&gt;</a>&nbsp;&nbsp;&nbsp;get_xdir_info
</UL>
<BR>[Called By]<UL><LI><a href="#[1c6]">&gt;&gt;</a>&nbsp;&nbsp;&nbsp;f_readdir
</UL>

<P><STRONG><a name="[203]"></a>get_ldnumber</STRONG> (Thumb, 60 bytes, Stack size 8 bytes, ff.o(i.get_ldnumber))
<BR><BR>[Stack]<UL><LI>Max Depth = 8<LI>Call Chain = get_ldnumber
</UL>
<BR>[Called By]<UL><LI><a href="#[202]">&gt;&gt;</a>&nbsp;&nbsp;&nbsp;f_mount
<LI><a href="#[204]">&gt;&gt;</a>&nbsp;&nbsp;&nbsp;find_volume
</UL>

<P><STRONG><a name="[215]"></a>get_xdir_info</STRONG> (Thumb, 138 bytes, Stack size 24 bytes, ff.o(i.get_xdir_info))
<BR><BR>[Stack]<UL><LI>Max Depth = 168<LI>Call Chain = get_xdir_info &rArr; ff_convert &rArr; W25QXX_Read &rArr; SPI5_ReadWriteByte &rArr; HAL_SPI_TransmitReceive &rArr; SPI_WaitOnFlagUntilTimeout
</UL>
<BR>[Calls]<UL><LI><a href="#[1e2]">&gt;&gt;</a>&nbsp;&nbsp;&nbsp;ff_convert
<LI><a href="#[1d4]">&gt;&gt;</a>&nbsp;&nbsp;&nbsp;ld_word
<LI><a href="#[20d]">&gt;&gt;</a>&nbsp;&nbsp;&nbsp;ld_qword
</UL>
<BR>[Called By]<UL><LI><a href="#[210]">&gt;&gt;</a>&nbsp;&nbsp;&nbsp;get_fileinfo
</UL>

<P><STRONG><a name="[20a]"></a>ld_clust</STRONG> (Thumb, 38 bytes, Stack size 16 bytes, ff.o(i.ld_clust))
<BR><BR>[Stack]<UL><LI>Max Depth = 16<LI>Call Chain = ld_clust
</UL>
<BR>[Calls]<UL><LI><a href="#[1d4]">&gt;&gt;</a>&nbsp;&nbsp;&nbsp;ld_word
</UL>
<BR>[Called By]<UL><LI><a href="#[1c5]">&gt;&gt;</a>&nbsp;&nbsp;&nbsp;f_opendir
<LI><a href="#[207]">&gt;&gt;</a>&nbsp;&nbsp;&nbsp;follow_path
<LI><a href="#[205]">&gt;&gt;</a>&nbsp;&nbsp;&nbsp;f_open
</UL>

<P><STRONG><a name="[1d5]"></a>ld_dword</STRONG> (Thumb, 22 bytes, Stack size 0 bytes, ff.o(i.ld_dword))
<BR><BR>[Called By]<UL><LI><a href="#[1c5]">&gt;&gt;</a>&nbsp;&nbsp;&nbsp;f_opendir
<LI><a href="#[1de]">&gt;&gt;</a>&nbsp;&nbsp;&nbsp;put_fat
<LI><a href="#[210]">&gt;&gt;</a>&nbsp;&nbsp;&nbsp;get_fileinfo
<LI><a href="#[1dc]">&gt;&gt;</a>&nbsp;&nbsp;&nbsp;get_fat
<LI><a href="#[207]">&gt;&gt;</a>&nbsp;&nbsp;&nbsp;follow_path
<LI><a href="#[204]">&gt;&gt;</a>&nbsp;&nbsp;&nbsp;find_volume
<LI><a href="#[1d3]">&gt;&gt;</a>&nbsp;&nbsp;&nbsp;check_fs
<LI><a href="#[205]">&gt;&gt;</a>&nbsp;&nbsp;&nbsp;f_open
</UL>

<P><STRONG><a name="[20d]"></a>ld_qword</STRONG> (Thumb, 86 bytes, Stack size 8 bytes, ff.o(i.ld_qword))
<BR><BR>[Stack]<UL><LI>Max Depth = 8<LI>Call Chain = ld_qword
</UL>
<BR>[Called By]<UL><LI><a href="#[1c5]">&gt;&gt;</a>&nbsp;&nbsp;&nbsp;f_opendir
<LI><a href="#[215]">&gt;&gt;</a>&nbsp;&nbsp;&nbsp;get_xdir_info
<LI><a href="#[207]">&gt;&gt;</a>&nbsp;&nbsp;&nbsp;follow_path
<LI><a href="#[204]">&gt;&gt;</a>&nbsp;&nbsp;&nbsp;find_volume
<LI><a href="#[205]">&gt;&gt;</a>&nbsp;&nbsp;&nbsp;f_open
</UL>

<P><STRONG><a name="[1d4]"></a>ld_word</STRONG> (Thumb, 10 bytes, Stack size 0 bytes, ff.o(i.ld_word))
<BR><BR>[Called By]<UL><LI><a href="#[1f2]">&gt;&gt;</a>&nbsp;&nbsp;&nbsp;pick_lfn
<LI><a href="#[1f1]">&gt;&gt;</a>&nbsp;&nbsp;&nbsp;load_xdir
<LI><a href="#[20a]">&gt;&gt;</a>&nbsp;&nbsp;&nbsp;ld_clust
<LI><a href="#[215]">&gt;&gt;</a>&nbsp;&nbsp;&nbsp;get_xdir_info
<LI><a href="#[210]">&gt;&gt;</a>&nbsp;&nbsp;&nbsp;get_fileinfo
<LI><a href="#[1dc]">&gt;&gt;</a>&nbsp;&nbsp;&nbsp;get_fat
<LI><a href="#[204]">&gt;&gt;</a>&nbsp;&nbsp;&nbsp;find_volume
<LI><a href="#[1ec]">&gt;&gt;</a>&nbsp;&nbsp;&nbsp;dir_find
<LI><a href="#[1d9]">&gt;&gt;</a>&nbsp;&nbsp;&nbsp;cmp_lfn
<LI><a href="#[1d3]">&gt;&gt;</a>&nbsp;&nbsp;&nbsp;check_fs
</UL>

<P><STRONG><a name="[1f7]"></a>load_obj_dir</STRONG> (Thumb, 56 bytes, Stack size 8 bytes, ff.o(i.load_obj_dir))
<BR><BR>[Stack]<UL><LI>Max Depth = 544 + Unknown Stack Size
<LI>Call Chain = load_obj_dir &rArr; load_xdir &rArr; dir_next &rArr; create_chain &rArr; put_fat &rArr; move_window &rArr; sync_window &rArr; disk_write &rArr; FTL_WriteSectors &rArr; FTL_CopyAndWriteToBlock &rArr; FTL_FindSamePlaneUnusedBlock &rArr; FTL_FindUnusedBlock &rArr; NAND_ReadSpare &rArr; NAND_ReadPage &rArr; NAND_ECC_Correction &rArr; __2printf &rArr; _printf_char_file &rArr; _printf_char_common &rArr; __printf
</UL>
<BR>[Calls]<UL><LI><a href="#[1c8]">&gt;&gt;</a>&nbsp;&nbsp;&nbsp;dir_sdi
<LI><a href="#[1f1]">&gt;&gt;</a>&nbsp;&nbsp;&nbsp;load_xdir
</UL>
<BR>[Called By]<UL><LI><a href="#[1ff]">&gt;&gt;</a>&nbsp;&nbsp;&nbsp;f_sync
<LI><a href="#[1f3]">&gt;&gt;</a>&nbsp;&nbsp;&nbsp;dir_register
</UL>

<P><STRONG><a name="[1f1]"></a>load_xdir</STRONG> (Thumb, 170 bytes, Stack size 24 bytes, ff.o(i.load_xdir))
<BR><BR>[Stack]<UL><LI>Max Depth = 536 + Unknown Stack Size
<LI>Call Chain = load_xdir &rArr; dir_next &rArr; create_chain &rArr; put_fat &rArr; move_window &rArr; sync_window &rArr; disk_write &rArr; FTL_WriteSectors &rArr; FTL_CopyAndWriteToBlock &rArr; FTL_FindSamePlaneUnusedBlock &rArr; FTL_FindUnusedBlock &rArr; NAND_ReadSpare &rArr; NAND_ReadPage &rArr; NAND_ECC_Correction &rArr; __2printf &rArr; _printf_char_file &rArr; _printf_char_common &rArr; __printf
</UL>
<BR>[Calls]<UL><LI><a href="#[22f]">&gt;&gt;</a>&nbsp;&nbsp;&nbsp;xdir_sum
<LI><a href="#[1d2]">&gt;&gt;</a>&nbsp;&nbsp;&nbsp;move_window
<LI><a href="#[1f4]">&gt;&gt;</a>&nbsp;&nbsp;&nbsp;mem_cpy
<LI><a href="#[1d4]">&gt;&gt;</a>&nbsp;&nbsp;&nbsp;ld_word
<LI><a href="#[1eb]">&gt;&gt;</a>&nbsp;&nbsp;&nbsp;dir_next
</UL>
<BR>[Called By]<UL><LI><a href="#[1f7]">&gt;&gt;</a>&nbsp;&nbsp;&nbsp;load_obj_dir
<LI><a href="#[1ed]">&gt;&gt;</a>&nbsp;&nbsp;&nbsp;dir_read
</UL>

<P><STRONG><a name="[1d6]"></a>mem_cmp</STRONG> (Thumb, 24 bytes, Stack size 8 bytes, ff.o(i.mem_cmp))
<BR><BR>[Stack]<UL><LI>Max Depth = 8<LI>Call Chain = mem_cmp
</UL>
<BR>[Called By]<UL><LI><a href="#[1ec]">&gt;&gt;</a>&nbsp;&nbsp;&nbsp;dir_find
<LI><a href="#[1d3]">&gt;&gt;</a>&nbsp;&nbsp;&nbsp;check_fs
</UL>

<P><STRONG><a name="[1f4]"></a>mem_cpy</STRONG> (Thumb, 18 bytes, Stack size 0 bytes, ff.o(i.mem_cpy))
<BR><BR>[Called By]<UL><LI><a href="#[1f9]">&gt;&gt;</a>&nbsp;&nbsp;&nbsp;store_xdir
<LI><a href="#[1f1]">&gt;&gt;</a>&nbsp;&nbsp;&nbsp;load_xdir
<LI><a href="#[1f5]">&gt;&gt;</a>&nbsp;&nbsp;&nbsp;gen_numname
<LI><a href="#[1f3]">&gt;&gt;</a>&nbsp;&nbsp;&nbsp;dir_register
<LI><a href="#[20f]">&gt;&gt;</a>&nbsp;&nbsp;&nbsp;f_read
</UL>

<P><STRONG><a name="[1e4]"></a>mem_set</STRONG> (Thumb, 12 bytes, Stack size 0 bytes, ff.o(i.mem_set))
<BR><BR>[Called By]<UL><LI><a href="#[211]">&gt;&gt;</a>&nbsp;&nbsp;&nbsp;sync_fs
<LI><a href="#[1f3]">&gt;&gt;</a>&nbsp;&nbsp;&nbsp;dir_register
<LI><a href="#[1eb]">&gt;&gt;</a>&nbsp;&nbsp;&nbsp;dir_next
<LI><a href="#[1e5]">&gt;&gt;</a>&nbsp;&nbsp;&nbsp;create_xdir
<LI><a href="#[1e1]">&gt;&gt;</a>&nbsp;&nbsp;&nbsp;create_name
</UL>

<P><STRONG><a name="[1d2]"></a>move_window</STRONG> (Thumb, 50 bytes, Stack size 16 bytes, ff.o(i.move_window))
<BR><BR>[Stack]<UL><LI>Max Depth = 416 + Unknown Stack Size
<LI>Call Chain = move_window &rArr; sync_window &rArr; disk_write &rArr; FTL_WriteSectors &rArr; FTL_CopyAndWriteToBlock &rArr; FTL_FindSamePlaneUnusedBlock &rArr; FTL_FindUnusedBlock &rArr; NAND_ReadSpare &rArr; NAND_ReadPage &rArr; NAND_ECC_Correction &rArr; __2printf &rArr; _printf_char_file &rArr; _printf_char_common &rArr; __printf
</UL>
<BR>[Calls]<UL><LI><a href="#[1fb]">&gt;&gt;</a>&nbsp;&nbsp;&nbsp;disk_read
<LI><a href="#[1ef]">&gt;&gt;</a>&nbsp;&nbsp;&nbsp;sync_window
</UL>
<BR>[Called By]<UL><LI><a href="#[1ff]">&gt;&gt;</a>&nbsp;&nbsp;&nbsp;f_sync
<LI><a href="#[1f9]">&gt;&gt;</a>&nbsp;&nbsp;&nbsp;store_xdir
<LI><a href="#[1de]">&gt;&gt;</a>&nbsp;&nbsp;&nbsp;put_fat
<LI><a href="#[1f1]">&gt;&gt;</a>&nbsp;&nbsp;&nbsp;load_xdir
<LI><a href="#[1dc]">&gt;&gt;</a>&nbsp;&nbsp;&nbsp;get_fat
<LI><a href="#[204]">&gt;&gt;</a>&nbsp;&nbsp;&nbsp;find_volume
<LI><a href="#[1dd]">&gt;&gt;</a>&nbsp;&nbsp;&nbsp;find_bitmap
<LI><a href="#[1f3]">&gt;&gt;</a>&nbsp;&nbsp;&nbsp;dir_register
<LI><a href="#[1ed]">&gt;&gt;</a>&nbsp;&nbsp;&nbsp;dir_read
<LI><a href="#[1ec]">&gt;&gt;</a>&nbsp;&nbsp;&nbsp;dir_find
<LI><a href="#[1ea]">&gt;&gt;</a>&nbsp;&nbsp;&nbsp;dir_alloc
<LI><a href="#[1d3]">&gt;&gt;</a>&nbsp;&nbsp;&nbsp;check_fs
<LI><a href="#[1d1]">&gt;&gt;</a>&nbsp;&nbsp;&nbsp;change_bitmap
<LI><a href="#[205]">&gt;&gt;</a>&nbsp;&nbsp;&nbsp;f_open
</UL>

<P><STRONG><a name="[1f2]"></a>pick_lfn</STRONG> (Thumb, 108 bytes, Stack size 32 bytes, ff.o(i.pick_lfn))
<BR><BR>[Stack]<UL><LI>Max Depth = 32<LI>Call Chain = pick_lfn
</UL>
<BR>[Calls]<UL><LI><a href="#[1d4]">&gt;&gt;</a>&nbsp;&nbsp;&nbsp;ld_word
</UL>
<BR>[Called By]<UL><LI><a href="#[1ed]">&gt;&gt;</a>&nbsp;&nbsp;&nbsp;dir_read
</UL>

<P><STRONG><a name="[1de]"></a>put_fat</STRONG> (Thumb, 246 bytes, Stack size 32 bytes, ff.o(i.put_fat))
<BR><BR>[Stack]<UL><LI>Max Depth = 448 + Unknown Stack Size
<LI>Call Chain = put_fat &rArr; move_window &rArr; sync_window &rArr; disk_write &rArr; FTL_WriteSectors &rArr; FTL_CopyAndWriteToBlock &rArr; FTL_FindSamePlaneUnusedBlock &rArr; FTL_FindUnusedBlock &rArr; NAND_ReadSpare &rArr; NAND_ReadPage &rArr; NAND_ECC_Correction &rArr; __2printf &rArr; _printf_char_file &rArr; _printf_char_common &rArr; __printf
</UL>
<BR>[Calls]<UL><LI><a href="#[1e7]">&gt;&gt;</a>&nbsp;&nbsp;&nbsp;st_word
<LI><a href="#[209]">&gt;&gt;</a>&nbsp;&nbsp;&nbsp;st_dword
<LI><a href="#[1d2]">&gt;&gt;</a>&nbsp;&nbsp;&nbsp;move_window
<LI><a href="#[1d5]">&gt;&gt;</a>&nbsp;&nbsp;&nbsp;ld_dword
</UL>
<BR>[Called By]<UL><LI><a href="#[20c]">&gt;&gt;</a>&nbsp;&nbsp;&nbsp;remove_chain
<LI><a href="#[1f6]">&gt;&gt;</a>&nbsp;&nbsp;&nbsp;fill_fat_chain
<LI><a href="#[1db]">&gt;&gt;</a>&nbsp;&nbsp;&nbsp;create_chain
</UL>

<P><STRONG><a name="[20c]"></a>remove_chain</STRONG> (Thumb, 232 bytes, Stack size 32 bytes, ff.o(i.remove_chain))
<BR><BR>[Stack]<UL><LI>Max Depth = 480 + Unknown Stack Size
<LI>Call Chain = remove_chain &rArr; put_fat &rArr; move_window &rArr; sync_window &rArr; disk_write &rArr; FTL_WriteSectors &rArr; FTL_CopyAndWriteToBlock &rArr; FTL_FindSamePlaneUnusedBlock &rArr; FTL_FindUnusedBlock &rArr; NAND_ReadSpare &rArr; NAND_ReadPage &rArr; NAND_ECC_Correction &rArr; __2printf &rArr; _printf_char_file &rArr; _printf_char_common &rArr; __printf
</UL>
<BR>[Calls]<UL><LI><a href="#[1de]">&gt;&gt;</a>&nbsp;&nbsp;&nbsp;put_fat
<LI><a href="#[1dc]">&gt;&gt;</a>&nbsp;&nbsp;&nbsp;get_fat
<LI><a href="#[1d1]">&gt;&gt;</a>&nbsp;&nbsp;&nbsp;change_bitmap
</UL>
<BR>[Called By]<UL><LI><a href="#[205]">&gt;&gt;</a>&nbsp;&nbsp;&nbsp;f_open
</UL>

<P><STRONG><a name="[20b]"></a>st_clust</STRONG> (Thumb, 40 bytes, Stack size 16 bytes, ff.o(i.st_clust))
<BR><BR>[Stack]<UL><LI>Max Depth = 16<LI>Call Chain = st_clust
</UL>
<BR>[Calls]<UL><LI><a href="#[1e7]">&gt;&gt;</a>&nbsp;&nbsp;&nbsp;st_word
</UL>
<BR>[Called By]<UL><LI><a href="#[1ff]">&gt;&gt;</a>&nbsp;&nbsp;&nbsp;f_sync
<LI><a href="#[205]">&gt;&gt;</a>&nbsp;&nbsp;&nbsp;f_open
</UL>

<P><STRONG><a name="[209]"></a>st_dword</STRONG> (Thumb, 16 bytes, Stack size 0 bytes, ff.o(i.st_dword))
<BR><BR>[Called By]<UL><LI><a href="#[1ff]">&gt;&gt;</a>&nbsp;&nbsp;&nbsp;f_sync
<LI><a href="#[211]">&gt;&gt;</a>&nbsp;&nbsp;&nbsp;sync_fs
<LI><a href="#[1de]">&gt;&gt;</a>&nbsp;&nbsp;&nbsp;put_fat
<LI><a href="#[205]">&gt;&gt;</a>&nbsp;&nbsp;&nbsp;f_open
</UL>

<P><STRONG><a name="[1f8]"></a>st_qword</STRONG> (Thumb, 74 bytes, Stack size 8 bytes, ff.o(i.st_qword))
<BR><BR>[Stack]<UL><LI>Max Depth = 8<LI>Call Chain = st_qword
</UL>
<BR>[Called By]<UL><LI><a href="#[1ff]">&gt;&gt;</a>&nbsp;&nbsp;&nbsp;f_sync
<LI><a href="#[1f3]">&gt;&gt;</a>&nbsp;&nbsp;&nbsp;dir_register
<LI><a href="#[205]">&gt;&gt;</a>&nbsp;&nbsp;&nbsp;f_open
</UL>

<P><STRONG><a name="[1e7]"></a>st_word</STRONG> (Thumb, 8 bytes, Stack size 0 bytes, ff.o(i.st_word))
<BR><BR>[Called By]<UL><LI><a href="#[1ff]">&gt;&gt;</a>&nbsp;&nbsp;&nbsp;f_sync
<LI><a href="#[211]">&gt;&gt;</a>&nbsp;&nbsp;&nbsp;sync_fs
<LI><a href="#[1f9]">&gt;&gt;</a>&nbsp;&nbsp;&nbsp;store_xdir
<LI><a href="#[20b]">&gt;&gt;</a>&nbsp;&nbsp;&nbsp;st_clust
<LI><a href="#[1de]">&gt;&gt;</a>&nbsp;&nbsp;&nbsp;put_fat
<LI><a href="#[1f3]">&gt;&gt;</a>&nbsp;&nbsp;&nbsp;dir_register
<LI><a href="#[1e5]">&gt;&gt;</a>&nbsp;&nbsp;&nbsp;create_xdir
</UL>

<P><STRONG><a name="[1f9]"></a>store_xdir</STRONG> (Thumb, 108 bytes, Stack size 24 bytes, ff.o(i.store_xdir))
<BR><BR>[Stack]<UL><LI>Max Depth = 536 + Unknown Stack Size
<LI>Call Chain = store_xdir &rArr; dir_next &rArr; create_chain &rArr; put_fat &rArr; move_window &rArr; sync_window &rArr; disk_write &rArr; FTL_WriteSectors &rArr; FTL_CopyAndWriteToBlock &rArr; FTL_FindSamePlaneUnusedBlock &rArr; FTL_FindUnusedBlock &rArr; NAND_ReadSpare &rArr; NAND_ReadPage &rArr; NAND_ECC_Correction &rArr; __2printf &rArr; _printf_char_file &rArr; _printf_char_common &rArr; __printf
</UL>
<BR>[Calls]<UL><LI><a href="#[1c8]">&gt;&gt;</a>&nbsp;&nbsp;&nbsp;dir_sdi
<LI><a href="#[22f]">&gt;&gt;</a>&nbsp;&nbsp;&nbsp;xdir_sum
<LI><a href="#[1e7]">&gt;&gt;</a>&nbsp;&nbsp;&nbsp;st_word
<LI><a href="#[1d2]">&gt;&gt;</a>&nbsp;&nbsp;&nbsp;move_window
<LI><a href="#[1f4]">&gt;&gt;</a>&nbsp;&nbsp;&nbsp;mem_cpy
<LI><a href="#[1eb]">&gt;&gt;</a>&nbsp;&nbsp;&nbsp;dir_next
</UL>
<BR>[Called By]<UL><LI><a href="#[1ff]">&gt;&gt;</a>&nbsp;&nbsp;&nbsp;f_sync
<LI><a href="#[1f3]">&gt;&gt;</a>&nbsp;&nbsp;&nbsp;dir_register
<LI><a href="#[205]">&gt;&gt;</a>&nbsp;&nbsp;&nbsp;f_open
</UL>

<P><STRONG><a name="[1ee]"></a>sum_sfn</STRONG> (Thumb, 26 bytes, Stack size 0 bytes, ff.o(i.sum_sfn))
<BR><BR>[Called By]<UL><LI><a href="#[1f3]">&gt;&gt;</a>&nbsp;&nbsp;&nbsp;dir_register
<LI><a href="#[1ed]">&gt;&gt;</a>&nbsp;&nbsp;&nbsp;dir_read
<LI><a href="#[1ec]">&gt;&gt;</a>&nbsp;&nbsp;&nbsp;dir_find
</UL>

<P><STRONG><a name="[211]"></a>sync_fs</STRONG> (Thumb, 126 bytes, Stack size 16 bytes, ff.o(i.sync_fs))
<BR><BR>[Stack]<UL><LI>Max Depth = 416 + Unknown Stack Size
<LI>Call Chain = sync_fs &rArr; sync_window &rArr; disk_write &rArr; FTL_WriteSectors &rArr; FTL_CopyAndWriteToBlock &rArr; FTL_FindSamePlaneUnusedBlock &rArr; FTL_FindUnusedBlock &rArr; NAND_ReadSpare &rArr; NAND_ReadPage &rArr; NAND_ECC_Correction &rArr; __2printf &rArr; _printf_char_file &rArr; _printf_char_common &rArr; __printf
</UL>
<BR>[Calls]<UL><LI><a href="#[1fc]">&gt;&gt;</a>&nbsp;&nbsp;&nbsp;disk_write
<LI><a href="#[238]">&gt;&gt;</a>&nbsp;&nbsp;&nbsp;disk_ioctl
<LI><a href="#[1ef]">&gt;&gt;</a>&nbsp;&nbsp;&nbsp;sync_window
<LI><a href="#[1e7]">&gt;&gt;</a>&nbsp;&nbsp;&nbsp;st_word
<LI><a href="#[209]">&gt;&gt;</a>&nbsp;&nbsp;&nbsp;st_dword
<LI><a href="#[1e4]">&gt;&gt;</a>&nbsp;&nbsp;&nbsp;mem_set
</UL>
<BR>[Called By]<UL><LI><a href="#[1ff]">&gt;&gt;</a>&nbsp;&nbsp;&nbsp;f_sync
</UL>

<P><STRONG><a name="[1ef]"></a>sync_window</STRONG> (Thumb, 82 bytes, Stack size 24 bytes, ff.o(i.sync_window))
<BR><BR>[Stack]<UL><LI>Max Depth = 400 + Unknown Stack Size
<LI>Call Chain = sync_window &rArr; disk_write &rArr; FTL_WriteSectors &rArr; FTL_CopyAndWriteToBlock &rArr; FTL_FindSamePlaneUnusedBlock &rArr; FTL_FindUnusedBlock &rArr; NAND_ReadSpare &rArr; NAND_ReadPage &rArr; NAND_ECC_Correction &rArr; __2printf &rArr; _printf_char_file &rArr; _printf_char_common &rArr; __printf
</UL>
<BR>[Calls]<UL><LI><a href="#[1fc]">&gt;&gt;</a>&nbsp;&nbsp;&nbsp;disk_write
</UL>
<BR>[Called By]<UL><LI><a href="#[211]">&gt;&gt;</a>&nbsp;&nbsp;&nbsp;sync_fs
<LI><a href="#[1d2]">&gt;&gt;</a>&nbsp;&nbsp;&nbsp;move_window
<LI><a href="#[1eb]">&gt;&gt;</a>&nbsp;&nbsp;&nbsp;dir_next
</UL>

<P><STRONG><a name="[200]"></a>validate</STRONG> (Thumb, 50 bytes, Stack size 16 bytes, ff.o(i.validate))
<BR><BR>[Stack]<UL><LI>Max Depth = 16<LI>Call Chain = validate
</UL>
<BR>[Calls]<UL><LI><a href="#[213]">&gt;&gt;</a>&nbsp;&nbsp;&nbsp;disk_status
</UL>
<BR>[Called By]<UL><LI><a href="#[1c6]">&gt;&gt;</a>&nbsp;&nbsp;&nbsp;f_readdir
<LI><a href="#[1ff]">&gt;&gt;</a>&nbsp;&nbsp;&nbsp;f_sync
<LI><a href="#[20f]">&gt;&gt;</a>&nbsp;&nbsp;&nbsp;f_read
<LI><a href="#[201]">&gt;&gt;</a>&nbsp;&nbsp;&nbsp;f_lseek
<LI><a href="#[1fe]">&gt;&gt;</a>&nbsp;&nbsp;&nbsp;f_close
</UL>

<P><STRONG><a name="[22f]"></a>xdir_sum</STRONG> (Thumb, 52 bytes, Stack size 12 bytes, ff.o(i.xdir_sum))
<BR><BR>[Stack]<UL><LI>Max Depth = 12<LI>Call Chain = xdir_sum
</UL>
<BR>[Called By]<UL><LI><a href="#[1f9]">&gt;&gt;</a>&nbsp;&nbsp;&nbsp;store_xdir
<LI><a href="#[1f1]">&gt;&gt;</a>&nbsp;&nbsp;&nbsp;load_xdir
</UL>

<P><STRONG><a name="[1e6]"></a>xname_sum</STRONG> (Thumb, 60 bytes, Stack size 16 bytes, ff.o(i.xname_sum))
<BR><BR>[Stack]<UL><LI>Max Depth = 16<LI>Call Chain = xname_sum
</UL>
<BR>[Calls]<UL><LI><a href="#[1da]">&gt;&gt;</a>&nbsp;&nbsp;&nbsp;ff_wtoupper
</UL>
<BR>[Called By]<UL><LI><a href="#[1ec]">&gt;&gt;</a>&nbsp;&nbsp;&nbsp;dir_find
<LI><a href="#[1e5]">&gt;&gt;</a>&nbsp;&nbsp;&nbsp;create_xdir
</UL>

<P><STRONG><a name="[1e0]"></a>alloc_pool</STRONG> (Thumb, 28 bytes, Stack size 0 bytes, tjpgd.o(i.alloc_pool))
<BR><BR>[Called By]<UL><LI><a href="#[22a]">&gt;&gt;</a>&nbsp;&nbsp;&nbsp;jd_prepare
<LI><a href="#[1df]">&gt;&gt;</a>&nbsp;&nbsp;&nbsp;create_huffman_tbl
</UL>

<P><STRONG><a name="[234]"></a>bitext</STRONG> (Thumb, 122 bytes, Stack size 32 bytes, tjpgd.o(i.bitext))
<BR><BR>[Stack]<UL><LI>Max Depth = 32<LI>Call Chain = bitext
</UL>
<BR>[Called By]<UL><LI><a href="#[228]">&gt;&gt;</a>&nbsp;&nbsp;&nbsp;mcu_load
</UL>

<P><STRONG><a name="[235]"></a>block_idct</STRONG> (Thumb, 478 bytes, Stack size 36 bytes, tjpgd.o(i.block_idct))
<BR><BR>[Stack]<UL><LI>Max Depth = 36<LI>Call Chain = block_idct
</UL>
<BR>[Called By]<UL><LI><a href="#[228]">&gt;&gt;</a>&nbsp;&nbsp;&nbsp;mcu_load
</UL>

<P><STRONG><a name="[1df]"></a>create_huffman_tbl</STRONG> (Thumb, 202 bytes, Stack size 48 bytes, tjpgd.o(i.create_huffman_tbl))
<BR><BR>[Stack]<UL><LI>Max Depth = 48<LI>Call Chain = create_huffman_tbl
</UL>
<BR>[Calls]<UL><LI><a href="#[1e0]">&gt;&gt;</a>&nbsp;&nbsp;&nbsp;alloc_pool
</UL>
<BR>[Called By]<UL><LI><a href="#[22a]">&gt;&gt;</a>&nbsp;&nbsp;&nbsp;jd_prepare
</UL>

<P><STRONG><a name="[233]"></a>huffext</STRONG> (Thumb, 162 bytes, Stack size 56 bytes, tjpgd.o(i.huffext))
<BR><BR>[Stack]<UL><LI>Max Depth = 56<LI>Call Chain = huffext
</UL>
<BR>[Called By]<UL><LI><a href="#[228]">&gt;&gt;</a>&nbsp;&nbsp;&nbsp;mcu_load
</UL>

<P><STRONG><a name="[228]"></a>mcu_load</STRONG> (Thumb, 342 bytes, Stack size 56 bytes, tjpgd.o(i.mcu_load))
<BR><BR>[Stack]<UL><LI>Max Depth = 112<LI>Call Chain = mcu_load &rArr; huffext
</UL>
<BR>[Calls]<UL><LI><a href="#[233]">&gt;&gt;</a>&nbsp;&nbsp;&nbsp;huffext
<LI><a href="#[235]">&gt;&gt;</a>&nbsp;&nbsp;&nbsp;block_idct
<LI><a href="#[234]">&gt;&gt;</a>&nbsp;&nbsp;&nbsp;bitext
</UL>
<BR>[Called By]<UL><LI><a href="#[227]">&gt;&gt;</a>&nbsp;&nbsp;&nbsp;jd_decomp
</UL>

<P><STRONG><a name="[229]"></a>mcu_output</STRONG> (Thumb, 774 bytes, Stack size 80 bytes, tjpgd.o(i.mcu_output))
<BR><BR>[Stack]<UL><LI>Max Depth = 80<LI>Call Chain = mcu_output
</UL>
<BR>[Called By]<UL><LI><a href="#[227]">&gt;&gt;</a>&nbsp;&nbsp;&nbsp;jd_decomp
</UL>

<P><STRONG><a name="[246]"></a>_dadd1</STRONG> (Thumb, 0 bytes, Stack size unknown bytes, daddsub_clz.o(x$fpl$dadd), UNUSED)
<BR><BR>[Called By]<UL><LI><a href="#[247]">&gt;&gt;</a>&nbsp;&nbsp;&nbsp;_dsub
<LI><a href="#[245]">&gt;&gt;</a>&nbsp;&nbsp;&nbsp;_drsb
</UL>

<P><STRONG><a name="[23c]"></a>_dsub1</STRONG> (Thumb, 0 bytes, Stack size unknown bytes, daddsub_clz.o(x$fpl$dsub), UNUSED)
<BR><BR>[Called By]<UL><LI><a href="#[245]">&gt;&gt;</a>&nbsp;&nbsp;&nbsp;_drsb
<LI><a href="#[23b]">&gt;&gt;</a>&nbsp;&nbsp;&nbsp;_dadd
</UL>

<P><STRONG><a name="[6f]"></a>_printf_input_char</STRONG> (Thumb, 10 bytes, Stack size 0 bytes, _printf_char_common.o(.text))
<BR>[Address Reference Count : 1]<UL><LI> _printf_char_common.o(.text)
</UL><P>
<H3>
Undefined Global Symbols
</H3><HR></body></html>
