Component: ARM Compiler 5.06 update 3 (build 300) Tool: armlink [4d35c9]

==============================================================================

Section Cross References

    main.o(i.Curtain_Init) refers to text.o(i.Show_Str) for Show_Str
    main.o(i.main) refers to stm32f4xx_hal.o(i.HAL_Init) for HAL_Init
    main.o(i.main) refers to sys.o(i.Stm32_Clock_Init) for Stm32_Clock_Init
    main.o(i.main) refers to delay.o(i.delay_init) for delay_init
    main.o(i.main) refers to usart.o(i.uart_init) for uart_init
    main.o(i.main) refers to led.o(i.LED_Init) for LED_Init
    main.o(i.main) refers to sdram.o(i.SDRAM_Init) for SDRAM_Init
    main.o(i.main) refers to lcd.o(i.LCD_Init) for LCD_Init
    main.o(i.main) refers to key.o(i.KEY_Init) for KEY_Init
    main.o(i.main) refers to timer.o(i.TIM3_Init) for TIM3_Init
    main.o(i.main) refers to w25qxx.o(i.W25QXX_Init) for W25QXX_Init
    main.o(i.main) refers to wm8978.o(i.WM8978_Init) for WM8978_Init
    main.o(i.main) refers to wm8978.o(i.WM8978_HPvol_Set) for WM8978_HPvol_Set
    main.o(i.main) refers to wm8978.o(i.WM8978_SPKvol_Set) for WM8978_SPKvol_Set
    main.o(i.main) refers to malloc.o(i.my_mem_init) for my_mem_init
    main.o(i.main) refers to exfuns.o(i.exfuns_init) for exfuns_init
    main.o(i.main) refers to ff.o(i.f_mount) for f_mount
    main.o(i.main) refers to lcd.o(i.LCD_ShowString) for LCD_ShowString
    main.o(i.main) refers to delay.o(i.delay_ms) for delay_ms
    main.o(i.main) refers to lcd.o(i.LCD_Fill) for LCD_Fill
    main.o(i.main) refers to fontupd.o(i.font_init) for font_init
    main.o(i.main) refers to text.o(i.Show_Str) for Show_Str
    main.o(i.main) refers to ff.o(i.f_opendir) for f_opendir
    main.o(i.main) refers to main.o(i.pic_get_tnum) for pic_get_tnum
    main.o(i.main) refers to malloc.o(i.mymalloc) for mymalloc
    main.o(i.main) refers to ff.o(i.f_readdir) for f_readdir
    main.o(i.main) refers to exfuns.o(i.f_typetell) for f_typetell
    main.o(i.main) refers to piclib.o(i.piclib_init) for piclib_init
    main.o(i.main) refers to audioplay.o(i.audio_play) for audio_play
    main.o(i.main) refers to ff.o(i.dir_sdi) for dir_sdi
    main.o(i.main) refers to strcpy.o(.text) for strcpy
    main.o(i.main) refers to strcat.o(.text) for strcat
    main.o(i.main) refers to lcd.o(i.LCD_Clear) for LCD_Clear
    main.o(i.main) refers to piclib.o(i.ai_load_picfile) for ai_load_picfile
    main.o(i.main) refers to main.o(i.Curtain_Init) for Curtain_Init
    main.o(i.main) refers to key.o(i.KEY_Scan) for KEY_Scan
    main.o(i.main) refers to touch.o(.data) for tp_dev
    main.o(i.main) refers to exfuns.o(.bss) for fs
    main.o(i.main) refers to lcd.o(.data) for POINT_COLOR
    main.o(i.main) refers to lcd.o(.bss) for lcddev
    main.o(i.main) refers to main.o(.data) for .data
    main.o(i.main) refers to malloc.o(i.myfree) for myfree
    main.o(i.pic_get_tnum) refers to malloc.o(i.mymalloc) for mymalloc
    main.o(i.pic_get_tnum) refers to ff.o(i.f_opendir) for f_opendir
    main.o(i.pic_get_tnum) refers to ff.o(i.f_readdir) for f_readdir
    main.o(i.pic_get_tnum) refers to exfuns.o(i.f_typetell) for f_typetell
    main.o(i.pic_get_tnum) refers to malloc.o(i.myfree) for myfree
    stm32f4xx_it.o(i.SysTick_Handler) refers to stm32f4xx_hal.o(i.HAL_IncTick) for HAL_IncTick
    system_stm32f4xx.o(i.SystemCoreClockUpdate) refers to system_stm32f4xx.o(.data) for .data
    startup_stm32f429xx.o(STACK) refers (Special) to heapauxi.o(.text) for __use_two_region_memory
    startup_stm32f429xx.o(HEAP) refers (Special) to heapauxi.o(.text) for __use_two_region_memory
    startup_stm32f429xx.o(RESET) refers (Special) to heapauxi.o(.text) for __use_two_region_memory
    startup_stm32f429xx.o(RESET) refers to startup_stm32f429xx.o(STACK) for __initial_sp
    startup_stm32f429xx.o(RESET) refers to startup_stm32f429xx.o(.text) for Reset_Handler
    startup_stm32f429xx.o(RESET) refers to stm32f4xx_it.o(i.NMI_Handler) for NMI_Handler
    startup_stm32f429xx.o(RESET) refers to stm32f4xx_it.o(i.HardFault_Handler) for HardFault_Handler
    startup_stm32f429xx.o(RESET) refers to stm32f4xx_it.o(i.MemManage_Handler) for MemManage_Handler
    startup_stm32f429xx.o(RESET) refers to stm32f4xx_it.o(i.BusFault_Handler) for BusFault_Handler
    startup_stm32f429xx.o(RESET) refers to stm32f4xx_it.o(i.UsageFault_Handler) for UsageFault_Handler
    startup_stm32f429xx.o(RESET) refers to stm32f4xx_it.o(i.SVC_Handler) for SVC_Handler
    startup_stm32f429xx.o(RESET) refers to stm32f4xx_it.o(i.DebugMon_Handler) for DebugMon_Handler
    startup_stm32f429xx.o(RESET) refers to stm32f4xx_it.o(i.PendSV_Handler) for PendSV_Handler
    startup_stm32f429xx.o(RESET) refers to stm32f4xx_it.o(i.SysTick_Handler) for SysTick_Handler
    startup_stm32f429xx.o(RESET) refers to exti.o(i.EXTI9_5_IRQHandler) for EXTI9_5_IRQHandler
    startup_stm32f429xx.o(RESET) refers to timer.o(i.TIM3_IRQHandler) for TIM3_IRQHandler
[...]
    OTT2001A_WR_Reg                          0x08009283   Thumb Code    82  ott2001a.o(i.OTT2001A_WR_Reg)
    PendSV_Handler                           0x080092d5   Thumb Code     2  stm32f4xx_it.o(i.PendSV_Handler)
    SAIA_DMA_Enable                          0x080092d9   Thumb Code    12  sai.o(i.SAIA_DMA_Enable)
    SAIA_Init                                0x080092e9   Thumb Code   108  sai.o(i.SAIA_Init)
    SAIA_SampleRate_Set                      0x0800935d   Thumb Code   130  sai.o(i.SAIA_SampleRate_Set)
    SAIA_TX_DMA_Init                         0x080093ed   Thumb Code   224  sai.o(i.SAIA_TX_DMA_Init)
    SAI_BlockSynchroConfig                   0x080094e1   Thumb Code    28  stm32f4xx_hal_sai_ex.o(i.SAI_BlockSynchroConfig)
    SAI_GetInputClock                        0x08009545   Thumb Code   158  stm32f4xx_hal_sai_ex.o(i.SAI_GetInputClock)
    SAI_Play_Start                           0x080095fd   Thumb Code    14  sai.o(i.SAI_Play_Start)
    SAI_Play_Stop                            0x08009611   Thumb Code    14  sai.o(i.SAI_Play_Stop)
    SDIO_DataConfig                          0x08009625   Thumb Code    36  stm32f4xx_ll_sdmmc.o(i.SDIO_DataConfig)
    SDIO_GetCommandResponse                  0x08009649   Thumb Code     6  stm32f4xx_ll_sdmmc.o(i.SDIO_GetCommandResponse)
    SDIO_GetPowerState                       0x0800964f   Thumb Code     8  stm32f4xx_ll_sdmmc.o(i.SDIO_GetPowerState)
    SDIO_GetResponse                         0x08009659   Thumb Code    12  stm32f4xx_ll_sdmmc.o(i.SDIO_GetResponse)
    SDIO_Init                                0x08009669   Thumb Code    36  stm32f4xx_ll_sdmmc.o(i.SDIO_Init)
    SDIO_PowerState_ON                       0x0800968d   Thumb Code     8  stm32f4xx_ll_sdmmc.o(i.SDIO_PowerState_ON)
    SDIO_ReadFIFO                            0x08009695   Thumb Code     6  stm32f4xx_ll_sdmmc.o(i.SDIO_ReadFIFO)
    SDIO_SendCommand                         0x0800969b   Thumb Code    32  stm32f4xx_ll_sdmmc.o(i.SDIO_SendCommand)
    SDIO_WriteFIFO                           0x080096bb   Thumb Code    10  stm32f4xx_ll_sdmmc.o(i.SDIO_WriteFIFO)
    SDRAM_Init                               0x080096c5   Thumb Code    86  sdram.o(i.SDRAM_Init)
    SDRAM_Initialization_Sequence            0x08009725   Thumb Code    74  sdram.o(i.SDRAM_Initialization_Sequence)
    SDRAM_Send_Cmd                           0x08009775   Thumb Code    48  sdram.o(i.SDRAM_Send_Cmd)
    SD_Init                                  0x08009a85   Thumb Code    54  sdio_sdcard.o(i.SD_Init)
    SD_ReadDisk                              0x08009e69   Thumb Code   116  sdio_sdcard.o(i.SD_ReadDisk)
    SD_WriteDisk                             0x08009fc9   Thumb Code   118  sdio_sdcard.o(i.SD_WriteDisk)
    SPI5_Init                                0x0800a045   Thumb Code    72  spi.o(i.SPI5_Init)
    SPI5_ReadWriteByte                       0x0800a095   Thumb Code    28  spi.o(i.SPI5_ReadWriteByte)
    SPI5_SetSpeed                            0x0800a0b5   Thumb Code    46  spi.o(i.SPI5_SetSpeed)
    SVC_Handler                              0x0800a187   Thumb Code     2  stm32f4xx_it.o(i.SVC_Handler)
    Show_Font                                0x0800a189   Thumb Code   160  text.o(i.Show_Font)
    Show_Str                                 0x0800a231   Thumb Code   174  text.o(i.Show_Str)
    Stm32_Clock_Init                         0x0800a2e1   Thumb Code   122  sys.o(i.Stm32_Clock_Init)
    SysTick_Handler                          0x0800a365   Thumb Code     4  stm32f4xx_it.o(i.SysTick_Handler)
    SystemInit                               0x0800a369   Thumb Code    66  system_stm32f4xx.o(i.SystemInit)
    TIM3_IRQHandler                          0x0800a3bd   Thumb Code     6  timer.o(i.TIM3_IRQHandler)
    TIM3_Init                                0x0800a3c9   Thumb Code    34  timer.o(i.TIM3_Init)
    TIM_Base_SetConfig                       0x0800a3f5   Thumb Code   148  stm32f4xx_hal_tim.o(i.TIM_Base_SetConfig)
    TP_Adj_Info_Show                         0x0800a4b5   Thumb Code   326  touch.o(i.TP_Adj_Info_Show)
    TP_Adjust                                0x0800a62d   Thumb Code  1414  touch.o(i.TP_Adjust)
    TP_Drow_Touch_Point                      0x0800abe5   Thumb Code   106  touch.o(i.TP_Drow_Touch_Point)
    TP_Get_Adjdata                           0x0800ac55   Thumb Code   132  touch.o(i.TP_Get_Adjdata)
    TP_Init                                  0x0800ace1   Thumb Code   310  touch.o(i.TP_Init)
    TP_Read_AD                               0x0800ae41   Thumb Code   128  touch.o(i.TP_Read_AD)
    TP_Read_XOY                              0x0800aecd   Thumb Code    96  touch.o(i.TP_Read_XOY)
    TP_Read_XY                               0x0800af2d   Thumb Code    34  touch.o(i.TP_Read_XY)
    TP_Read_XY2                              0x0800af55   Thumb Code   124  touch.o(i.TP_Read_XY2)
    TP_Save_Adjdata                          0x0800afd1   Thumb Code   110  touch.o(i.TP_Save_Adjdata)
    TP_Scan                                  0x0800b049   Thumb Code   178  touch.o(i.TP_Scan)
    TP_Write_Byte                            0x0800b105   Thumb Code    62  touch.o(i.TP_Write_Byte)
    USART1_IRQHandler                        0x0800b461   Thumb Code   100  usart.o(i.USART1_IRQHandler)
    UsageFault_Handler                       0x0800b4cd   Thumb Code     2  stm32f4xx_it.o(i.UsageFault_Handler)
    W25QXX_Erase_Sector                      0x0800b4d1   Thumb Code    80  w25qxx.o(i.W25QXX_Erase_Sector)
    W25QXX_Init                              0x0800b529   Thumb Code   106  w25qxx.o(i.W25QXX_Init)
    W25QXX_Read                              0x0800b5a5   Thumb Code    94  w25qxx.o(i.W25QXX_Read)
    W25QXX_ReadID                            0x0800b60d   Thumb Code    62  w25qxx.o(i.W25QXX_ReadID)
    W25QXX_ReadSR                            0x0800b651   Thumb Code    52  w25qxx.o(i.W25QXX_ReadSR)
    W25QXX_Wait_Busy                         0x0800b689   Thumb Code    14  w25qxx.o(i.W25QXX_Wait_Busy)
    W25QXX_Write                             0x0800b699   Thumb Code   150  w25qxx.o(i.W25QXX_Write)
    W25QXX_Write_Enable                      0x0800b735   Thumb Code    26  w25qxx.o(i.W25QXX_Write_Enable)
    W25QXX_Write_NoCheck                     0x0800b755   Thumb Code    62  w25qxx.o(i.W25QXX_Write_NoCheck)
    W25QXX_Write_Page                        0x0800b795   Thumb Code   100  w25qxx.o(i.W25QXX_Write_Page)
    WM8978_ADDA_Cfg                          0x0800b801   Thumb Code    50  wm8978.o(i.WM8978_ADDA_Cfg)
    WM8978_AUX_Gain                          0x0800b839   Thumb Code    42  wm8978.o(i.WM8978_AUX_Gain)
    WM8978_HPvol_Set                         0x0800b869   Thumb Code    40  wm8978.o(i.WM8978_HPvol_Set)
    WM8978_I2S_Cfg                           0x0800b891   Thumb Code    18  wm8978.o(i.WM8978_I2S_Cfg)
    WM8978_Init                              0x0800b8a3   Thumb Code   118  wm8978.o(i.WM8978_Init)
    WM8978_Input_Cfg                         0x0800b919   Thumb Code    82  wm8978.o(i.WM8978_Input_Cfg)
    WM8978_LINEIN_Gain                       0x0800b971   Thumb Code    46  wm8978.o(i.WM8978_LINEIN_Gain)
    WM8978_Output_Cfg                        0x0800b9a5   Thumb Code    34  wm8978.o(i.WM8978_Output_Cfg)
    WM8978_SPKvol_Set                        0x0800b9c7   Thumb Code    32  wm8978.o(i.WM8978_SPKvol_Set)
    WM8978_Write_Reg                         0x0800b9e9   Thumb Code    80  wm8978.o(i.WM8978_Write_Reg)
    __hardfp_sqrt                            0x0800ba3d   Thumb Code   122  sqrt.o(i.__hardfp_sqrt)
    _sys_exit                                0x0800bab7   Thumb Code     2  usart.o(i._sys_exit)
    ai_draw_init                             0x0800bab9   Thumb Code   164  piclib.o(i.ai_draw_init)
    ai_load_picfile                          0x0800bb65   Thumb Code   130  piclib.o(i.ai_load_picfile)
    audio_get_tnum                           0x0800bc09   Thumb Code    84  audioplay.o(i.audio_get_tnum)
    audio_play                               0x0800bc5d   Thumb Code   396  audioplay.o(i.audio_play)
    audio_play_song                          0x0800be35   Thumb Code    36  audioplay.o(i.audio_play_song)
    audio_start                              0x0800be69   Thumb Code    10  audioplay.o(i.audio_start)
    audio_stop                               0x0800be79   Thumb Code    10  audioplay.o(i.audio_stop)
    char_upper                               0x0800c15f   Thumb Code    14  exfuns.o(i.char_upper)
    delay_init                               0x0800c72d   Thumb Code    16  delay.o(i.delay_init)
    delay_ms                                 0x0800c741   Thumb Code    26  delay.o(i.delay_ms)
    delay_us                                 0x0800c75d   Thumb Code    48  delay.o(i.delay_us)
    dir_sdi                                  0x0800cd4d   Thumb Code   150  ff.o(i.dir_sdi)
    disk_initialize                          0x0800cde3   Thumb Code    40  diskio.o(i.disk_initialize)
    disk_ioctl                               0x0800ce0d   Thumb Code   146  diskio.o(i.disk_ioctl)
    disk_read                                0x0800cea9   Thumb Code   102  diskio.o(i.disk_read)
    disk_status                              0x0800cf0f   Thumb Code     4  diskio.o(i.disk_status)
    disk_write                               0x0800cf13   Thumb Code    96  diskio.o(i.disk_write)
    exfuns_init                              0x0800cf75   Thumb Code    92  exfuns.o(i.exfuns_init)
    f_close                                  0x0800cfd9   Thumb Code    30  ff.o(i.f_close)
    f_lseek                                  0x0800cff7   Thumb Code   700  ff.o(i.f_lseek)
    f_mount                                  0x0800d2b5   Thumb Code    72  ff.o(i.f_mount)
    f_open                                   0x0800d301   Thumb Code   630  ff.o(i.f_open)
    f_opendir                                0x0800d577   Thumb Code   212  ff.o(i.f_opendir)
    f_read                                   0x0800d64b   Thumb Code   374  ff.o(i.f_read)
    f_readdir                                0x0800d7c1   Thumb Code   118  ff.o(i.f_readdir)
    f_sync                                   0x0800d837   Thumb Code   338  ff.o(i.f_sync)
    f_typetell                               0x0800d989   Thumb Code   130  exfuns.o(i.f_typetell)
    ff_convert                               0x0800da11   Thumb Code   106  mycc936.o(i.ff_convert)
    ff_memalloc                              0x0800da81   Thumb Code     8  diskio.o(i.ff_memalloc)
    ff_memfree                               0x0800da89   Thumb Code     8  diskio.o(i.ff_memfree)
    ff_wtoupper                              0x0800da91   Thumb Code    28  mycc936.o(i.ff_wtoupper)
    font_init                                0x0800df79   Thumb Code    58  fontupd.o(i.font_init)
    fputc                                    0x0800dfb9   Thumb Code    14  usart.o(i.fputc)
    get_fattime                              0x0800e17f   Thumb Code     4  diskio.o(i.get_fattime)
    gif_check_head                           0x0800e34f   Thumb Code    78  gif.o(i.gif_check_head)
    gif_clear2bkcolor                        0x0800e39d   Thumb Code   326  gif.o(i.gif_clear2bkcolor)
    gif_decode                               0x0800e4e9   Thumb Code   258  gif.o(i.gif_decode)
    gif_dispimage                            0x0800e5f1   Thumb Code   408  gif.o(i.gif_dispimage)
    gif_drawimage                            0x0800e791   Thumb Code   286  gif.o(i.gif_drawimage)
    gif_getdatablock                         0x0800e8af   Thumb Code    60  gif.o(i.gif_getdatablock)
    gif_getinfo                              0x0800e8eb   Thumb Code    54  gif.o(i.gif_getinfo)
    gif_getnextbyte                          0x0800e921   Thumb Code   572  gif.o(i.gif_getnextbyte)
    gif_getnextcode                          0x0800eb5d   Thumb Code   288  gif.o(i.gif_getnextcode)
    gif_getrgb565                            0x0800ec81   Thumb Code    24  gif.o(i.gif_getrgb565)
    gif_initlzw                              0x0800ec99   Thumb Code   138  gif.o(i.gif_initlzw)
    gif_readcolortbl                         0x0800ed23   Thumb Code    58  gif.o(i.gif_readcolortbl)
    gif_readextension                        0x0800ed5d   Thumb Code   130  gif.o(i.gif_readextension)
    gif_recovergctbl                         0x0800eddf   Thumb Code    22  gif.o(i.gif_recovergctbl)
    gif_savegctbl                            0x0800edf5   Thumb Code    22  gif.o(i.gif_savegctbl)
    is_element_ok                            0x0800eead   Thumb Code    32  piclib.o(i.is_element_ok)
    jd_decomp                                0x0800eed1   Thumb Code   230  tjpgd.o(i.jd_decomp)
    jd_prepare                               0x0800efb9   Thumb Code   708  tjpgd.o(i.jd_prepare)
    jpeg_freeall                             0x0800f281   Thumb Code    26  tjpgd.o(i.jpeg_freeall)
    jpeg_in_func                             0x0800f2a1   Thumb Code    42  tjpgd.o(i.jpeg_in_func)
    jpeg_mallocall                           0x0800f2cd   Thumb Code    46  tjpgd.o(i.jpeg_mallocall)
    jpeg_out_func_fill                       0x0800f301   Thumb Code    50  tjpgd.o(i.jpeg_out_func_fill)
    jpeg_out_func_point                      0x0800f33d   Thumb Code   160  tjpgd.o(i.jpeg_out_func_point)
    jpg_decode                               0x0800f3e5   Thumb Code   174  tjpgd.o(i.jpg_decode)
    main                                     0x0800f629   Thumb Code  1774  main.o(i.main)
    my_mem_free                              0x08010209   Thumb Code    80  malloc.o(i.my_mem_free)
    my_mem_init                              0x08010261   Thumb Code    36  malloc.o(i.my_mem_init)
    my_mem_malloc                            0x0801028d   Thumb Code   128  malloc.o(i.my_mem_malloc)
    my_mem_perused                           0x08010315   Thumb Code    50  malloc.o(i.my_mem_perused)
    myfree                                   0x08010351   Thumb Code    20  malloc.o(i.myfree)
    mymalloc                                 0x08010369   Thumb Code    28  malloc.o(i.mymalloc)
    mymemset                                 0x08010389   Thumb Code    12  malloc.o(i.mymemset)
    pic_get_tnum                             0x08010395   Thumb Code    84  main.o(i.pic_get_tnum)
    pic_memalloc                             0x080103e9   Thumb Code     8  piclib.o(i.pic_memalloc)
    pic_memfree                              0x080103f1   Thumb Code     8  piclib.o(i.pic_memfree)
    piclib_draw_hline                        0x08010469   Thumb Code    38  piclib.o(i.piclib_draw_hline)
    piclib_fill_color                        0x08010495   Thumb Code   134  piclib.o(i.piclib_fill_color)
    piclib_init                              0x08010529   Thumb Code    56  piclib.o(i.piclib_init)
    stdbmp_decode                            0x080107e5   Thumb Code   518  bmp.o(i.stdbmp_decode)
    uart_init                                0x08010b59   Thumb Code    28  usart.o(i.uart_init)
    wav_buffill                              0x08010bb1   Thumb Code   108  wavplay.o(i.wav_buffill)
    wav_decode_init                          0x08010c21   Thumb Code   258  wavplay.o(i.wav_decode_init)
    wav_play_song                            0x08010de5   Thumb Code   332  wavplay.o(i.wav_play_song)
    wav_sai_dma_tx_callback                  0x08010f45   Thumb Code    70  wavplay.o(i.wav_sai_dma_tx_callback)
    __aeabi_dadd                             0x08011009   Thumb Code     0  daddsub_clz.o(x$fpl$dadd)
    _dadd                                    0x08011009   Thumb Code   332  daddsub_clz.o(x$fpl$dadd)
    __fpl_dcmp_Inf                           0x08011159   Thumb Code    24  dcmpi.o(x$fpl$dcmpinf)
    __aeabi_d2uiz                            0x08011171   Thumb Code     0  dfixu.o(x$fpl$dfixu)
    _dfixu                                   0x08011171   Thumb Code    90  dfixu.o(x$fpl$dfixu)
    __aeabi_ui2d                             0x080111cb   Thumb Code     0  dflt_clz.o(x$fpl$dfltu)
    _dfltu                                   0x080111cb   Thumb Code    38  dflt_clz.o(x$fpl$dfltu)
    __aeabi_cdcmple                          0x080111f1   Thumb Code     0  dleqf.o(x$fpl$dleqf)
    _dcmple                                  0x080111f1   Thumb Code   120  dleqf.o(x$fpl$dleqf)
    __fpl_dcmple_InfNaN                      0x08011253   Thumb Code     0  dleqf.o(x$fpl$dleqf)
    __aeabi_dmul                             0x08011269   Thumb Code     0  dmul.o(x$fpl$dmul)
    _dmul                                    0x08011269   Thumb Code   332  dmul.o(x$fpl$dmul)
    __fpl_dnaninf                            0x080113bd   Thumb Code   156  dnaninf.o(x$fpl$dnaninf)
    __fpl_dretinf                            0x08011459   Thumb Code    12  dretinf.o(x$fpl$dretinf)
    __aeabi_cdrcmple                         0x08011465   Thumb Code     0  drleqf.o(x$fpl$drleqf)
    _drcmple                                 0x08011465   Thumb Code   108  drleqf.o(x$fpl$drleqf)
    __aeabi_drsub                            0x080114d1   Thumb Code     0  daddsub_clz.o(x$fpl$drsb)
    _drsb                                    0x080114d1   Thumb Code    22  daddsub_clz.o(x$fpl$drsb)
    _dsqrt                                   0x080114e9   Thumb Code   404  dsqrt_umaal.o(x$fpl$dsqrt)
    __aeabi_dsub                             0x08011681   Thumb Code     0  daddsub_clz.o(x$fpl$dsub)
    _dsub                                    0x08011681   Thumb Code   464  daddsub_clz.o(x$fpl$dsub)
    __aeabi_f2d                              0x08011855   Thumb Code     0  f2d.o(x$fpl$f2d)
    _f2d                                     0x08011855   Thumb Code    86  f2d.o(x$fpl$f2d)
    __fpl_fnaninf                            0x080118ab   Thumb Code   140  fnaninf.o(x$fpl$fnaninf)
    _fp_init                                 0x08011937   Thumb Code    10  fpinit.o(x$fpl$fpinit)
    __fplib_config_fpu_vfp                   0x0801193f   Thumb Code     0  fpinit.o(x$fpl$fpinit)
    __fplib_config_pureend_doubles           0x0801193f   Thumb Code     0  fpinit.o(x$fpl$fpinit)
    APBAHBPrescTable                         0x08011940   Data          16  stm32f4xx_hal_rcc.o(.constdata)
    __I$use$fp                               0x08011940   Number         0  usenofp.o(x$fpl$usenofp)
    asc2_1206                                0x08011958   Data        1140  lcd.o(.constdata)
    asc2_1608                                0x08011dcc   Data        1520  lcd.o(.constdata)
    asc2_2412                                0x080123bc   Data        3420  lcd.o(.constdata)
    asc2_3216                                0x08013118   Data       12160  lcd.o(.constdata)
    FT5206_TPX_TBL                           0x08016098   Data          10  ft5206.o(.constdata)
    GT911_TPX_TBL                            0x080160a2   Data          10  ft5206.o(.constdata)
    GT9147_CFG_TBL                           0x080160ac   Data         184  gt9147.o(.constdata)
    GT9147_TPX_TBL                           0x08016164   Data          10  gt9147.o(.constdata)
    GT9271_CFG_TBL                           0x0801616e   Data         186  gt9271.o(.constdata)
    GT9271_TPX_TBL                           0x08016228   Data          20  gt9271.o(.constdata)
    OTT_TPX_TBL                              0x0801623c   Data          10  ott2001a.o(.constdata)
    TP_REMIND_MSG_TBL                        0x08016248   Data           4  touch.o(.constdata)
    SAI_PSC_TBL                              0x0801624c   Data         110  sai.o(.constdata)
    memtblsize                               0x080162bc   Data          12  malloc.o(.constdata)
    memblksize                               0x080162c8   Data          12  malloc.o(.constdata)
    memsize                                  0x080162d4   Data          12  malloc.o(.constdata)
    FILE_TYPE_TBL                            0x0801632c   Data         112  exfuns.o(.constdata)
    _aInterlaceOffset                        0x0801675c   Data           4  gif.o(.constdata)
    _aInterlaceYPos                          0x08016760   Data           4  gif.o(.constdata)
    _aMaskTbl                                0x08016764   Data          32  gif.o(.constdata)
    Region$$Table$$Base                      0x08016d30   Number         0  anon$$obj.o(Region$$Table)
    Region$$Table$$Limit                     0x08016d50   Number         0  anon$$obj.o(Region$$Table)
    mem3base                                 0x10000000   Data       61440  malloc.o(.ARM.__AT_0x10000000)
    mem3mapbase                              0x1000f000   Data        3840  malloc.o(.ARM.__AT_0x1000F000)
    SystemCoreClock                          0x20000008   Data           4  system_stm32f4xx.o(.data)
    AHBPrescTable                            0x2000000c   Data          16  system_stm32f4xx.o(.data)
    USART_RX_STA                             0x20000024   Data           2  usart.o(.data)
    __stdout                                 0x20000028   Data           4  usart.o(.data)
    POINT_COLOR                              0x20000030   Data           4  lcd.o(.data)
    BACK_COLOR                               0x20000034   Data           4  lcd.o(.data)
    ltdc_framebuf                            0x20000038   Data           8  ltdc.o(.data)
    W25QXX_TYPE                              0x20000040   Data           2  w25qxx.o(.data)
    g_gt_tnum                                0x20000048   Data           1  ft5206.o(.data)
    CIP                                      0x2000004a   Data           5  ft5206.o(.data)
    CMD_RDX                                  0x20000054   Data           1  touch.o(.data)
    CMD_RDY                                  0x20000055   Data           1  touch.o(.data)
    tp_dev                                   0x20000058   Data          72  touch.o(.data)
    wavtransferend                           0x200000a0   Data           1  wavplay.o(.data)
    wavwitchbuf                              0x200000a1   Data           1  wavplay.o(.data)
    sai_tx_callback                          0x20000120   Data           4  sai.o(.data)
    mallco_dev                               0x20000124   Data          36  malloc.o(.data)
    file                                     0x2000014c   Data           4  exfuns.o(.data)
    ftemp                                    0x20000150   Data           4  exfuns.o(.data)
    fatbuf                                   0x20000154   Data           4  exfuns.o(.data)
    gifdecoding                              0x20000158   Data           1  gif.o(.data)
    f_jpeg                                   0x2000015c   Data           4  tjpgd.o(.data)
    jpeg_dev                                 0x20000160   Data           4  tjpgd.o(.data)
    jpg_buffer                               0x20000164   Data           4  tjpgd.o(.data)
    USART_RX_BUF                             0x20000168   Data         200  usart.o(.bss)
    UART1_Handler                            0x20000230   Data          64  usart.o(.bss)
    SRAM_Handler                             0x20000270   Data          80  lcd.o(.bss)
    lcddev                                   0x200002c0   Data          14  lcd.o(.bss)
    SDRAM_Handler                            0x200002d0   Data          52  sdram.o(.bss)
    LTDC_Handler                             0x20000304   Data         168  ltdc.o(.bss)
    lcdltdc                                  0x200003ac   Data          32  ltdc.o(.bss)
    SDCARD_Handler                           0x200003d0   Data          96  sdio_sdcard.o(.bss)
    SDCardInfo                               0x20000430   Data          88  sdio_sdcard.o(.bss)
    SDIO_DATA_BUFFER                         0x20000488   Data         512  sdio_sdcard.o(.bss)
    SPI5_Handler                             0x20000688   Data          88  spi.o(.bss)
    W25QXX_BUFFER                            0x200006e0   Data        4096  w25qxx.o(.bss)
    NAND_Handler                             0x200016e0   Data          56  nand.o(.bss)
    nand_dev                                 0x20001718   Data          92  nand.o(.bss)
    wavctrl                                  0x20001774   Data          32  wavplay.o(.bss)
    SAI1A_Handler                            0x20001794   Data         136  sai.o(.bss)
    SAI1_TXDMA_Handler                       0x2000181c   Data          88  sai.o(.bss)
    audiodev                                 0x20001874   Data          17  audioplay.o(.bss)
    TIM3_Handler                             0x20001888   Data          60  timer.o(.bss)
    mem1base                                 0x200018e0   Data       163840  malloc.o(.bss)
    mem1mapbase                              0x200298e0   Data       10240  malloc.o(.bss)
    fs                                       0x2002c0ec   Data          12  exfuns.o(.bss)
    ftinfo                                   0x2002c0f8   Data          41  fontupd.o(.bss)
    picinfo                                  0x2002c124   Data          40  piclib.o(.bss)
    pic_phy                                  0x2002c14c   Data          20  piclib.o(.bss)
    __libspace_start                         0x2002c160   Data          96  libspace.o(.bss)
    __temporary_stack_top$libspace           0x2002c1c0   Data           0  libspace.o(.bss)
    ltdc_lcd_framebuf                        0xc0000000   Data       2048000  ltdc.o(.ARM.__AT_0xC0000000)
    mem2base                                 0xc01f4000   Data       29605888  malloc.o(.ARM.__AT_0xC01F4000)
    mem2mapbase                              0xc1e30000   Data       1850368  malloc.o(.ARM.__AT_0xC1E30000)



==============================================================================

Memory Map of the image

  Image Entry point : 0x080001ad

  Load Region LR_IROM1 (Base: 0x08000000, Size: 0x00016eb8, Max: 0x00100000, ABSOLUTE, COMPRESSED[0x00016dd4])

    Execution Region ER_IROM1 (Base: 0x08000000, Size: 0x00016d50, Max: 0x00100000, ABSOLUTE)

    Base Addr    Size         Type   Attr      Idx    E Section Name        Object

    0x08000000   0x000001ac   Data   RO          587    RESET               startup_stm32f429xx.o
    0x080001ac   0x00000008   Code   RO         7864  * !!!main             c_w.l(__main.o)
    0x080001b4   0x00000034   Code   RO         8103    !!!scatter          c_w.l(__scatter.o)
    0x080001e8   0x0000005a   Code   RO         8101    !!dczerorl2         c_w.l(__dczerorl2.o)
    0x08000242   0x00000002   PAD
    0x08000244   0x0000001c   Code   RO         8105    !!handler_zi        c_w.l(__scatter_zi.o)
    0x08000260   0x00000000   Code   RO         7844    .ARM.Collect$$_printf_percent$$00000000  c_w.l(_printf_percent.o)
    0x08000260   0x00000006   Code   RO         7843    .ARM.Collect$$_printf_percent$$00000009  c_w.l(_printf_d.o)
    0x08000266   0x00000006   Code   RO         7842    .ARM.Collect$$_printf_percent$$0000000C  c_w.l(_printf_x.o)
    0x0800026c   0x00000006   Code   RO         7841    .ARM.Collect$$_printf_percent$$00000014  c_w.l(_printf_s.o)
    0x08000272   0x00000004   Code   RO         7919    .ARM.Collect$$_printf_percent$$00000017  c_w.l(_printf_percent_end.o)
    0x08000276   0x00000002   Code   RO         7978    .ARM.Collect$$libinit$$00000000  c_w.l(libinit.o)
    0x08000278   0x00000004   Code   RO         7987    .ARM.Collect$$libinit$$00000001  c_w.l(libinit2.o)
    0x0800027c   0x00000000   Code   RO         7990    .ARM.Collect$$libinit$$00000004  c_w.l(libinit2.o)
    0x0800027c   0x00000000   Code   RO         7993    .ARM.Collect$$libinit$$0000000A  c_w.l(libinit2.o)
    0x0800027c   0x00000000   Code   RO         7995    .ARM.Collect$$libinit$$0000000C  c_w.l(libinit2.o)
    0x0800027c   0x00000000   Code   RO         7997    .ARM.Collect$$libinit$$0000000E  c_w.l(libinit2.o)
    0x0800027c   0x00000000   Code   RO         8000    .ARM.Collect$$libinit$$00000011  c_w.l(libinit2.o)
    0x0800027c   0x00000000   Code   RO         8002    .ARM.Collect$$libinit$$00000013  c_w.l(libinit2.o)
    0x0800027c   0x00000000   Code   RO         8004    .ARM.Collect$$libinit$$00000015  c_w.l(libinit2.o)
    0x0800027c   0x00000000   Code   RO         8006    .ARM.Collect$$libinit$$00000017  c_w.l(libinit2.o)
    0x0800027c   0x00000000   Code   RO         8008    .ARM.Collect$$libinit$$00000019  c_w.l(libinit2.o)
    0x0800027c   0x00000000   Code   RO         8010    .ARM.Collect$$libinit$$0000001B  c_w.l(libinit2.o)
    0x0800027c   0x00000000   Code   RO         8012    .ARM.Collect$$libinit$$0000001D  c_w.l(libinit2.o)
    0x0800027c   0x00000000   Code   RO         8014    .ARM.Collect$$libinit$$0000001F  c_w.l(libinit2.o)
    0x0800027c   0x00000000   Code   RO         8016    .ARM.Collect$$libinit$$00000021  c_w.l(libinit2.o)
    0x0800027c   0x00000000   Code   RO         8018    .ARM.Collect$$libinit$$00000023  c_w.l(libinit2.o)
    0x0800027c   0x00000000   Code   RO         8020    .ARM.Collect$$libinit$$00000025  c_w.l(libinit2.o)
    0x0800027c   0x00000000   Code   RO         8024    .ARM.Collect$$libinit$$0000002C  c_w.l(libinit2.o)
    0x0800027c   0x00000000   Code   RO         8026    .ARM.Collect$$libinit$$0000002E  c_w.l(libinit2.o)
    0x0800027c   0x00000000   Code   RO         8028    .ARM.Collect$$libinit$$00000030  c_w.l(libinit2.o)
    0x0800027c   0x00000000   Code   RO         8030    .ARM.Collect$$libinit$$00000032  c_w.l(libinit2.o)
    0x0800027c   0x00000002   Code   RO         8031    .ARM.Collect$$libinit$$00000033  c_w.l(libinit2.o)
    0x0800027e   0x00000002   Code   RO         8057    .ARM.Collect$$libshutdown$$00000000  c_w.l(libshutdown.o)
    0x08000280   0x00000000   Code   RO         8084    .ARM.Collect$$libshutdown$$00000002  c_w.l(libshutdown2.o)
    0x08000280   0x00000000   Code   RO         8086    .ARM.Collect$$libshutdown$$00000004  c_w.l(libshutdown2.o)
    0x08000280   0x00000000   Code   RO         8089    .ARM.Collect$$libshutdown$$00000007  c_w.l(libshutdown2.o)
    0x08000280   0x00000000   Code   RO         8092    .ARM.Collect$$libshutdown$$0000000A  c_w.l(libshutdown2.o)
    0x08000280   0x00000000   Code   RO         8094    .ARM.Collect$$libshutdown$$0000000C  c_w.l(libshutdown2.o)
    0x08000280   0x00000000   Code   RO         8097    .ARM.Collect$$libshutdown$$0000000F  c_w.l(libshutdown2.o)
    0x08000280   0x00000002   Code   RO         8098    .ARM.Collect$$libshutdown$$00000010  c_w.l(libshutdown2.o)
    0x08000282   0x00000000   Code   RO         7904    .ARM.Collect$$rtentry$$00000000  c_w.l(__rtentry.o)
    0x08000282   0x00000000   Code   RO         7933    .ARM.Collect$$rtentry$$00000002  c_w.l(__rtentry2.o)
    0x08000282   0x00000006   Code   RO         7945    .ARM.Collect$$rtentry$$00000004  c_w.l(__rtentry4.o)
    0x08000288   0x00000000   Code   RO         7935    .ARM.Collect$$rtentry$$00000009  c_w.l(__rtentry2.o)
    0x08000288   0x00000004   Code   RO         7936    .ARM.Collect$$rtentry$$0000000A  c_w.l(__rtentry2.o)
    0x0800028c   0x00000000   Code   RO         7938    .ARM.Collect$$rtentry$$0000000C  c_w.l(__rtentry2.o)
    0x0800028c   0x00000008   Code   RO         7939    .ARM.Collect$$rtentry$$0000000D  c_w.l(__rtentry2.o)
    0x08000294   0x00000002   Code   RO         7979    .ARM.Collect$$rtexit$$00000000  c_w.l(rtexit.o)
    0x08000296   0x00000000   Code   RO         8033    .ARM.Collect$$rtexit$$00000002  c_w.l(rtexit2.o)
    0x08000296   0x00000004   Code   RO         8034    .ARM.Collect$$rtexit$$00000003  c_w.l(rtexit2.o)
    0x0800029a   0x00000006   Code   RO         8035    .ARM.Collect$$rtexit$$00000004  c_w.l(rtexit2.o)
    0x080002a0   0x00000010   Code   RO         4552    .emb_text           sys.o
    0x080002b0   0x00000040   Code   RO          588    .text               startup_stm32f429xx.o
    0x080002f0   0x00000002   Code   RO         7781    .text               c_w.l(use_no_semi_2.o)
    0x080002f2   0x000000ee   Code   RO         7783    .text               c_w.l(lludivv7m.o)
    0x080003e0   0x00000018   Code   RO         7789    .text               c_w.l(noretval__2printf.o)
    0x080003f8   0x00000052   Code   RO         7793    .text               c_w.l(_printf_str.o)
    0x0800044a   0x00000002   PAD
    0x0800044c   0x00000078   Code   RO         7795    .text               c_w.l(_printf_dec.o)
    0x080004c4   0x00000058   Code   RO         7802    .text               c_w.l(_printf_hex_int.o)
    0x0800051c   0x000000b8   Code   RO         7823    .text               c_w.l(__printf_ss.o)
    0x080005d4   0x00000048   Code   RO         7846    .text               c_w.l(strcpy.o)
    0x0800061c   0x00000018   Code   RO         7850    .text               c_w.l(strcat.o)
    0x08000634   0x0000008a   Code   RO         7852    .text               c_w.l(rt_memcpy_v6.o)
    0x080006be   0x00000064   Code   RO         7854    .text               c_w.l(rt_memcpy_w.o)
    0x08000722   0x00000044   Code   RO         7856    .text               c_w.l(rt_memclr.o)
    0x08000766   0x0000004e   Code   RO         7858    .text               c_w.l(rt_memclr_w.o)
    0x080007b4   0x00000080   Code   RO         7860    .text               c_w.l(strcmpv7m.o)
    0x08000834   0x00000006   Code   RO         7862    .text               c_w.l(heapauxi.o)
    0x0800083a   0x00000002   Code   RO         7902    .text               c_w.l(use_no_semi.o)
    0x0800083c   0x00000016   Code   RO         7911    .text               c_w.l(_rserrno.o)
    0x08000852   0x000000b2   Code   RO         7913    .text               c_w.l(_printf_intcommon.o)
    0x08000904   0x0000002c   Code   RO         7915    .text               c_w.l(_printf_char.o)
    0x08000930   0x00000024   Code   RO         7917    .text               c_w.l(_printf_char_file.o)
    0x08000954   0x00000008   Code   RO         7952    .text               c_w.l(rt_errno_addr_intlibspace.o)
    0x0800095c   0x00000030   Code   RO         7954    .text               c_w.l(_printf_char_common.o)
    0x0800098c   0x00000008   Code   RO         7956    .text               c_w.l(ferror.o)
    0x08000994   0x00000008   Code   RO         7960    .text               c_w.l(libspace.o)
    0x0800099c   0x0000004a   Code   RO         7963    .text               c_w.l(sys_stackheap_outer.o)
    0x080009e6   0x00000012   Code   RO         7967    .text               c_w.l(exit.o)
    0x080009f8   0x00000004   Code   RO         5952    i.AT24CXX_Init      24cxx.o
    0x080009fc   0x0000002a   Code   RO         5954    i.AT24CXX_ReadLenByte  24cxx.o
    0x08000a26   0x00000042   Code   RO         5955    i.AT24CXX_ReadOneByte  24cxx.o
    0x08000a68   0x0000002a   Code   RO         5957    i.AT24CXX_WriteLenByte  24cxx.o
    0x08000a92   0x0000003e   Code   RO         5958    i.AT24CXX_WriteOneByte  24cxx.o
    0x08000ad0   0x00000002   Code   RO          374    i.BusFault_Handler  stm32f4xx_it.o
    0x08000ad2   0x00000002   PAD
    0x08000ad4   0x00000048   Code   RO         5565    i.CT_IIC_Ack        ctiic.o
    0x08000b1c   0x0000006c   Code   RO         5566    i.CT_IIC_Init       ctiic.o
    0x08000b88   0x00000048   Code   RO         5567    i.CT_IIC_NAck       ctiic.o
    0x08000bd0   0x00000078   Code   RO         5568    i.CT_IIC_Read_Byte  ctiic.o
    0x08000c48   0x00000068   Code   RO         5569    i.CT_IIC_Send_Byte  ctiic.o
    0x08000cb0   0x0000004c   Code   RO         5570    i.CT_IIC_Start      ctiic.o
    0x08000cfc   0x0000004c   Code   RO         5571    i.CT_IIC_Stop       ctiic.o
    0x08000d48   0x00000054   Code   RO         5572    i.CT_IIC_Wait_Ack   ctiic.o
    0x08000d9c   0x000000c8   Code   RO            4    i.Curtain_Init      main.o
    0x08000e64   0x00000078   Code   RO         6276    i.DMA2_Stream3_IRQHandler  sai.o
    0x08000edc   0x00000028   Code   RO         1730    i.DMA_CalcBaseAndBitshift  stm32f4xx_hal_dma.o
    0x08000f04   0x0000001e   Code   RO         1813    i.DMA_MultiBufferSetConfig  stm32f4xx_hal_dma_ex.o
    0x08000f22   0x00000002   Code   RO          375    i.DebugMon_Handler  stm32f4xx_it.o
    0x08000f24   0x00000002   Code   RO         6465    i.EXTI15_10_IRQHandler  exti.o
    0x08000f26   0x00000002   Code   RO         6466    i.EXTI9_5_IRQHandler  exti.o
    0x08000f28   0x00000030   Code   RO         2724    i.FMC_NAND_AttributeSpace_Timing_Init  stm32f4xx_ll_fmc.o
    0x08000f58   0x00000030   Code   RO         2725    i.FMC_NAND_CommonSpace_Timing_Init  stm32f4xx_ll_fmc.o
    0x08000f88   0x00000050   Code   RO         2730    i.FMC_NAND_Init     stm32f4xx_ll_fmc.o
    0x08000fd8   0x00000040   Code   RO         2732    i.FMC_NORSRAM_Extended_Timing_Init  stm32f4xx_ll_fmc.o
    0x08001018   0x00000078   Code   RO         2733    i.FMC_NORSRAM_Init  stm32f4xx_ll_fmc.o
    0x08001090   0x0000005c   Code   RO         2734    i.FMC_NORSRAM_Timing_Init  stm32f4xx_ll_fmc.o
    0x080010ec   0x0000004c   Code   RO         2744    i.FMC_SDRAM_Init    stm32f4xx_ll_fmc.o
    0x08001138   0x0000000c   Code   RO         2745    i.FMC_SDRAM_ProgramRefreshRate  stm32f4xx_ll_fmc.o
    0x08001144   0x00000048   Code   RO         2746    i.FMC_SDRAM_SendCommand  stm32f4xx_ll_fmc.o
    0x0800118c   0x0000007c   Code   RO         2748    i.FMC_SDRAM_Timing_Init  stm32f4xx_ll_fmc.o
    0x08001208   0x00000158   Code   RO         5639    i.FT5206_Init       ft5206.o
    0x08001360   0x00000056   Code   RO         5640    i.FT5206_RD_Reg     ft5206.o
    0x080013b6   0x00000002   PAD
    0x080013b8   0x00000258   Code   RO         5641    i.FT5206_Scan       ft5206.o
    0x08001610   0x00000048   Code   RO         5642    i.FT5206_WR_Reg     ft5206.o
    0x08001658   0x00000030   Code   RO         5310    i.FTL_BadBlockMark  ftl.o
    0x08001688   0x000000d0   Code   RO         5311    i.FTL_BlockCompare  ftl.o
    0x08001758   0x0000004c   Code   RO         5312    i.FTL_CheckBadBlock  ftl.o
    0x080017a4   0x000000c8   Code   RO         5313    i.FTL_CopyAndWriteToBlock  ftl.o
    0x0800186c   0x000000c8   Code   RO         5314    i.FTL_CreateLUT     ftl.o
    0x08001934   0x0000004c   Code   RO         5315    i.FTL_FindSamePlaneUnusedBlock  ftl.o
    0x08001980   0x00000044   Code   RO         5316    i.FTL_FindUnusedBlock  ftl.o
    0x080019c4   0x000000c0   Code   RO         5317    i.FTL_Format        ftl.o
    0x08001a84   0x000000e0   Code   RO         5318    i.FTL_Init          ftl.o
    0x08001b64   0x0000001c   Code   RO         5319    i.FTL_LBNToPBN      ftl.o
    0x08001b80   0x00000110   Code   RO         5320    i.FTL_ReadSectors   ftl.o
    0x08001c90   0x00000020   Code   RO         5322    i.FTL_UsedBlockMark  ftl.o
    0x08001cb0   0x00000118   Code   RO         5323    i.FTL_WriteSectors  ftl.o
    0x08001dc8   0x0000013c   Code   RO         5685    i.GT9147_Init       gt9147.o
    0x08001f04   0x00000060   Code   RO         5686    i.GT9147_RD_Reg     gt9147.o
    0x08001f64   0x000001fc   Code   RO         5687    i.GT9147_Scan       gt9147.o
    0x08002160   0x0000004c   Code   RO         5688    i.GT9147_Send_Cfg   gt9147.o
    0x080021ac   0x00000052   Code   RO         5689    i.GT9147_WR_Reg     gt9147.o
    0x080021fe   0x00000002   PAD
    0x08002200   0x0000013c   Code   RO         5737    i.GT9271_Init       gt9271.o
    0x0800233c   0x00000060   Code   RO         5738    i.GT9271_RD_Reg     gt9271.o
    0x0800239c   0x000001b0   Code   RO         5739    i.GT9271_Scan       gt9271.o
    0x0800254c   0x0000004c   Code   RO         5740    i.GT9271_Send_Cfg   gt9271.o
    0x08002598   0x00000052   Code   RO         5741    i.GT9271_WR_Reg     gt9271.o
    0x080025ea   0x00000002   PAD
    0x080025ec   0x00000098   Code   RO         7334    i.Get_HzMat         text.o
    0x08002684   0x0000005c   Code   RO         1815    i.HAL_DMAEx_MultiBufferStart  stm32f4xx_hal_dma_ex.o
    0x080026e0   0x00000056   Code   RO         1733    i.HAL_DMA_DeInit    stm32f4xx_hal_dma.o
    0x08002736   0x00000002   PAD
    0x08002738   0x00000078   Code   RO         1737    i.HAL_DMA_Init      stm32f4xx_hal_dma.o
    0x080027b0   0x00000016   Code   RO          602    i.HAL_Delay         stm32f4xx_hal.o
    0x080027c6   0x00000002   PAD
    0x080027c8   0x000001dc   Code   RO          879    i.HAL_GPIO_Init     stm32f4xx_hal_gpio.o
    0x080029a4   0x0000000a   Code   RO          881    i.HAL_GPIO_ReadPin  stm32f4xx_hal_gpio.o
    0x080029ae   0x0000000a   Code   RO          883    i.HAL_GPIO_WritePin  stm32f4xx_hal_gpio.o
    0x080029b8   0x0000000c   Code   RO          610    i.HAL_GetTick       stm32f4xx_hal.o
    0x080029c4   0x00000010   Code   RO          611    i.HAL_IncTick       stm32f4xx_hal.o
    0x080029d4   0x00000034   Code   RO          612    i.HAL_Init          stm32f4xx_hal.o
    0x08002a08   0x00000022   Code   RO          613    i.HAL_InitTick      stm32f4xx_hal.o
    0x08002a2a   0x00000052   Code   RO         3182    i.HAL_LTDC_ConfigLayer  stm32f4xx_hal_ltdc.o
    0x08002a7c   0x000000fc   Code   RO         3194    i.HAL_LTDC_Init     stm32f4xx_hal_ltdc.o
    0x08002b78   0x000000f4   Code   RO         4975    i.HAL_LTDC_MspInit  ltdc.o
    0x08002c6c   0x00000054   Code   RO         3203    i.HAL_LTDC_SetWindowPosition  stm32f4xx_hal_ltdc.o
    0x08002cc0   0x00000054   Code   RO         3204    i.HAL_LTDC_SetWindowSize  stm32f4xx_hal_ltdc.o
    0x08002d14   0x00000008   Code   RO          615    i.HAL_MspInit       stm32f4xx_hal.o
    0x08002d1c   0x00000062   Code   RO         4101    i.HAL_NAND_Init     stm32f4xx_hal_nand.o
    0x08002d7e   0x00000002   PAD
    0x08002d80   0x000000b0   Code   RO         5419    i.HAL_NAND_MspInit  nand.o
    0x08002e30   0x00000016   Code   RO          756    i.HAL_NVIC_EnableIRQ  stm32f4xx_hal_cortex.o
    0x08002e46   0x00000002   PAD
    0x08002e48   0x00000040   Code   RO          762    i.HAL_NVIC_SetPriority  stm32f4xx_hal_cortex.o
    0x08002e88   0x00000024   Code   RO          763    i.HAL_NVIC_SetPriorityGrouping  stm32f4xx_hal_cortex.o
    0x08002eac   0x00000088   Code   RO         1068    i.HAL_PWREx_EnableOverDrive  stm32f4xx_hal_pwr_ex.o
    0x08002f34   0x000002a8   Code   RO         1240    i.HAL_RCCEx_PeriphCLKConfig  stm32f4xx_hal_rcc_ex.o
    0x080031dc   0x00000208   Code   RO         1135    i.HAL_RCC_ClockConfig  stm32f4xx_hal_rcc.o
    0x080033e4   0x00000034   Code   RO         1140    i.HAL_RCC_GetHCLKFreq  stm32f4xx_hal_rcc.o
    0x08003418   0x0000002c   Code   RO         1142    i.HAL_RCC_GetPCLK1Freq  stm32f4xx_hal_rcc.o
    0x08003444   0x0000002c   Code   RO         1143    i.HAL_RCC_GetPCLK2Freq  stm32f4xx_hal_rcc.o
    0x08003470   0x00000074   Code   RO         1144    i.HAL_RCC_GetSysClockFreq  stm32f4xx_hal_rcc.o
    0x080034e4   0x0000031c   Code   RO         1147    i.HAL_RCC_OscConfig  stm32f4xx_hal_rcc.o
    0x08003800   0x00000042   Code   RO         4228    i.HAL_SAI_DeInit    stm32f4xx_hal_sai.o
    0x08003842   0x00000002   Code   RO         4233    i.HAL_SAI_ErrorCallback  stm32f4xx_hal_sai.o
    0x08003844   0x0000012c   Code   RO         4237    i.HAL_SAI_Init      stm32f4xx_hal_sai.o
    0x08003970   0x00000002   Code   RO         4239    i.HAL_SAI_MspDeInit  stm32f4xx_hal_sai.o
    0x08003972   0x00000002   PAD
    0x08003974   0x00000054   Code   RO         6277    i.HAL_SAI_MspInit   sai.o
    0x080039c8   0x00000042   Code   RO         3030    i.HAL_SDRAM_Init    stm32f4xx_hal_sdram.o
    0x08003a0a   0x00000002   PAD
    0x08003a0c   0x000000dc   Code   RO         4917    i.HAL_SDRAM_MspInit  sdram.o
    0x08003ae8   0x00000022   Code   RO         3033    i.HAL_SDRAM_ProgramRefreshRate  stm32f4xx_hal_sdram.o
    0x08003b0a   0x0000002e   Code   RO         3039    i.HAL_SDRAM_SendCommand  stm32f4xx_hal_sdram.o
    0x08003b38   0x000002b8   Code   RO         3620    i.HAL_SD_Get_CardInfo  stm32f4xx_hal_sd.o
    0x08003df0   0x000000a0   Code   RO         3623    i.HAL_SD_Init       stm32f4xx_hal_sd.o
    0x08003e90   0x00000084   Code   RO         5089    i.HAL_SD_MspInit    sdio_sdcard.o
    0x08003f14   0x0000017c   Code   RO         3626    i.HAL_SD_ReadBlocks  stm32f4xx_hal_sd.o
    0x08004090   0x0000002c   Code   RO         3629    i.HAL_SD_StopTransfer  stm32f4xx_hal_sd.o
    0x080040bc   0x0000005e   Code   RO         3630    i.HAL_SD_WideBusOperation_Config  stm32f4xx_hal_sd.o
    0x0800411a   0x000001d0   Code   RO         3631    i.HAL_SD_WriteBlocks  stm32f4xx_hal_sd.o
    0x080042ea   0x00000084   Code   RO         3856    i.HAL_SPI_Init      stm32f4xx_hal_spi.o
    0x0800436e   0x00000002   PAD
    0x08004370   0x00000054   Code   RO         5145    i.HAL_SPI_MspInit   spi.o
    0x080043c4   0x000002aa   Code   RO         3865    i.HAL_SPI_TransmitReceive  stm32f4xx_hal_spi.o
    0x0800466e   0x00000056   Code   RO         2908    i.HAL_SRAM_Init     stm32f4xx_hal_sram.o
    0x080046c4   0x00000078   Code   RO         4696    i.HAL_SRAM_MspInit  lcd.o
    0x0800473c   0x00000018   Code   RO          765    i.HAL_SYSTICK_CLKSourceConfig  stm32f4xx_hal_cortex.o
    0x08004754   0x00000028   Code   RO          767    i.HAL_SYSTICK_Config  stm32f4xx_hal_cortex.o
    0x0800477c   0x00000002   Code   RO         2485    i.HAL_TIMEx_BreakCallback  stm32f4xx_hal_tim_ex.o
    0x0800477e   0x00000002   Code   RO         2486    i.HAL_TIMEx_CommutationCallback  stm32f4xx_hal_tim_ex.o
    0x08004780   0x00000036   Code   RO         1856    i.HAL_TIM_Base_Init  stm32f4xx_hal_tim.o
    0x080047b6   0x00000002   PAD
    0x080047b8   0x0000003c   Code   RO         6417    i.HAL_TIM_Base_MspInit  timer.o
    0x080047f4   0x00000018   Code   RO         1861    i.HAL_TIM_Base_Start_IT  stm32f4xx_hal_tim.o
    0x0800480c   0x00000002   Code   RO         1885    i.HAL_TIM_IC_CaptureCallback  stm32f4xx_hal_tim.o
    0x0800480e   0x00000166   Code   RO         1898    i.HAL_TIM_IRQHandler  stm32f4xx_hal_tim.o
    0x08004974   0x00000002   Code   RO         1901    i.HAL_TIM_OC_DelayElapsedCallback  stm32f4xx_hal_tim.o
    0x08004976   0x00000002   Code   RO         1928    i.HAL_TIM_PWM_PulseFinishedCallback  stm32f4xx_hal_tim.o
    0x08004978   0x00000114   Code   RO         6418    i.HAL_TIM_PeriodElapsedCallback  timer.o
    0x08004a8c   0x00000002   Code   RO         1939    i.HAL_TIM_TriggerCallback  stm32f4xx_hal_tim.o
    0x08004a8e   0x00000002   Code   RO         1287    i.HAL_UART_ErrorCallback  stm32f4xx_hal_uart.o
    0x08004a90   0x000000f4   Code   RO         1290    i.HAL_UART_IRQHandler  stm32f4xx_hal_uart.o
    0x08004b84   0x0000005e   Code   RO         1291    i.HAL_UART_Init     stm32f4xx_hal_uart.o
    0x08004be2   0x00000002   PAD
    0x08004be4   0x00000094   Code   RO         4580    i.HAL_UART_MspInit  usart.o
    0x08004c78   0x000000ca   Code   RO         1294    i.HAL_UART_Receive  stm32f4xx_hal_uart.o
    0x08004d42   0x00000002   Code   RO         1297    i.HAL_UART_RxCpltCallback  stm32f4xx_hal_uart.o
    0x08004d44   0x00000002   Code   RO         1302    i.HAL_UART_TxCpltCallback  stm32f4xx_hal_uart.o
    0x08004d46   0x00000002   Code   RO          376    i.HardFault_Handler  stm32f4xx_it.o
    0x08004d48   0x00000040   Code   RO         6017    i.IIC_Ack           myiic.o
    0x08004d88   0x00000048   Code   RO         6018    i.IIC_Init          myiic.o
    0x08004dd0   0x00000040   Code   RO         6019    i.IIC_NAck          myiic.o
    0x08004e10   0x00000068   Code   RO         6020    i.IIC_Read_Byte     myiic.o
    0x08004e78   0x00000060   Code   RO         6021    i.IIC_Send_Byte     myiic.o
    0x08004ed8   0x00000040   Code   RO         6022    i.IIC_Start         myiic.o
    0x08004f18   0x00000040   Code   RO         6023    i.IIC_Stop          myiic.o
    0x08004f58   0x00000054   Code   RO         6024    i.IIC_Wait_Ack      myiic.o
    0x08004fac   0x00000080   Code   RO         4665    i.KEY_Init          key.o
    0x0800502c   0x000000d8   Code   RO         4666    i.KEY_Scan          key.o
    0x08005104   0x00000048   Code   RO         4698    i.LCD_Clear         lcd.o
    0x0800514c   0x0000006c   Code   RO         4699    i.LCD_Color_Fill    lcd.o
    0x080051b8   0x000000f4   Code   RO         4702    i.LCD_Display_Dir   lcd.o
    0x080052ac   0x00000096   Code   RO         4703    i.LCD_DrawLine      lcd.o
    0x08005342   0x00000002   PAD
    0x08005344   0x00000030   Code   RO         4704    i.LCD_DrawPoint     lcd.o
    0x08005374   0x000000b0   Code   RO         4706    i.LCD_Draw_Circle   lcd.o
    0x08005424   0x000000fc   Code   RO         4707    i.LCD_Fast_DrawPoint  lcd.o
    0x08005520   0x00000060   Code   RO         4708    i.LCD_Fill          lcd.o
    0x08005580   0x0000238c   Code   RO         4709    i.LCD_Init          lcd.o
    0x0800790c   0x00000010   Code   RO         4710    i.LCD_Pow           lcd.o
    0x0800791c   0x00000014   Code   RO         4711    i.LCD_RD_DATA       lcd.o
    0x08007930   0x0000009c   Code   RO         4712    i.LCD_ReadPoint     lcd.o
    0x080079cc   0x00000050   Code   RO         4714    i.LCD_SSD_BackLightSet  lcd.o
    0x08007a1c   0x000001b8   Code   RO         4715    i.LCD_Scan_Dir      lcd.o
    0x08007bd4   0x00000104   Code   RO         4716    i.LCD_SetCursor     lcd.o
    0x08007cd8   0x000000dc   Code   RO         4718    i.LCD_ShowChar      lcd.o
    0x08007db4   0x00000076   Code   RO         4719    i.LCD_ShowNum       lcd.o
    0x08007e2a   0x00000054   Code   RO         4720    i.LCD_ShowString    lcd.o
    0x08007e7e   0x00000002   PAD
    0x08007e80   0x00000018   Code   RO         4722    i.LCD_WR_DATA       lcd.o
    0x08007e98   0x00000018   Code   RO         4723    i.LCD_WR_REG        lcd.o
    0x08007eb0   0x00000014   Code   RO         4725    i.LCD_WriteRAM_Prepare  lcd.o
    0x08007ec4   0x00000010   Code   RO         4726    i.LCD_WriteReg      lcd.o
    0x08007ed4   0x0000004c   Code   RO         4641    i.LED_Init          led.o
    0x08007f20   0x00000020   Code   RO         4976    i.LTDC_Clear        ltdc.o
    0x08007f40   0x0000001e   Code   RO         4977    i.LTDC_Clk_Set      ltdc.o
    0x08007f5e   0x00000002   PAD
    0x08007f60   0x000000c0   Code   RO         4978    i.LTDC_Color_Fill   ltdc.o
    0x08008020   0x00000028   Code   RO         4979    i.LTDC_Display_Dir  ltdc.o
    0x08008048   0x0000003c   Code   RO         4980    i.LTDC_Draw_Point   ltdc.o
    0x08008084   0x000000b4   Code   RO         4981    i.LTDC_Fill         ltdc.o
    0x08008138   0x00000208   Code   RO         4982    i.LTDC_Init         ltdc.o
    0x08008340   0x0000005c   Code   RO         4983    i.LTDC_Layer_Parameter_Config  ltdc.o
    0x0800839c   0x00000024   Code   RO         4985    i.LTDC_Layer_Window_Config  ltdc.o
    0x080083c0   0x000000b8   Code   RO         4986    i.LTDC_PanelID_Read  ltdc.o
    0x08008478   0x00000038   Code   RO         4987    i.LTDC_Read_Point   ltdc.o
    0x080084b0   0x00000162   Code   RO         3205    i.LTDC_SetConfig    stm32f4xx_hal_ltdc.o
    0x08008612   0x00000002   Code   RO          377    i.MemManage_Handler  stm32f4xx_it.o
    0x08008614   0x000001a8   Code   RO         5420    i.NAND_CopyPageWithWrite  nand.o
    0x080087bc   0x00000084   Code   RO         5421    i.NAND_CopyPageWithoutWrite  nand.o
    0x08008840   0x00000010   Code   RO         5422    i.NAND_Delay        nand.o
    0x08008850   0x00000094   Code   RO         5423    i.NAND_ECC_Correction  nand.o
    0x080088e4   0x00000030   Code   RO         5424    i.NAND_ECC_Get_OE   nand.o
    0x08008914   0x00000058   Code   RO         5425    i.NAND_EraseBlock   nand.o
    0x0800896c   0x000000ac   Code   RO         5427    i.NAND_Init         nand.o
    0x08008a18   0x00000034   Code   RO         5428    i.NAND_ModeSet      nand.o
    0x08008a4c   0x00000048   Code   RO         5429    i.NAND_ReadID       nand.o
    0x08008a94   0x0000023c   Code   RO         5430    i.NAND_ReadPage     nand.o
    0x08008cd0   0x00000068   Code   RO         5431    i.NAND_ReadPageComp  nand.o
    0x08008d38   0x00000020   Code   RO         5432    i.NAND_ReadSpare    nand.o
    0x08008d58   0x00000028   Code   RO         5433    i.NAND_ReadStatus   nand.o
    0x08008d80   0x0000001c   Code   RO         5434    i.NAND_Reset        nand.o
    0x08008d9c   0x00000024   Code   RO         5435    i.NAND_WaitForReady  nand.o
    0x08008dc0   0x00000034   Code   RO         5436    i.NAND_WaitRB       nand.o
    0x08008df4   0x00000158   Code   RO         5437    i.NAND_WritePage    nand.o
    0x08008f4c   0x00000054   Code   RO         5438    i.NAND_WritePageConst  nand.o
    0x08008fa0   0x00000020   Code   RO         5439    i.NAND_WriteSpare   nand.o
    0x08008fc0   0x00000002   Code   RO          378    i.NMI_Handler       stm32f4xx_it.o
    0x08008fc2   0x00000020   Code   RO          769    i.NVIC_SetPriority  stm32f4xx_hal_cortex.o
    0x08008fe2   0x00000002   PAD
    0x08008fe4   0x000000b4   Code   RO         5789    i.OTT2001A_Init     ott2001a.o
    0x08009098   0x00000060   Code   RO         5790    i.OTT2001A_RD_Reg   ott2001a.o
    0x080090f8   0x0000016c   Code   RO         5791    i.OTT2001A_Scan     ott2001a.o
    0x08009264   0x0000001e   Code   RO         5792    i.OTT2001A_SensorControl  ott2001a.o
    0x08009282   0x00000052   Code   RO         5793    i.OTT2001A_WR_Reg   ott2001a.o
    0x080092d4   0x00000002   Code   RO          379    i.PendSV_Handler    stm32f4xx_it.o
    0x080092d6   0x00000002   PAD
    0x080092d8   0x00000010   Code   RO         6278    i.SAIA_DMA_Enable   sai.o
    0x080092e8   0x00000074   Code   RO         6279    i.SAIA_Init         sai.o
    0x0800935c   0x00000090   Code   RO         6280    i.SAIA_SampleRate_Set  sai.o
    0x080093ec   0x000000f4   Code   RO         6281    i.SAIA_TX_DMA_Init  sai.o
    0x080094e0   0x00000020   Code   RO         4484    i.SAI_BlockSynchroConfig  stm32f4xx_hal_sai_ex.o
    0x08009500   0x00000042   Code   RO         4256    i.SAI_Disable       stm32f4xx_hal_sai.o
    0x08009542   0x00000002   PAD
    0x08009544   0x000000b8   Code   RO         4485    i.SAI_GetInputClock  stm32f4xx_hal_sai_ex.o
    0x080095fc   0x00000014   Code   RO         6282    i.SAI_Play_Start    sai.o
    0x08009610   0x00000014   Code   RO         6283    i.SAI_Play_Stop     sai.o
    0x08009624   0x00000024   Code   RO         3514    i.SDIO_DataConfig   stm32f4xx_ll_sdmmc.o
    0x08009648   0x00000006   Code   RO         3515    i.SDIO_GetCommandResponse  stm32f4xx_ll_sdmmc.o
    0x0800964e   0x00000008   Code   RO         3518    i.SDIO_GetPowerState  stm32f4xx_ll_sdmmc.o
    0x08009656   0x00000002   PAD
    0x08009658   0x00000010   Code   RO         3519    i.SDIO_GetResponse  stm32f4xx_ll_sdmmc.o
    0x08009668   0x00000024   Code   RO         3520    i.SDIO_Init         stm32f4xx_ll_sdmmc.o
    0x0800968c   0x00000008   Code   RO         3522    i.SDIO_PowerState_ON  stm32f4xx_ll_sdmmc.o
    0x08009694   0x00000006   Code   RO         3523    i.SDIO_ReadFIFO     stm32f4xx_ll_sdmmc.o
    0x0800969a   0x00000020   Code   RO         3524    i.SDIO_SendCommand  stm32f4xx_ll_sdmmc.o
    0x080096ba   0x0000000a   Code   RO         3526    i.SDIO_WriteFIFO    stm32f4xx_ll_sdmmc.o
    0x080096c4   0x00000060   Code   RO         4918    i.SDRAM_Init        sdram.o
    0x08009724   0x00000050   Code   RO         4919    i.SDRAM_Initialization_Sequence  sdram.o
    0x08009774   0x00000034   Code   RO         4920    i.SDRAM_Send_Cmd    sdram.o
    0x080097a8   0x000000ec   Code   RO         3635    i.SD_CmdResp1Error  stm32f4xx_hal_sd.o
    0x08009894   0x0000002e   Code   RO         3636    i.SD_CmdResp2Error  stm32f4xx_hal_sd.o
    0x080098c2   0x00000072   Code   RO         3637    i.SD_CmdResp6Error  stm32f4xx_hal_sd.o
    0x08009934   0x00000046   Code   RO         3638    i.SD_CmdResp7Error  stm32f4xx_hal_sd.o
    0x0800997a   0x0000010a   Code   RO         3643    i.SD_FindSCR        stm32f4xx_hal_sd.o
    0x08009a84   0x00000040   Code   RO         5091    i.SD_Init           sdio_sdcard.o
    0x08009ac4   0x000000dc   Code   RO         3644    i.SD_Initialize_Cards  stm32f4xx_hal_sd.o
    0x08009ba0   0x0000013c   Code   RO         3645    i.SD_IsCardProgramming  stm32f4xx_hal_sd.o
    0x08009cdc   0x0000018c   Code   RO         3646    i.SD_PowerON        stm32f4xx_hal_sd.o
    0x08009e68   0x00000078   Code   RO         5092    i.SD_ReadDisk       sdio_sdcard.o
    0x08009ee0   0x00000072   Code   RO         3647    i.SD_WideBus_Disable  stm32f4xx_hal_sd.o
    0x08009f52   0x00000074   Code   RO         3648    i.SD_WideBus_Enable  stm32f4xx_hal_sd.o
    0x08009fc6   0x00000002   PAD
    0x08009fc8   0x0000007c   Code   RO         5093    i.SD_WriteDisk      sdio_sdcard.o
    0x0800a044   0x00000050   Code   RO         5146    i.SPI5_Init         spi.o
    0x0800a094   0x00000020   Code   RO         5147    i.SPI5_ReadWriteByte  spi.o
    0x0800a0b4   0x00000034   Code   RO         5148    i.SPI5_SetSpeed     spi.o
    0x0800a0e8   0x0000009e   Code   RO         3887    i.SPI_WaitOnFlagUntilTimeout  stm32f4xx_hal_spi.o
    0x0800a186   0x00000002   Code   RO          380    i.SVC_Handler       stm32f4xx_it.o
    0x0800a188   0x000000a8   Code   RO         7335    i.Show_Font         text.o
    0x0800a230   0x000000ae   Code   RO         7336    i.Show_Str          text.o
    0x0800a2de   0x00000002   PAD
    0x0800a2e0   0x00000084   Code   RO         4553    i.Stm32_Clock_Init  sys.o
    0x0800a364   0x00000004   Code   RO          381    i.SysTick_Handler   stm32f4xx_it.o
    0x0800a368   0x00000054   Code   RO          453    i.SystemInit        system_stm32f4xx.o
    0x0800a3bc   0x0000000c   Code   RO         6419    i.TIM3_IRQHandler   timer.o
    0x0800a3c8   0x0000002c   Code   RO         6420    i.TIM3_Init         timer.o
    0x0800a3f4   0x000000c0   Code   RO         1940    i.TIM_Base_SetConfig  stm32f4xx_hal_tim.o
    0x0800a4b4   0x00000178   Code   RO         5841    i.TP_Adj_Info_Show  touch.o
    0x0800a62c   0x000005b8   Code   RO         5842    i.TP_Adjust         touch.o
    0x0800abe4   0x00000070   Code   RO         5844    i.TP_Drow_Touch_Point  touch.o
    0x0800ac54   0x0000008c   Code   RO         5845    i.TP_Get_Adjdata    touch.o
    0x0800ace0   0x00000160   Code   RO         5846    i.TP_Init           touch.o
    0x0800ae40   0x0000008c   Code   RO         5847    i.TP_Read_AD        touch.o
    0x0800aecc   0x00000060   Code   RO         5848    i.TP_Read_XOY       touch.o
    0x0800af2c   0x00000028   Code   RO         5849    i.TP_Read_XY        touch.o
    0x0800af54   0x0000007c   Code   RO         5850    i.TP_Read_XY2       touch.o
    0x0800afd0   0x00000078   Code   RO         5851    i.TP_Save_Adjdata   touch.o
    0x0800b048   0x000000bc   Code   RO         5852    i.TP_Scan           touch.o
    0x0800b104   0x00000048   Code   RO         5853    i.TP_Write_Byte     touch.o
    0x0800b14c   0x000000a6   Code   RO         1309    i.UART_Receive_IT   stm32f4xx_hal_uart.o
    0x0800b1f2   0x00000002   PAD
    0x0800b1f4   0x00000174   Code   RO         1310    i.UART_SetConfig    stm32f4xx_hal_uart.o
    0x0800b368   0x00000066   Code   RO         1311    i.UART_Transmit_IT  stm32f4xx_hal_uart.o
    0x0800b3ce   0x00000092   Code   RO         1312    i.UART_WaitOnFlagUntilTimeout  stm32f4xx_hal_uart.o
    0x0800b460   0x0000006c   Code   RO         4581    i.USART1_IRQHandler  usart.o
    0x0800b4cc   0x00000002   Code   RO          382    i.UsageFault_Handler  stm32f4xx_it.o
    0x0800b4ce   0x00000002   PAD
    0x0800b4d0   0x00000058   Code   RO         5194    i.W25QXX_Erase_Sector  w25qxx.o
    0x0800b528   0x0000007c   Code   RO         5195    i.W25QXX_Init       w25qxx.o
    0x0800b5a4   0x00000068   Code   RO         5197    i.W25QXX_Read       w25qxx.o
    0x0800b60c   0x00000044   Code   RO         5198    i.W25QXX_ReadID     w25qxx.o
    0x0800b650   0x00000038   Code   RO         5199    i.W25QXX_ReadSR     w25qxx.o
    0x0800b688   0x0000000e   Code   RO         5201    i.W25QXX_Wait_Busy  w25qxx.o
    0x0800b696   0x00000002   PAD
    0x0800b698   0x0000009c   Code   RO         5202    i.W25QXX_Write      w25qxx.o
    0x0800b734   0x00000020   Code   RO         5204    i.W25QXX_Write_Enable  w25qxx.o
    0x0800b754   0x0000003e   Code   RO         5205    i.W25QXX_Write_NoCheck  w25qxx.o
    0x0800b792   0x00000002   PAD
    0x0800b794   0x0000006c   Code   RO         5206    i.W25QXX_Write_Page  w25qxx.o
    0x0800b800   0x00000038   Code   RO         6143    i.WM8978_ADDA_Cfg   wm8978.o
    0x0800b838   0x00000030   Code   RO         6144    i.WM8978_AUX_Gain   wm8978.o
    0x0800b868   0x00000028   Code   RO         6151    i.WM8978_HPvol_Set  wm8978.o
    0x0800b890   0x00000012   Code   RO         6152    i.WM8978_I2S_Cfg    wm8978.o
    0x0800b8a2   0x00000076   Code   RO         6153    i.WM8978_Init       wm8978.o
    0x0800b918   0x00000058   Code   RO         6154    i.WM8978_Input_Cfg  wm8978.o
    0x0800b970   0x00000034   Code   RO         6155    i.WM8978_LINEIN_Gain  wm8978.o
    0x0800b9a4   0x00000022   Code   RO         6157    i.WM8978_Output_Cfg  wm8978.o
    0x0800b9c6   0x00000020   Code   RO         6159    i.WM8978_SPKvol_Set  wm8978.o
    0x0800b9e6   0x00000002   PAD
    0x0800b9e8   0x00000054   Code   RO         6160    i.WM8978_Write_Reg  wm8978.o
    0x0800ba3c   0x0000007a   Code   RO         7890    i.__hardfp_sqrt     m_wm.l(sqrt.o)
    0x0800bab6   0x00000002   Code   RO         4582    i._sys_exit         usart.o
    0x0800bab8   0x000000ac   Code   RO         7582    i.ai_draw_init      piclib.o
    0x0800bb64   0x00000088   Code   RO         7583    i.ai_load_picfile   piclib.o
    0x0800bbec   0x0000001c   Code   RO         7661    i.alloc_pool        tjpgd.o
    0x0800bc08   0x00000054   Code   RO         6350    i.audio_get_tnum    audioplay.o
    0x0800bc5c   0x000001d8   Code   RO         6353    i.audio_play        audioplay.o
    0x0800be34   0x00000034   Code   RO         6354    i.audio_play_song   audioplay.o
    0x0800be68   0x00000010   Code   RO         6355    i.audio_start       audioplay.o
    0x0800be78   0x00000010   Code   RO         6356    i.audio_stop        audioplay.o
    0x0800be88   0x0000007a   Code   RO         7662    i.bitext            tjpgd.o
    0x0800bf02   0x00000002   PAD
    0x0800bf04   0x000001e4   Code   RO         7663    i.block_idct        tjpgd.o
    0x0800c0e8   0x00000076   Code   RO         6587    i.change_bitmap     ff.o
    0x0800c15e   0x0000000e   Code   RO         7064    i.char_upper        exfuns.o
    0x0800c16c   0x00000074   Code   RO         6588    i.check_fs          ff.o
    0x0800c1e0   0x00000010   Code   RO         6589    i.chk_chr           ff.o
    0x0800c1f0   0x00000032   Code   RO         6590    i.clmt_clust        ff.o
    0x0800c222   0x00000018   Code   RO         6591    i.clust2sect        ff.o
    0x0800c23a   0x00000002   PAD
    0x0800c23c   0x00000084   Code   RO         6592    i.cmp_lfn           ff.o
    0x0800c2c0   0x0000010e   Code   RO         6593    i.create_chain      ff.o
    0x0800c3ce   0x000000ca   Code   RO         7664    i.create_huffman_tbl  tjpgd.o
    0x0800c498   0x00000218   Code   RO         6594    i.create_name       ff.o
    0x0800c6b0   0x0000007c   Code   RO         6595    i.create_xdir       ff.o
    0x0800c72c   0x00000014   Code   RO         4514    i.delay_init        delay.o
    0x0800c740   0x0000001a   Code   RO         4515    i.delay_ms          delay.o
    0x0800c75a   0x00000002   PAD
    0x0800c75c   0x00000034   Code   RO         4516    i.delay_us          delay.o
    0x0800c790   0x00000058   Code   RO         6596    i.dir_alloc         ff.o
    0x0800c7e8   0x0000013c   Code   RO         6597    i.dir_find          ff.o
    0x0800c924   0x00000104   Code   RO         6598    i.dir_next          ff.o
    0x0800ca28   0x000000e6   Code   RO         6599    i.dir_read          ff.o
    0x0800cb0e   0x00000002   PAD
    0x0800cb10   0x0000023c   Code   RO         6600    i.dir_register      ff.o
    0x0800cd4c   0x00000096   Code   RO         6602    i.dir_sdi           ff.o
    0x0800cde2   0x00000028   Code   RO         6998    i.disk_initialize   diskio.o
    0x0800ce0a   0x00000002   PAD
    0x0800ce0c   0x0000009c   Code   RO         6999    i.disk_ioctl        diskio.o
    0x0800cea8   0x00000066   Code   RO         7000    i.disk_read         diskio.o
    0x0800cf0e   0x00000004   Code   RO         7001    i.disk_status       diskio.o
    0x0800cf12   0x00000060   Code   RO         7002    i.disk_write        diskio.o
    0x0800cf72   0x00000002   PAD
    0x0800cf74   0x00000064   Code   RO         7070    i.exfuns_init       exfuns.o
    0x0800cfd8   0x0000001e   Code   RO         6603    i.f_close           ff.o
    0x0800cff6   0x000002bc   Code   RO         6608    i.f_lseek           ff.o
    0x0800d2b2   0x00000002   PAD
    0x0800d2b4   0x0000004c   Code   RO         6611    i.f_mount           ff.o
    0x0800d300   0x00000276   Code   RO         6612    i.f_open            ff.o
    0x0800d576   0x000000d4   Code   RO         6613    i.f_opendir         ff.o
    0x0800d64a   0x00000176   Code   RO         6617    i.f_read            ff.o
    0x0800d7c0   0x00000076   Code   RO         6618    i.f_readdir         ff.o
    0x0800d836   0x00000152   Code   RO         6622    i.f_sync            ff.o
    0x0800d988   0x00000088   Code   RO         7071    i.f_typetell        exfuns.o
    0x0800da10   0x00000070   Code   RO         7303    i.ff_convert        mycc936.o
    0x0800da80   0x00000008   Code   RO         7003    i.ff_memalloc       diskio.o
    0x0800da88   0x00000008   Code   RO         7004    i.ff_memfree        diskio.o
    0x0800da90   0x00000024   Code   RO         7304    i.ff_wtoupper       mycc936.o
    0x0800dab4   0x0000002e   Code   RO         6626    i.fill_fat_chain    ff.o
    0x0800dae2   0x00000092   Code   RO         6627    i.find_bitmap       ff.o
    0x0800db74   0x00000350   Code   RO         6628    i.find_volume       ff.o
    0x0800dec4   0x000000b4   Code   RO         6629    i.follow_path       ff.o
    0x0800df78   0x00000040   Code   RO         7376    i.font_init         fontupd.o
    0x0800dfb8   0x00000014   Code   RO         4583    i.fputc             usart.o
    0x0800dfcc   0x0000008c   Code   RO         6630    i.gen_numname       ff.o
    0x0800e058   0x00000126   Code   RO         6631    i.get_fat           ff.o
    0x0800e17e   0x00000004   Code   RO         7005    i.get_fattime       diskio.o
    0x0800e182   0x00000106   Code   RO         6632    i.get_fileinfo      ff.o
    0x0800e288   0x0000003c   Code   RO         6633    i.get_ldnumber      ff.o
    0x0800e2c4   0x0000008a   Code   RO         6634    i.get_xdir_info     ff.o
    0x0800e34e   0x0000004e   Code   RO         7463    i.gif_check_head    gif.o
    0x0800e39c   0x0000014c   Code   RO         7464    i.gif_clear2bkcolor  gif.o
    0x0800e4e8   0x00000108   Code   RO         7465    i.gif_decode        gif.o
    0x0800e5f0   0x000001a0   Code   RO         7466    i.gif_dispimage     gif.o
    0x0800e790   0x0000011e   Code   RO         7467    i.gif_drawimage     gif.o
    0x0800e8ae   0x0000003c   Code   RO         7468    i.gif_getdatablock  gif.o
    0x0800e8ea   0x00000036   Code   RO         7469    i.gif_getinfo       gif.o
    0x0800e920   0x0000023c   Code   RO         7470    i.gif_getnextbyte   gif.o
    0x0800eb5c   0x00000124   Code   RO         7471    i.gif_getnextcode   gif.o
    0x0800ec80   0x00000018   Code   RO         7472    i.gif_getrgb565     gif.o
    0x0800ec98   0x0000008a   Code   RO         7473    i.gif_initlzw       gif.o
    0x0800ed22   0x0000003a   Code   RO         7475    i.gif_readcolortbl  gif.o
    0x0800ed5c   0x00000082   Code   RO         7476    i.gif_readextension  gif.o
    0x0800edde   0x00000016   Code   RO         7477    i.gif_recovergctbl  gif.o
    0x0800edf4   0x00000016   Code   RO         7478    i.gif_savegctbl     gif.o
    0x0800ee0a   0x000000a2   Code   RO         7665    i.huffext           tjpgd.o
    0x0800eeac   0x00000024   Code   RO         7584    i.is_element_ok     piclib.o
    0x0800eed0   0x000000e6   Code   RO         7666    i.jd_decomp         tjpgd.o
    0x0800efb6   0x00000002   PAD
    0x0800efb8   0x000002c8   Code   RO         7667    i.jd_prepare        tjpgd.o
    0x0800f280   0x00000020   Code   RO         7668    i.jpeg_freeall      tjpgd.o
    0x0800f2a0   0x0000002a   Code   RO         7669    i.jpeg_in_func      tjpgd.o
    0x0800f2ca   0x00000002   PAD
    0x0800f2cc   0x00000034   Code   RO         7670    i.jpeg_mallocall    tjpgd.o
    0x0800f300   0x0000003c   Code   RO         7671    i.jpeg_out_func_fill  tjpgd.o
    0x0800f33c   0x000000a8   Code   RO         7672    i.jpeg_out_func_point  tjpgd.o
    0x0800f3e4   0x000000c4   Code   RO         7673    i.jpg_decode        tjpgd.o
    0x0800f4a8   0x00000026   Code   RO         6635    i.ld_clust          ff.o
    0x0800f4ce   0x00000016   Code   RO         6636    i.ld_dword          ff.o
    0x0800f4e4   0x00000056   Code   RO         6637    i.ld_qword          ff.o
    0x0800f53a   0x0000000a   Code   RO         6638    i.ld_word           ff.o
    0x0800f544   0x00000038   Code   RO         6639    i.load_obj_dir      ff.o
    0x0800f57c   0x000000aa   Code   RO         6640    i.load_xdir         ff.o
    0x0800f626   0x00000002   PAD
    0x0800f628   0x00000710   Code   RO            5    i.main              main.o
    0x0800fd38   0x0000015c   Code   RO         7674    i.mcu_load          tjpgd.o
    0x0800fe94   0x0000030c   Code   RO         7675    i.mcu_output        tjpgd.o
    0x080101a0   0x00000018   Code   RO         6641    i.mem_cmp           ff.o
    0x080101b8   0x00000012   Code   RO         6642    i.mem_cpy           ff.o
    0x080101ca   0x0000000c   Code   RO         6643    i.mem_set           ff.o
    0x080101d6   0x00000032   Code   RO         6644    i.move_window       ff.o
    0x08010208   0x00000058   Code   RO         6507    i.my_mem_free       malloc.o
    0x08010260   0x0000002c   Code   RO         6508    i.my_mem_init       malloc.o
    0x0801028c   0x00000088   Code   RO         6509    i.my_mem_malloc     malloc.o
    0x08010314   0x0000003c   Code   RO         6510    i.my_mem_perused    malloc.o
    0x08010350   0x00000018   Code   RO         6511    i.myfree            malloc.o
    0x08010368   0x00000020   Code   RO         6512    i.mymalloc          malloc.o
    0x08010388   0x0000000c   Code   RO         6514    i.mymemset          malloc.o
    0x08010394   0x00000054   Code   RO            6    i.pic_get_tnum      main.o
    0x080103e8   0x00000008   Code   RO         7585    i.pic_memalloc      piclib.o
    0x080103f0   0x00000008   Code   RO         7586    i.pic_memfree       piclib.o
    0x080103f8   0x00000070   Code   RO         6645    i.pick_lfn          ff.o
    0x08010468   0x0000002c   Code   RO         7588    i.piclib_draw_hline  piclib.o
    0x08010494   0x00000094   Code   RO         7589    i.piclib_fill_color  piclib.o
    0x08010528   0x00000054   Code   RO         7590    i.piclib_init       piclib.o
    0x0801057c   0x000000f6   Code   RO         6646    i.put_fat           ff.o
    0x08010672   0x000000e8   Code   RO         6648    i.remove_chain      ff.o
    0x0801075a   0x00000028   Code   RO         6649    i.st_clust          ff.o
    0x08010782   0x00000010   Code   RO         6650    i.st_dword          ff.o
    0x08010792   0x0000004a   Code   RO         6651    i.st_qword          ff.o
    0x080107dc   0x00000008   Code   RO         6652    i.st_word           ff.o
    0x080107e4   0x00000210   Code   RO         7429    i.stdbmp_decode     bmp.o
    0x080109f4   0x0000006c   Code   RO         6653    i.store_xdir        ff.o
    0x08010a60   0x0000001a   Code   RO         6654    i.sum_sfn           ff.o
    0x08010a7a   0x00000002   PAD
    0x08010a7c   0x00000088   Code   RO         6655    i.sync_fs           ff.o
    0x08010b04   0x00000052   Code   RO         6656    i.sync_window       ff.o
    0x08010b56   0x00000002   PAD
    0x08010b58   0x00000024   Code   RO         4584    i.uart_init         usart.o
    0x08010b7c   0x00000032   Code   RO         6657    i.validate          ff.o
    0x08010bae   0x00000002   PAD
    0x08010bb0   0x00000070   Code   RO         6083    i.wav_buffill       wavplay.o
    0x08010c20   0x000001c4   Code   RO         6084    i.wav_decode_init   wavplay.o
    0x08010de4   0x00000160   Code   RO         6086    i.wav_play_song     wavplay.o
    0x08010f44   0x00000054   Code   RO         6087    i.wav_sai_dma_tx_callback  wavplay.o
    0x08010f98   0x00000034   Code   RO         6658    i.xdir_sum          ff.o
    0x08010fcc   0x0000003c   Code   RO         6659    i.xname_sum         ff.o
    0x08011008   0x00000150   Code   RO         7866    x$fpl$dadd          fz_wm.l(daddsub_clz.o)
    0x08011158   0x00000018   Code   RO         7921    x$fpl$dcmpinf       fz_wm.l(dcmpi.o)
    0x08011170   0x0000005a   Code   RO         7872    x$fpl$dfixu         fz_wm.l(dfixu.o)
    0x080111ca   0x00000026   Code   RO         7876    x$fpl$dfltu         fz_wm.l(dflt_clz.o)
    0x080111f0   0x00000078   Code   RO         7882    x$fpl$dleqf         fz_wm.l(dleqf.o)
    0x08011268   0x00000154   Code   RO         7884    x$fpl$dmul          fz_wm.l(dmul.o)
    0x080113bc   0x0000009c   Code   RO         7923    x$fpl$dnaninf       fz_wm.l(dnaninf.o)
    0x08011458   0x0000000c   Code   RO         7925    x$fpl$dretinf       fz_wm.l(dretinf.o)
    0x08011464   0x0000006c   Code   RO         7886    x$fpl$drleqf        fz_wm.l(drleqf.o)
    0x080114d0   0x00000016   Code   RO         7867    x$fpl$drsb          fz_wm.l(daddsub_clz.o)
    0x080114e6   0x00000002   PAD
    0x080114e8   0x00000198   Code   RO         7927    x$fpl$dsqrt         fz_wm.l(dsqrt_umaal.o)
    0x08011680   0x000001d4   Code   RO         7868    x$fpl$dsub          fz_wm.l(daddsub_clz.o)
    0x08011854   0x00000056   Code   RO         7888    x$fpl$f2d           fz_wm.l(f2d.o)
    0x080118aa   0x0000008c   Code   RO         7929    x$fpl$fnaninf       fz_wm.l(fnaninf.o)
    0x08011936   0x0000000a   Code   RO         8045    x$fpl$fpinit        fz_wm.l(fpinit.o)
    0x08011940   0x00000000   Code   RO         7931    x$fpl$usenofp       fz_wm.l(usenofp.o)
    0x08011940   0x00000010   Data   RO         1148    .constdata          stm32f4xx_hal_rcc.o
    0x08011950   0x00000008   Data   RO         1741    .constdata          stm32f4xx_hal_dma.o
    0x08011958   0x00004740   Data   RO         4729    .constdata          lcd.o
    0x08016098   0x00000014   Data   RO         5643    .constdata          ft5206.o
    0x080160ac   0x000000c2   Data   RO         5690    .constdata          gt9147.o
    0x0801616e   0x000000ce   Data   RO         5742    .constdata          gt9271.o
    0x0801623c   0x0000000a   Data   RO         5794    .constdata          ott2001a.o
    0x08016246   0x00000002   PAD
    0x08016248   0x00000004   Data   RO         5854    .constdata          touch.o
    0x0801624c   0x0000006e   Data   RO         6285    .constdata          sai.o
    0x080162ba   0x00000002   PAD
    0x080162bc   0x00000024   Data   RO         6522    .constdata          malloc.o
    0x080162e0   0x0000004a   Data   RO         6661    .constdata          ff.o
    0x0801632a   0x00000002   PAD
    0x0801632c   0x00000070   Data   RO         7075    .constdata          exfuns.o
    0x0801639c   0x000003c0   Data   RO         7305    .constdata          mycc936.o
    0x0801675c   0x00000028   Data   RO         7479    .constdata          gif.o
    0x08016784   0x000004c0   Data   RO         7676    .constdata          tjpgd.o
    0x08016c44   0x00000028   Data   RO         7803    .constdata          c_w.l(_printf_hex_int.o)
    0x08016c6c   0x00000079   Data   RO         5855    .conststring        touch.o
    0x08016ce5   0x00000003   PAD
    0x08016ce8   0x00000048   Data   RO         7076    .conststring        exfuns.o
    0x08016d30   0x00000020   Data   RO         8099    Region$$Table       anon$$obj.o


    Execution Region RW_IRAM1 (Base: 0x20000000, Size: 0x0002c7c0, Max: 0x00030000, ABSOLUTE, COMPRESSED[0x00000084])

    Base Addr    Size         Type   Attr      Idx    E Section Name        Object

    0x20000000   0x00000005   Data   RW            7    .data               main.o
    0x20000005   0x00000003   PAD
    0x20000008   0x00000014   Data   RW          454    .data               system_stm32f4xx.o
    0x2000001c   0x00000004   Data   RW          618    .data               stm32f4xx_hal.o
    0x20000020   0x00000004   Data   RW         4517    .data               delay.o
    0x20000024   0x00000002   Data   RW         4586    .data               usart.o
    0x20000026   0x00000002   PAD
    0x20000028   0x00000004   Data   RW         4587    .data               usart.o
    0x2000002c   0x00000001   Data   RW         4667    .data               key.o
    0x2000002d   0x00000003   PAD
    0x20000030   0x00000008   Data   RW         4730    .data               lcd.o
    0x20000038   0x00000008   Data   RW         4993    .data               ltdc.o
    0x20000040   0x00000002   Data   RW         5209    .data               w25qxx.o
    0x20000042   0x00000002   PAD
    0x20000044   0x00000004   Data   RW         5324    .data               ftl.o
    0x20000048   0x00000007   Data   RW         5644    .data               ft5206.o
    0x2000004f   0x00000001   Data   RW         5691    .data               gt9147.o
    0x20000050   0x00000001   Data   RW         5743    .data               gt9271.o
    0x20000051   0x00000001   Data   RW         5795    .data               ott2001a.o
    0x20000052   0x00000002   PAD
    0x20000054   0x0000004c   Data   RW         5856    .data               touch.o
    0x200000a0   0x0000000c   Data   RW         6089    .data               wavplay.o
    0x200000ac   0x00000074   Data   RW         6161    .data               wm8978.o
    0x20000120   0x00000004   Data   RW         6286    .data               sai.o
    0x20000124   0x00000024   Data   RW         6523    .data               malloc.o
    0x20000148   0x00000002   Data   RW         6662    .data               ff.o
    0x2000014a   0x00000002   PAD
    0x2000014c   0x0000000c   Data   RW         7077    .data               exfuns.o
    0x20000158   0x00000001   Data   RW         7480    .data               gif.o
    0x20000159   0x00000003   PAD
    0x2000015c   0x0000000c   Data   RW         7677    .data               tjpgd.o
    0x20000168   0x00000108   Zero   RW         4585    .bss                usart.o
    0x20000270   0x0000005e   Zero   RW         4728    .bss                lcd.o
    0x200002ce   0x00000002   PAD
    0x200002d0   0x00000034   Zero   RW         4921    .bss                sdram.o
    0x20000304   0x000000c8   Zero   RW         4991    .bss                ltdc.o
    0x200003cc   0x00000004   PAD
    0x200003d0   0x000002b8   Zero   RW         5094    .bss                sdio_sdcard.o
    0x20000688   0x00000058   Zero   RW         5149    .bss                spi.o
    0x200006e0   0x00001000   Zero   RW         5208    .bss                w25qxx.o
    0x200016e0   0x00000094   Zero   RW         5440    .bss                nand.o
    0x20001774   0x00000020   Zero   RW         6088    .bss                wavplay.o
    0x20001794   0x000000e0   Zero   RW         6284    .bss                sai.o
    0x20001874   0x00000011   Zero   RW         6357    .bss                audioplay.o
    0x20001885   0x00000003   PAD
    0x20001888   0x0000003c   Zero   RW         6421    .bss                timer.o
    0x200018c4   0x0000001c   PAD
    0x200018e0   0x00028000   Zero   RW         6520    .bss                malloc.o
    0x200298e0   0x00002800   Zero   RW         6521    .bss                malloc.o
    0x2002c0e0   0x0000000c   Zero   RW         6660    .bss                ff.o
    0x2002c0ec   0x0000000c   Zero   RW         7072    .bss                exfuns.o
    0x2002c0f8   0x00000029   Zero   RW         7380    .bss                fontupd.o
    0x2002c121   0x00000003   PAD
    0x2002c124   0x0000003c   Zero   RW         7591    .bss                piclib.o
    0x2002c160   0x00000060   Zero   RW         7961    .bss                c_w.l(libspace.o)
    0x2002c1c0   0x00000200   Zero   RW          586    HEAP                startup_stm32f429xx.o
    0x2002c3c0   0x00000400   Zero   RW          585    STACK               startup_stm32f429xx.o



  Load Region LR$$.ARM.__AT_0x10000000 (Base: 0x10000000, Size: 0x00000000, Max: 0x0000f000, ABSOLUTE)

    Execution Region ER$$.ARM.__AT_0x10000000 (Base: 0x10000000, Size: 0x0000f000, Max: 0x0000f000, ABSOLUTE, UNINIT)

    Base Addr    Size         Type   Attr      Idx    E Section Name        Object

    0x10000000   0x0000f000   Zero   RW         6516    .ARM.__AT_0x10000000  malloc.o



  Load Region LR$$.ARM.__AT_0x1000F000 (Base: 0x1000f000, Size: 0x00000000, Max: 0x00000f00, ABSOLUTE)

    Execution Region ER$$.ARM.__AT_0x1000F000 (Base: 0x1000f000, Size: 0x00000f00, Max: 0x00000f00, ABSOLUTE, UNINIT)

    Base Addr    Size         Type   Attr      Idx    E Section Name        Object

    0x1000f000   0x00000f00   Zero   RW         6517    .ARM.__AT_0x1000F000  malloc.o



  Load Region LR$$.ARM.__AT_0xC0000000 (Base: 0xc0000000, Size: 0x00000000, Max: 0x001f4000, ABSOLUTE)

    Execution Region ER$$.ARM.__AT_0xC0000000 (Base: 0xc0000000, Size: 0x001f4000, Max: 0x001f4000, ABSOLUTE, UNINIT)

    Base Addr    Size         Type   Attr      Idx    E Section Name        Object

    0xc0000000   0x001f4000   Zero   RW         4990    .ARM.__AT_0xC0000000  ltdc.o



  Load Region LR$$.ARM.__AT_0xC01F4000 (Base: 0xc01f4000, Size: 0x00000000, Max: 0x01c3c000, ABSOLUTE)

    Execution Region ER$$.ARM.__AT_0xC01F4000 (Base: 0xc01f4000, Size: 0x01c3c000, Max: 0x01c3c000, ABSOLUTE, UNINIT)

    Base Addr    Size         Type   Attr      Idx    E Section Name        Object

    0xc01f4000   0x01c3c000   Zero   RW         6518    .ARM.__AT_0xC01F4000  malloc.o



  Load Region LR$$.ARM.__AT_0xC1E30000 (Base: 0xc1e30000, Size: 0x00000000, Max: 0x001c3c00, ABSOLUTE)

    Execution Region ER$$.ARM.__AT_0xC1E30000 (Base: 0xc1e30000, Size: 0x001c3c00, Max: 0x001c3c00, ABSOLUTE, UNINIT)

    Base Addr    Size         Type   Attr      Idx    E Section Name        Object

    0xc1e30000   0x001c3c00   Zero   RW         6519    .ARM.__AT_0xC1E30000  malloc.o


==============================================================================

Image component sizes


      Code (inc. data)   RO Data    RW Data    ZI Data      Debug   Object Name

       216          0          0          0          0       3389   24cxx.o
       640        104          0          0         17       4974   audioplay.o
       528         10          0          0          0       2708   bmp.o
       712        118          0          0          0       5801   ctiic.o
        98          8          0          4          0       2091   delay.o
       418         10          0          0          0       5971   diskio.o
       250         14        184         12         12       3280   exfuns.o
         4          0          0          0          0       1008   exti.o
      9322         88         74          2         12      62097   ff.o
        64          6          0          0         41       2171   fontupd.o
      1102         66         20          7          0       4761   ft5206.o
      1904        296          0          4          0      12059   ftl.o
      2748         24         40          1          0      16285   gif.o
      1078         82        194          1          0       5166   gt9147.o
      1002         78        206          1          0       5138   gt9271.o
       344         34          0          1          0       1878   key.o
     11844        218      18240          8         94      26140   lcd.o
        76          8          0          0          0        939   led.o
      1666        142          0          8    2048200      11648   ltdc.o
      2092        462          0          5          0     479973   main.o
       396         42         36         36   31695616       6921   malloc.o
       148         14        960          0          0       2063   mycc936.o
       612         74          0          0          0       5298   myiic.o
      2652        280          0          0        148      18877   nand.o
       752         64         10          1          0       4847   ott2001a.o
       636         66          0          0         60       7434   piclib.o
       764         84        110          4        224       6183   sai.o
       440         32          0          0        696       4291   sdio_sdcard.o
       448         46          0          0         52       3630   sdram.o
       248         28          0          0         88       3074   spi.o
        64         26        428          0       1536        852   startup_stm32f429xx.o
       144         16          0          4          0       5020   stm32f4xx_hal.o
       218         14          0          0          0      31153   stm32f4xx_hal_cortex.o
       246         10          8          0          0       2832   stm32f4xx_hal_dma.o
       122          0          0          0          0       2149   stm32f4xx_hal_dma_ex.o
       496         54          0          0          0       3455   stm32f4xx_hal_gpio.o
       856          4          0          0          0       4965   stm32f4xx_hal_ltdc.o
        98          0          0          0          0       1320   stm32f4xx_hal_nand.o
       136         14          0          0          0       1376   stm32f4xx_hal_pwr_ex.o
      1572         72         16          0          0       6651   stm32f4xx_hal_rcc.o
       680         36          0          0          0       1748   stm32f4xx_hal_rcc_ex.o
       436         10          0          0          0       4456   stm32f4xx_hal_sai.o
       216         30          0          0          0       2081   stm32f4xx_hal_sai_ex.o
      3732         20          0          0          0      21572   stm32f4xx_hal_sd.o
       146          0          0          0          0       2872   stm32f4xx_hal_sdram.o
       972          0          0          0          0       3917   stm32f4xx_hal_spi.o
        86          0          0          0          0       1292   stm32f4xx_hal_sram.o
       636         44          0          0          0       7011   stm32f4xx_hal_tim.o
         4          0          0          0          0       1774   stm32f4xx_hal_tim_ex.o
      1332          8          0          0          0       9074   stm32f4xx_hal_uart.o
        20          0          0          0          0       4322   stm32f4xx_it.o
       736         26          0          0          0       8637   stm32f4xx_ll_fmc.o
       158          4          0          0          0       6461   stm32f4xx_ll_sdmmc.o
       148         10          0          0          0       1731   sys.o
        84         18          0         20          0       1145   system_stm32f4xx.o
       494         14          0          0          0       3699   text.o
       392        100          0          0         60       3344   timer.o
      3618        104       1216         12          0      24421   tjpgd.o
      3224        252        125         76          0      11985   touch.o
       314         36          0          6        264       5063   usart.o
       812         66          0          2       4096       8065   w25qxx.o
      1000        232          0         12         32       5763   wavplay.o
       570         28          0        116          0       7627   wm8978.o

    ----------------------------------------------------------------------
     67046       3746      21908        360   33751288     927928   Object Totals
         0          0         32          0          0          0   (incl. Generated)
        80          0          9         17         40          0   (incl. Padding)

    ----------------------------------------------------------------------

      Code (inc. data)   RO Data    RW Data    ZI Data      Debug   Library Member Name

        90          0          0          0          0          0   __dczerorl2.o
         8          0          0          0          0         68   __main.o
       184          0          0          0          0         84   __printf_ss.o
         0          0          0          0          0          0   __rtentry.o
        12          0          0          0          0          0   __rtentry2.o
         6          0          0          0          0          0   __rtentry4.o
        52          8          0          0          0          0   __scatter.o
        28          0          0          0          0          0   __scatter_zi.o
        44          0          0          0          0        108   _printf_char.o
        48          6          0          0          0         96   _printf_char_common.o
        36          4          0          0          0         80   _printf_char_file.o
         6          0          0          0          0          0   _printf_d.o
       120         16          0          0          0         92   _printf_dec.o
        88          4         40          0          0         88   _printf_hex_int.o
       178          0          0          0          0         88   _printf_intcommon.o
         0          0          0          0          0          0   _printf_percent.o
         4          0          0          0          0          0   _printf_percent_end.o
         6          0          0          0          0          0   _printf_s.o
        82          0          0          0          0         80   _printf_str.o
         6          0          0          0          0          0   _printf_x.o
        22          0          0          0          0        100   _rserrno.o
        18          0          0          0          0         80   exit.o
         8          0          0          0          0         68   ferror.o
         6          0          0          0          0        152   heapauxi.o
         2          0          0          0          0          0   libinit.o
         6          0          0          0          0          0   libinit2.o
         2          0          0          0          0          0   libshutdown.o
         2          0          0          0          0          0   libshutdown2.o
         8          4          0          0         96         68   libspace.o
       238          0          0          0          0        100   lludivv7m.o
        24          4          0          0          0         84   noretval__2printf.o
         8          4          0          0          0         68   rt_errno_addr_intlibspace.o
        68          0          0          0          0         68   rt_memclr.o
        78          0          0          0          0         80   rt_memclr_w.o
       138          0          0          0          0         68   rt_memcpy_v6.o
       100          0          0          0          0         80   rt_memcpy_w.o
         2          0          0          0          0          0   rtexit.o
        10          0          0          0          0          0   rtexit2.o
        24          0          0          0          0         68   strcat.o
       128          0          0          0          0         68   strcmpv7m.o
        72          0          0          0          0         80   strcpy.o
        74          0          0          0          0         80   sys_stackheap_outer.o
         2          0          0          0          0         68   use_no_semi.o
         2          0          0          0          0         68   use_no_semi_2.o
       826         16          0          0          0        492   daddsub_clz.o
        24          0          0          0          0        116   dcmpi.o
        90          4          0          0          0        140   dfixu.o
        38          0          0          0          0        116   dflt_clz.o
       120          4          0          0          0        140   dleqf.o
       340         12          0          0          0        152   dmul.o
       156          4          0          0          0        140   dnaninf.o
        12          0          0          0          0        116   dretinf.o
       108          0          0          0          0        128   drleqf.o
       408         56          0          0          0        168   dsqrt_umaal.o
        86          4          0          0          0        132   f2d.o
       140          4          0          0          0        132   fnaninf.o
        10          0          0          0          0        116   fpinit.o
         0          0          0          0          0          0   usenofp.o
       122          0          0          0          0        148   sqrt.o

    ----------------------------------------------------------------------
      4526        154         40          0         96       4468   Library Totals
         6          0          0          0          0          0   (incl. Padding)

    ----------------------------------------------------------------------

      Code (inc. data)   RO Data    RW Data    ZI Data      Debug   Library Name

      2040         50         40          0         96       2232   c_w.l
      2358        104          0          0          0       2088   fz_wm.l
       122          0          0          0          0        148   m_wm.l

    ----------------------------------------------------------------------
      4526        154         40          0         96       4468   Library Totals

    ----------------------------------------------------------------------

==============================================================================


      Code (inc. data)   RO Data    RW Data    ZI Data      Debug   

     71572       3900      21948        360   33751384     888500   Grand Totals
     71572       3900      21948        132   33751384     888500   ELF Image Totals (compressed)
     71572       3900      21948        132          0          0   ROM Totals

==============================================================================

    Total RO  Size (Code + RO Data)                93520 (  91.33kB)
    Total RW  Size (RW Data + ZI Data)          33751744 (32960.69kB)
    Total ROM Size (Code + RO Data + RW Data)      93652 (  91.46kB)

==============================================================================

